Archive member included to satisfy reference by file (symbol)

c:/st/stm32cubeide_1.0.1/stm32cubeide/plugins/com.st.stm32cube.ide.mcu.externaltools.gnu-tools-for-stm32.7-2018-q2-update.win32_1.0.0.201904181610/tools/bin/../lib/gcc/arm-none-eabi/7.3.1/../../../../arm-none-eabi/lib/thumb/v7-m\libc_nano.a(lib_a-errno.o)
                              Core/Src/syscalls.o (__errno)
c:/st/stm32cubeide_1.0.1/stm32cubeide/plugins/com.st.stm32cube.ide.mcu.externaltools.gnu-tools-for-stm32.7-2018-q2-update.win32_1.0.0.201904181610/tools/bin/../lib/gcc/arm-none-eabi/7.3.1/../../../../arm-none-eabi/lib/thumb/v7-m\libc_nano.a(lib_a-exit.o)
                              c:/st/stm32cubeide_1.0.1/stm32cubeide/plugins/com.st.stm32cube.ide.mcu.externaltools.gnu-tools-for-stm32.7-2018-q2-update.win32_1.0.0.201904181610/tools/bin/../lib/gcc/arm-none-eabi/7.3.1/../../../../arm-none-eabi/lib/thumb/v7-m/crt0.o (exit)
c:/st/stm32cubeide_1.0.1/stm32cubeide/plugins/com.st.stm32cube.ide.mcu.externaltools.gnu-tools-for-stm32.7-2018-q2-update.win32_1.0.0.201904181610/tools/bin/../lib/gcc/arm-none-eabi/7.3.1/../../../../arm-none-eabi/lib/thumb/v7-m\libc_nano.a(lib_a-impure.o)
                              c:/st/stm32cubeide_1.0.1/stm32cubeide/plugins/com.st.stm32cube.ide.mcu.externaltools.gnu-tools-for-stm32.7-2018-q2-update.win32_1.0.0.201904181610/tools/bin/../lib/gcc/arm-none-eabi/7.3.1/../../../../arm-none-eabi/lib/thumb/v7-m\libc_nano.a(lib_a-exit.o) (_global_impure_ptr)
c:/st/stm32cubeide_1.0.1/stm32cubeide/plugins/com.st.stm32cube.ide.mcu.externaltools.gnu-tools-for-stm32.7-2018-q2-update.win32_1.0.0.201904181610/tools/bin/../lib/gcc/arm-none-eabi/7.3.1/../../../../arm-none-eabi/lib/thumb/v7-m\libc_nano.a(lib_a-init.o)
                              c:/st/stm32cubeide_1.0.1/stm32cubeide/plugins/com.st.stm32cube.ide.mcu.externaltools.gnu-tools-for-stm32.7-2018-q2-update.win32_1.0.0.201904181610/tools/bin/../lib/gcc/arm-none-eabi/7.3.1/../../../../arm-none-eabi/lib/thumb/v7-m/crt0.o (__libc_init_array)
c:/st/stm32cubeide_1.0.1/stm32cubeide/plugins/com.st.stm32cube.ide.mcu.externaltools.gnu-tools-for-stm32.7-2018-q2-update.win32_1.0.0.201904181610/tools/bin/../lib/gcc/arm-none-eabi/7.3.1/../../../../arm-none-eabi/lib/thumb/v7-m\libc_nano.a(lib_a-memset.o)
                              c:/st/stm32cubeide_1.0.1/stm32cubeide/plugins/com.st.stm32cube.ide.mcu.externaltools.gnu-tools-for-stm32.7-2018-q2-update.win32_1.0.0.201904181610/tools/bin/../lib/gcc/arm-none-eabi/7.3.1/../../../../arm-none-eabi/lib/thumb/v7-m/crt0.o (memset)
c:/st/stm32cubeide_1.0.1/stm32cubeide/plugins/com.st.stm32cube.ide.mcu.externaltools.gnu-tools-for-stm32.7-2018-q2-update.win32_1.0.0.201904181610/tools/bin/../lib/gcc/arm-none-eabi/7.3.1/../../../../arm-none-eabi/lib/thumb/v7-m\libc_nano.a(lib_a-sprintf.o)
                              Core/Src/main.o (sprintf)
c:/st/stm32cubeide_1.0.1/stm32cubeide/plugins/com.st.stm32cube.ide.mcu.externaltools.gnu-tools-for-stm32.7-2018-q2-update.win32_1.0.0.201904181610/tools/bin/../lib/gcc/arm-none-eabi/7.3.1/../../../../arm-none-eabi/lib/thumb/v7-m\libc_nano.a(lib_a-strcpy.o)
                              Src/menu.o (strcpy)
c:/st/stm32cubeide_1.0.1/stm32cubeide/plugins/com.st.stm32cube.ide.mcu.externaltools.gnu-tools-for-stm32.7-2018-q2-update.win32_1.0.0.201904181610/tools/bin/../lib/gcc/arm-none-eabi/7.3.1/../../../../arm-none-eabi/lib/thumb/v7-m\libc_nano.a(lib_a-nano-svfprintf.o)
                              c:/st/stm32cubeide_1.0.1/stm32cubeide/plugins/com.st.stm32cube.ide.mcu.externaltools.gnu-tools-for-stm32.7-2018-q2-update.win32_1.0.0.201904181610/tools/bin/../lib/gcc/arm-none-eabi/7.3.1/../../../../arm-none-eabi/lib/thumb/v7-m\libc_nano.a(lib_a-sprintf.o) (_svfprintf_r)
c:/st/stm32cubeide_1.0.1/stm32cubeide/plugins/com.st.stm32cube.ide.mcu.externaltools.gnu-tools-for-stm32.7-2018-q2-update.win32_1.0.0.201904181610/tools/bin/../lib/gcc/arm-none-eabi/7.3.1/../../../../arm-none-eabi/lib/thumb/v7-m\libc_nano.a(lib_a-nano-vfprintf_i.o)
                              c:/st/stm32cubeide_1.0.1/stm32cubeide/plugins/com.st.stm32cube.ide.mcu.externaltools.gnu-tools-for-stm32.7-2018-q2-update.win32_1.0.0.201904181610/tools/bin/../lib/gcc/arm-none-eabi/7.3.1/../../../../arm-none-eabi/lib/thumb/v7-m\libc_nano.a(lib_a-nano-svfprintf.o) (_printf_i)
c:/st/stm32cubeide_1.0.1/stm32cubeide/plugins/com.st.stm32cube.ide.mcu.externaltools.gnu-tools-for-stm32.7-2018-q2-update.win32_1.0.0.201904181610/tools/bin/../lib/gcc/arm-none-eabi/7.3.1/../../../../arm-none-eabi/lib/thumb/v7-m\libc_nano.a(lib_a-memchr-stub.o)
                              c:/st/stm32cubeide_1.0.1/stm32cubeide/plugins/com.st.stm32cube.ide.mcu.externaltools.gnu-tools-for-stm32.7-2018-q2-update.win32_1.0.0.201904181610/tools/bin/../lib/gcc/arm-none-eabi/7.3.1/../../../../arm-none-eabi/lib/thumb/v7-m\libc_nano.a(lib_a-nano-svfprintf.o) (memchr)
[...]
Memory Configuration

Name             Origin             Length             Attributes
RAM              0x0000000020000000 0x0000000000002000 xrw
FLASH            0x0000000008000000 0x0000000000010000 xr
*default*        0x0000000000000000 0xffffffffffffffff

Linker script and memory map

LOAD c:/st/stm32cubeide_1.0.1/stm32cubeide/plugins/com.st.stm32cube.ide.mcu.externaltools.gnu-tools-for-stm32.7-2018-q2-update.win32_1.0.0.201904181610/tools/bin/../lib/gcc/arm-none-eabi/7.3.1/thumb/v7-m/crti.o
LOAD c:/st/stm32cubeide_1.0.1/stm32cubeide/plugins/com.st.stm32cube.ide.mcu.externaltools.gnu-tools-for-stm32.7-2018-q2-update.win32_1.0.0.201904181610/tools/bin/../lib/gcc/arm-none-eabi/7.3.1/thumb/v7-m/crtbegin.o
LOAD c:/st/stm32cubeide_1.0.1/stm32cubeide/plugins/com.st.stm32cube.ide.mcu.externaltools.gnu-tools-for-stm32.7-2018-q2-update.win32_1.0.0.201904181610/tools/bin/../lib/gcc/arm-none-eabi/7.3.1/../../../../arm-none-eabi/lib/thumb/v7-m/crt0.o
LOAD Core/Src/main.o
LOAD Core/Src/stm32f1xx_hal_msp.o
LOAD Core/Src/stm32f1xx_it.o
LOAD Core/Src/syscalls.o
LOAD Core/Src/sysmem.o
LOAD Core/Src/system_stm32f1xx.o
LOAD Core/Startup/startup_stm32f100c8tx.o
LOAD Drivers/STM32F1xx_HAL_Driver/Src/stm32f1xx_hal.o
LOAD Drivers/STM32F1xx_HAL_Driver/Src/stm32f1xx_hal_adc.o
LOAD Drivers/STM32F1xx_HAL_Driver/Src/stm32f1xx_hal_adc_ex.o
LOAD Drivers/STM32F1xx_HAL_Driver/Src/stm32f1xx_hal_cortex.o
LOAD Drivers/STM32F1xx_HAL_Driver/Src/stm32f1xx_hal_dma.o
LOAD Drivers/STM32F1xx_HAL_Driver/Src/stm32f1xx_hal_exti.o
LOAD Drivers/STM32F1xx_HAL_Driver/Src/stm32f1xx_hal_flash.o
LOAD Drivers/STM32F1xx_HAL_Driver/Src/stm32f1xx_hal_flash_ex.o
LOAD Drivers/STM32F1xx_HAL_Driver/Src/stm32f1xx_hal_gpio.o
LOAD Drivers/STM32F1xx_HAL_Driver/Src/stm32f1xx_hal_gpio_ex.o
LOAD Drivers/STM32F1xx_HAL_Driver/Src/stm32f1xx_hal_i2c.o
LOAD Drivers/STM32F1xx_HAL_Driver/Src/stm32f1xx_hal_pwr.o
LOAD Drivers/STM32F1xx_HAL_Driver/Src/stm32f1xx_hal_rcc.o
LOAD Drivers/STM32F1xx_HAL_Driver/Src/stm32f1xx_hal_rcc_ex.o
LOAD Drivers/STM32F1xx_HAL_Driver/Src/stm32f1xx_hal_rtc.o
LOAD Drivers/STM32F1xx_HAL_Driver/Src/stm32f1xx_hal_rtc_ex.o
LOAD Drivers/STM32F1xx_HAL_Driver/Src/stm32f1xx_hal_tim.o
LOAD Drivers/STM32F1xx_HAL_Driver/Src/stm32f1xx_hal_tim_ex.o
LOAD Src/ADC_Ap.o
LOAD Src/OLED.o
LOAD Src/RTC_Ap.o
LOAD Src/ServoKontrol.o
LOAD Src/buttonPed.o
LOAD Src/fonts.o
LOAD Src/menu.o
LOAD Src/timerAp.o
START GROUP
LOAD c:/st/stm32cubeide_1.0.1/stm32cubeide/plugins/com.st.stm32cube.ide.mcu.externaltools.gnu-tools-for-stm32.7-2018-q2-update.win32_1.0.0.201904181610/tools/bin/../lib/gcc/arm-none-eabi/7.3.1/../../../../arm-none-eabi/lib/thumb/v7-m\libc_nano.a
LOAD c:/st/stm32cubeide_1.0.1/stm32cubeide/plugins/com.st.stm32cube.ide.mcu.externaltools.gnu-tools-for-stm32.7-2018-q2-update.win32_1.0.0.201904181610/tools/bin/../lib/gcc/arm-none-eabi/7.3.1/../../../../arm-none-eabi/lib/thumb/v7-m\libm.a
END GROUP
START GROUP
LOAD c:/st/stm32cubeide_1.0.1/stm32cubeide/plugins/com.st.stm32cube.ide.mcu.externaltools.gnu-tools-for-stm32.7-2018-q2-update.win32_1.0.0.201904181610/tools/bin/../lib/gcc/arm-none-eabi/7.3.1/thumb/v7-m\libgcc.a
LOAD c:/st/stm32cubeide_1.0.1/stm32cubeide/plugins/com.st.stm32cube.ide.mcu.externaltools.gnu-tools-for-stm32.7-2018-q2-update.win32_1.0.0.201904181610/tools/bin/../lib/gcc/arm-none-eabi/7.3.1/../../../../arm-none-eabi/lib/thumb/v7-m\libc_nano.a
END GROUP
START GROUP
LOAD c:/st/stm32cubeide_1.0.1/stm32cubeide/plugins/com.st.stm32cube.ide.mcu.externaltools.gnu-tools-for-stm32.7-2018-q2-update.win32_1.0.0.201904181610/tools/bin/../lib/gcc/arm-none-eabi/7.3.1/thumb/v7-m\libgcc.a
LOAD c:/st/stm32cubeide_1.0.1/stm32cubeide/plugins/com.st.stm32cube.ide.mcu.externaltools.gnu-tools-for-stm32.7-2018-q2-update.win32_1.0.0.201904181610/tools/bin/../lib/gcc/arm-none-eabi/7.3.1/../../../../arm-none-eabi/lib/thumb/v7-m\libc_nano.a
LOAD c:/st/stm32cubeide_1.0.1/stm32cubeide/plugins/com.st.stm32cube.ide.mcu.externaltools.gnu-tools-for-stm32.7-2018-q2-update.win32_1.0.0.201904181610/tools/bin/../lib/gcc/arm-none-eabi/7.3.1/../../../../arm-none-eabi/lib/thumb/v7-m\libnosys.a
END GROUP
START GROUP
LOAD c:/st/stm32cubeide_1.0.1/stm32cubeide/plugins/com.st.stm32cube.ide.mcu.externaltools.gnu-tools-for-stm32.7-2018-q2-update.win32_1.0.0.201904181610/tools/bin/../lib/gcc/arm-none-eabi/7.3.1/thumb/v7-m\libgcc.a
LOAD c:/st/stm32cubeide_1.0.1/stm32cubeide/plugins/com.st.stm32cube.ide.mcu.externaltools.gnu-tools-for-stm32.7-2018-q2-update.win32_1.0.0.201904181610/tools/bin/../lib/gcc/arm-none-eabi/7.3.1/../../../../arm-none-eabi/lib/thumb/v7-m\libc_nano.a
LOAD c:/st/stm32cubeide_1.0.1/stm32cubeide/plugins/com.st.stm32cube.ide.mcu.externaltools.gnu-tools-for-stm32.7-2018-q2-update.win32_1.0.0.201904181610/tools/bin/../lib/gcc/arm-none-eabi/7.3.1/../../../../arm-none-eabi/lib/thumb/v7-m\libnosys.a
END GROUP
LOAD c:/st/stm32cubeide_1.0.1/stm32cubeide/plugins/com.st.stm32cube.ide.mcu.externaltools.gnu-tools-for-stm32.7-2018-q2-update.win32_1.0.0.201904181610/tools/bin/../lib/gcc/arm-none-eabi/7.3.1/thumb/v7-m/crtend.o
LOAD c:/st/stm32cubeide_1.0.1/stm32cubeide/plugins/com.st.stm32cube.ide.mcu.externaltools.gnu-tools-for-stm32.7-2018-q2-update.win32_1.0.0.201904181610/tools/bin/../lib/gcc/arm-none-eabi/7.3.1/thumb/v7-m/crtn.o
                0x0000000020002000                _estack = (ORIGIN (RAM) + LENGTH (RAM))
                0x0000000000000200                _Min_Heap_Size = 0x200
                0x0000000000000400                _Min_Stack_Size = 0x400

.isr_vector     0x0000000008000000      0x1d0
                0x0000000008000000                . = ALIGN (0x4)
 *(.isr_vector)
 .isr_vector    0x0000000008000000      0x1d0 Core/Startup/startup_stm32f100c8tx.o
                0x0000000008000000                g_pfnVectors
                0x00000000080001d0                . = ALIGN (0x4)

.text           0x00000000080001d0     0x65f0
                0x00000000080001d0                . = ALIGN (0x4)
 *(.text)
 .text          0x00000000080001d0       0x40 c:/st/stm32cubeide_1.0.1/stm32cubeide/plugins/com.st.stm32cube.ide.mcu.externaltools.gnu-tools-for-stm32.7-2018-q2-update.win32_1.0.0.201904181610/tools/bin/../lib/gcc/arm-none-eabi/7.3.1/thumb/v7-m/crtbegin.o
 *(.text*)
 .text.main     0x0000000008000210       0x98 Core/Src/main.o
                0x0000000008000210                main
 .text.SystemClock_Config
                0x00000000080002a8       0xb6 Core/Src/main.o
                0x00000000080002a8                SystemClock_Config
 *fill*         0x000000000800035e        0x2 
 .text.MX_ADC1_Init
                0x0000000008000360       0x7c Core/Src/main.o
 .text.MX_I2C1_Init
                0x00000000080003dc       0x5c Core/Src/main.o
 .text.MX_RTC_Init
                0x0000000008000438       0x94 Core/Src/main.o
 .text.MX_TIM3_Init
                0x00000000080004cc       0xf4 Core/Src/main.o
 .text.MX_TIM15_Init
                0x00000000080005c0      0x158 Core/Src/main.o
 .text.MX_DMA_Init
                0x0000000008000718       0x3c Core/Src/main.o
 .text.MX_GPIO_Init
                0x0000000008000754       0xf0 Core/Src/main.o
 .text.Error_Handler
                0x0000000008000844        0xc Core/Src/main.o
                0x0000000008000844                Error_Handler
 .text.HAL_MspInit
                0x0000000008000850       0x64 Core/Src/stm32f1xx_hal_msp.o
                0x0000000008000850                HAL_MspInit
 .text.HAL_ADC_MspInit
                0x00000000080008b4       0xd0 Core/Src/stm32f1xx_hal_msp.o
                0x00000000080008b4                HAL_ADC_MspInit
 .text.HAL_I2C_MspInit
                0x0000000008000984       0xa0 Core/Src/stm32f1xx_hal_msp.o
                0x0000000008000984                HAL_I2C_MspInit
 .text.HAL_RTC_MspInit
                0x0000000008000a24       0x48 Core/Src/stm32f1xx_hal_msp.o
                0x0000000008000a24                HAL_RTC_MspInit
 .text.HAL_TIM_PWM_MspInit
                0x0000000008000a6c       0x3c Core/Src/stm32f1xx_hal_msp.o
                0x0000000008000a6c                HAL_TIM_PWM_MspInit
 .text.HAL_TIM_Base_MspInit
                0x0000000008000aa8       0x3c Core/Src/stm32f1xx_hal_msp.o
                0x0000000008000aa8                HAL_TIM_Base_MspInit
 .text.HAL_TIM_MspPostInit
                0x0000000008000ae4       0xec Core/Src/stm32f1xx_hal_msp.o
                0x0000000008000ae4                HAL_TIM_MspPostInit
 .text.NMI_Handler
                0x0000000008000bd0        0xc Core/Src/stm32f1xx_it.o
                0x0000000008000bd0                NMI_Handler
 .text.HardFault_Handler
                0x0000000008000bdc        0x6 Core/Src/stm32f1xx_it.o
                0x0000000008000bdc                HardFault_Handler
 .text.MemManage_Handler
                0x0000000008000be2        0x6 Core/Src/stm32f1xx_it.o
                0x0000000008000be2                MemManage_Handler
 .text.BusFault_Handler
                0x0000000008000be8        0x6 Core/Src/stm32f1xx_it.o
                0x0000000008000be8                BusFault_Handler
 .text.UsageFault_Handler
                0x0000000008000bee        0x6 Core/Src/stm32f1xx_it.o
                0x0000000008000bee                UsageFault_Handler
 .text.SVC_Handler
                0x0000000008000bf4        0xc Core/Src/stm32f1xx_it.o
                0x0000000008000bf4                SVC_Handler
 .text.DebugMon_Handler
                0x0000000008000c00        0xc Core/Src/stm32f1xx_it.o
                0x0000000008000c00                DebugMon_Handler
 .text.PendSV_Handler
                0x0000000008000c0c        0xc Core/Src/stm32f1xx_it.o
                0x0000000008000c0c                PendSV_Handler
 .text.SysTick_Handler
                0x0000000008000c18        0xc Core/Src/stm32f1xx_it.o
                0x0000000008000c18                SysTick_Handler
 .text.DMA1_Channel1_IRQHandler
                0x0000000008000c24       0x14 Core/Src/stm32f1xx_it.o
                0x0000000008000c24                DMA1_Channel1_IRQHandler
 .text._sbrk    0x0000000008000c38       0x58 Core/Src/sysmem.o
                0x0000000008000c38                _sbrk
 .text.SystemInit
                0x0000000008000c90       0x70 Core/Src/system_stm32f1xx.o
                0x0000000008000c90                SystemInit
 .text.Reset_Handler
                0x0000000008000d00       0x48 Core/Startup/startup_stm32f100c8tx.o
                0x0000000008000d00                Reset_Handler
 .text.Default_Handler
                0x0000000008000d48        0x2 Core/Startup/startup_stm32f100c8tx.o
                0x0000000008000d48                RTC_Alarm_IRQHandler
                0x0000000008000d48                EXTI2_IRQHandler
                0x0000000008000d48                TIM1_CC_IRQHandler
                0x0000000008000d48                PVD_IRQHandler
                0x0000000008000d48                EXTI3_IRQHandler
                0x0000000008000d48                EXTI0_IRQHandler
                0x0000000008000d48                TIM1_UP_TIM16_IRQHandler
                0x0000000008000d48                SPI1_IRQHandler
                0x0000000008000d48                TAMPER_IRQHandler
                0x0000000008000d48                TIM6_DAC_IRQHandler
                0x0000000008000d48                DMA1_Channel4_IRQHandler
                0x0000000008000d48                ADC1_IRQHandler
                0x0000000008000d48                USART3_IRQHandler
                0x0000000008000d48                RTC_IRQHandler
                0x0000000008000d48                DMA1_Channel7_IRQHandler
                0x0000000008000d48                TIM4_IRQHandler
                0x0000000008000d48                I2C1_EV_IRQHandler
                0x0000000008000d48                DMA1_Channel6_IRQHandler
                0x0000000008000d48                TIM3_IRQHandler
                0x0000000008000d48                RCC_IRQHandler
                0x0000000008000d48                Default_Handler
                0x0000000008000d48                CEC_IRQHandler
                0x0000000008000d48                EXTI15_10_IRQHandler
                0x0000000008000d48                TIM7_IRQHandler
                0x0000000008000d48                EXTI9_5_IRQHandler
                0x0000000008000d48                DMA1_Channel5_IRQHandler
                0x0000000008000d48                EXTI4_IRQHandler
                0x0000000008000d48                TIM1_TRG_COM_TIM17_IRQHandler
                0x0000000008000d48                DMA1_Channel3_IRQHandler
                0x0000000008000d48                WWDG_IRQHandler
                0x0000000008000d48                TIM2_IRQHandler
                0x0000000008000d48                EXTI1_IRQHandler
                0x0000000008000d48                USART2_IRQHandler
                0x0000000008000d48                DMA1_Channel2_IRQHandler
                0x0000000008000d48                FLASH_IRQHandler
                0x0000000008000d48                USART1_IRQHandler
                0x0000000008000d48                I2C1_ER_IRQHandler
                0x0000000008000d48                TIM1_BRK_TIM15_IRQHandler
 .text.HAL_Init
                0x0000000008000d4a       0x1a Drivers/STM32F1xx_HAL_Driver/Src/stm32f1xx_hal.o
                0x0000000008000d4a                HAL_Init
 .text.HAL_InitTick
                0x0000000008000d64       0x60 Drivers/STM32F1xx_HAL_Driver/Src/stm32f1xx_hal.o
                0x0000000008000d64                HAL_InitTick
 .text.HAL_IncTick
                0x0000000008000dc4       0x24 Drivers/STM32F1xx_HAL_Driver/Src/stm32f1xx_hal.o
                0x0000000008000dc4                HAL_IncTick
 .text.HAL_GetTick
                0x0000000008000de8       0x14 Drivers/STM32F1xx_HAL_Driver/Src/stm32f1xx_hal.o
                0x0000000008000de8                HAL_GetTick
 .text.HAL_ADC_Init
                0x0000000008000dfc      0x1b0 Drivers/STM32F1xx_HAL_Driver/Src/stm32f1xx_hal_adc.o
                0x0000000008000dfc                HAL_ADC_Init
 .text.HAL_ADC_Start_DMA
                0x0000000008000fac      0x134 Drivers/STM32F1xx_HAL_Driver/Src/stm32f1xx_hal_adc.o
                0x0000000008000fac                HAL_ADC_Start_DMA
 .text.HAL_ADC_Stop_DMA
                0x00000000080010e0       0x8a Drivers/STM32F1xx_HAL_Driver/Src/stm32f1xx_hal_adc.o
                0x00000000080010e0                HAL_ADC_Stop_DMA
 .text.HAL_ADC_ConvCpltCallback
                0x000000000800116a       0x12 Drivers/STM32F1xx_HAL_Driver/Src/stm32f1xx_hal_adc.o
                0x000000000800116a                HAL_ADC_ConvCpltCallback
 .text.HAL_ADC_ConvHalfCpltCallback
                0x000000000800117c       0x12 Drivers/STM32F1xx_HAL_Driver/Src/stm32f1xx_hal_adc.o
                0x000000000800117c                HAL_ADC_ConvHalfCpltCallback
 .text.HAL_ADC_ErrorCallback
                0x000000000800118e       0x12 Drivers/STM32F1xx_HAL_Driver/Src/stm32f1xx_hal_adc.o
                0x000000000800118e                HAL_ADC_ErrorCallback
 .text.HAL_ADC_ConfigChannel
                0x00000000080011a0      0x1f0 Drivers/STM32F1xx_HAL_Driver/Src/stm32f1xx_hal_adc.o
                0x00000000080011a0                HAL_ADC_ConfigChannel
 .text.ADC_Enable
                0x0000000008001390       0xa4 Drivers/STM32F1xx_HAL_Driver/Src/stm32f1xx_hal_adc.o
                0x0000000008001390                ADC_Enable
 .text.ADC_ConversionStop_Disable
                0x0000000008001434       0x74 Drivers/STM32F1xx_HAL_Driver/Src/stm32f1xx_hal_adc.o
                0x0000000008001434                ADC_ConversionStop_Disable
 .text.ADC_DMAConvCplt
                0x00000000080014a8       0x7c Drivers/STM32F1xx_HAL_Driver/Src/stm32f1xx_hal_adc.o
                0x00000000080014a8                ADC_DMAConvCplt
 .text.ADC_DMAHalfConvCplt
                0x0000000008001524       0x1c Drivers/STM32F1xx_HAL_Driver/Src/stm32f1xx_hal_adc.o
                0x0000000008001524                ADC_DMAHalfConvCplt
 .text.ADC_DMAError
                0x0000000008001540       0x34 Drivers/STM32F1xx_HAL_Driver/Src/stm32f1xx_hal_adc.o
                0x0000000008001540                ADC_DMAError
 .text.__NVIC_SetPriorityGrouping
                0x0000000008001574       0x48 Drivers/STM32F1xx_HAL_Driver/Src/stm32f1xx_hal_cortex.o
 .text.__NVIC_GetPriorityGrouping
                0x00000000080015bc       0x1c Drivers/STM32F1xx_HAL_Driver/Src/stm32f1xx_hal_cortex.o
 .text.__NVIC_EnableIRQ
                0x00000000080015d8       0x38 Drivers/STM32F1xx_HAL_Driver/Src/stm32f1xx_hal_cortex.o
 .text.__NVIC_SetPriority
                0x0000000008001610       0x54 Drivers/STM32F1xx_HAL_Driver/Src/stm32f1xx_hal_cortex.o
 .text.NVIC_EncodePriority
                0x0000000008001664       0x64 Drivers/STM32F1xx_HAL_Driver/Src/stm32f1xx_hal_cortex.o
 .text.SysTick_Config
                0x00000000080016c8       0x44 Drivers/STM32F1xx_HAL_Driver/Src/stm32f1xx_hal_cortex.o
 .text.HAL_NVIC_SetPriorityGrouping
                0x000000000800170c       0x16 Drivers/STM32F1xx_HAL_Driver/Src/stm32f1xx_hal_cortex.o
                0x000000000800170c                HAL_NVIC_SetPriorityGrouping
 .text.HAL_NVIC_SetPriority
                0x0000000008001722       0x38 Drivers/STM32F1xx_HAL_Driver/Src/stm32f1xx_hal_cortex.o
                0x0000000008001722                HAL_NVIC_SetPriority
 .text.HAL_NVIC_EnableIRQ
                0x000000000800175a       0x1c Drivers/STM32F1xx_HAL_Driver/Src/stm32f1xx_hal_cortex.o
                0x000000000800175a                HAL_NVIC_EnableIRQ
 .text.HAL_SYSTICK_Config
                0x0000000008001776       0x18 Drivers/STM32F1xx_HAL_Driver/Src/stm32f1xx_hal_cortex.o
                0x0000000008001776                HAL_SYSTICK_Config
 *fill*         0x000000000800178e        0x2 
 .text.HAL_DMA_Init
                0x0000000008001790       0xb4 Drivers/STM32F1xx_HAL_Driver/Src/stm32f1xx_hal_dma.o
                0x0000000008001790                HAL_DMA_Init
 .text.HAL_DMA_Start_IT
                0x0000000008001844       0xbe Drivers/STM32F1xx_HAL_Driver/Src/stm32f1xx_hal_dma.o
                0x0000000008001844                HAL_DMA_Start_IT
 .text.HAL_DMA_Abort
                0x0000000008001902       0x74 Drivers/STM32F1xx_HAL_Driver/Src/stm32f1xx_hal_dma.o
                0x0000000008001902                HAL_DMA_Abort
 *fill*         0x0000000008001976        0x2 
 .text.HAL_DMA_IRQHandler
                0x0000000008001978      0x20c Drivers/STM32F1xx_HAL_Driver/Src/stm32f1xx_hal_dma.o
                0x0000000008001978                HAL_DMA_IRQHandler
 .text.DMA_SetConfig
                0x0000000008001b84       0x5a Drivers/STM32F1xx_HAL_Driver/Src/stm32f1xx_hal_dma.o
 *fill*         0x0000000008001bde        0x2 
 .text.HAL_GPIO_Init
                0x0000000008001be0      0x2b4 Drivers/STM32F1xx_HAL_Driver/Src/stm32f1xx_hal_gpio.o
                0x0000000008001be0                HAL_GPIO_Init
 .text.HAL_GPIO_WritePin
                0x0000000008001e94       0x30 Drivers/STM32F1xx_HAL_Driver/Src/stm32f1xx_hal_gpio.o
                0x0000000008001e94                HAL_GPIO_WritePin
 .text.HAL_I2C_Init
                0x0000000008001ec4      0x250 Drivers/STM32F1xx_HAL_Driver/Src/stm32f1xx_hal_i2c.o
                0x0000000008001ec4                HAL_I2C_Init
 .text.HAL_I2C_Mem_Write
                0x0000000008002114      0x1f4 Drivers/STM32F1xx_HAL_Driver/Src/stm32f1xx_hal_i2c.o
                0x0000000008002114                HAL_I2C_Mem_Write
 .text.I2C_RequestMemoryWrite
                0x0000000008002308      0x114 Drivers/STM32F1xx_HAL_Driver/Src/stm32f1xx_hal_i2c.o
 .text.I2C_WaitOnFlagUntilTimeout
                0x000000000800241c       0xae Drivers/STM32F1xx_HAL_Driver/Src/stm32f1xx_hal_i2c.o
 .text.I2C_WaitOnMasterAddressFlagUntilTimeout
                0x00000000080024ca       0xfe Drivers/STM32F1xx_HAL_Driver/Src/stm32f1xx_hal_i2c.o
 .text.I2C_WaitOnTXEFlagUntilTimeout
                0x00000000080025c8       0x82 Drivers/STM32F1xx_HAL_Driver/Src/stm32f1xx_hal_i2c.o
 .text.I2C_WaitOnBTFFlagUntilTimeout
                0x000000000800264a       0x82 Drivers/STM32F1xx_HAL_Driver/Src/stm32f1xx_hal_i2c.o
 .text.I2C_IsAcknowledgeFailed
                0x00000000080026cc       0x5c Drivers/STM32F1xx_HAL_Driver/Src/stm32f1xx_hal_i2c.o
 .text.HAL_PWR_EnableBkUpAccess
                0x0000000008002728       0x18 Drivers/STM32F1xx_HAL_Driver/Src/stm32f1xx_hal_pwr.o
                0x0000000008002728                HAL_PWR_EnableBkUpAccess
 .text.HAL_RCC_OscConfig
                0x0000000008002740      0x500 Drivers/STM32F1xx_HAL_Driver/Src/stm32f1xx_hal_rcc.o
                0x0000000008002740                HAL_RCC_OscConfig
 .text.HAL_RCC_ClockConfig
                0x0000000008002c40      0x170 Drivers/STM32F1xx_HAL_Driver/Src/stm32f1xx_hal_rcc.o
                0x0000000008002c40                HAL_RCC_ClockConfig
 .text.HAL_RCC_GetSysClockFreq
                0x0000000008002db0       0xc8 Drivers/STM32F1xx_HAL_Driver/Src/stm32f1xx_hal_rcc.o
                0x0000000008002db0                HAL_RCC_GetSysClockFreq
 .text.HAL_RCC_GetHCLKFreq
                0x0000000008002e78       0x14 Drivers/STM32F1xx_HAL_Driver/Src/stm32f1xx_hal_rcc.o
                0x0000000008002e78                HAL_RCC_GetHCLKFreq
 .text.HAL_RCC_GetPCLK1Freq
                0x0000000008002e8c       0x28 Drivers/STM32F1xx_HAL_Driver/Src/stm32f1xx_hal_rcc.o
                0x0000000008002e8c                HAL_RCC_GetPCLK1Freq
 .text.HAL_RCC_GetPCLK2Freq
                0x0000000008002eb4       0x28 Drivers/STM32F1xx_HAL_Driver/Src/stm32f1xx_hal_rcc.o
                0x0000000008002eb4                HAL_RCC_GetPCLK2Freq
 .text.RCC_Delay
                0x0000000008002edc       0x3c Drivers/STM32F1xx_HAL_Driver/Src/stm32f1xx_hal_rcc.o
 .text.HAL_RCCEx_PeriphCLKConfig
                0x0000000008002f18      0x14c Drivers/STM32F1xx_HAL_Driver/Src/stm32f1xx_hal_rcc_ex.o
                0x0000000008002f18                HAL_RCCEx_PeriphCLKConfig
 .text.HAL_RCCEx_GetPeriphCLKFreq
                0x0000000008003064       0xb0 Drivers/STM32F1xx_HAL_Driver/Src/stm32f1xx_hal_rcc_ex.o
                0x0000000008003064                HAL_RCCEx_GetPeriphCLKFreq
 .text.HAL_RTC_Init
                0x0000000008003114      0x12c Drivers/STM32F1xx_HAL_Driver/Src/stm32f1xx_hal_rtc.o
                0x0000000008003114                HAL_RTC_Init
 .text.HAL_RTC_SetTime
                0x0000000008003240      0x12e Drivers/STM32F1xx_HAL_Driver/Src/stm32f1xx_hal_rtc.o
                0x0000000008003240                HAL_RTC_SetTime
 *fill*         0x000000000800336e        0x2 
 .text.HAL_RTC_GetTime
                0x0000000008003370      0x1b0 Drivers/STM32F1xx_HAL_Driver/Src/stm32f1xx_hal_rtc.o
                0x0000000008003370                HAL_RTC_GetTime
 .text.HAL_RTC_SetDate
                0x0000000008003520      0x16c Drivers/STM32F1xx_HAL_Driver/Src/stm32f1xx_hal_rtc.o
                0x0000000008003520                HAL_RTC_SetDate
 .text.HAL_RTC_GetDate
                0x000000000800368c       0xa8 Drivers/STM32F1xx_HAL_Driver/Src/stm32f1xx_hal_rtc.o
                0x000000000800368c                HAL_RTC_GetDate
 .text.HAL_RTC_SetAlarm_IT
                0x0000000008003734      0x168 Drivers/STM32F1xx_HAL_Driver/Src/stm32f1xx_hal_rtc.o
                0x0000000008003734                HAL_RTC_SetAlarm_IT
 .text.HAL_RTC_GetAlarm
                0x000000000800389c       0xec Drivers/STM32F1xx_HAL_Driver/Src/stm32f1xx_hal_rtc.o
                0x000000000800389c                HAL_RTC_GetAlarm
 .text.HAL_RTC_WaitForSynchro
                0x0000000008003988       0x5a Drivers/STM32F1xx_HAL_Driver/Src/stm32f1xx_hal_rtc.o
                0x0000000008003988                HAL_RTC_WaitForSynchro
 .text.RTC_ReadTimeCounter
                0x00000000080039e2       0x60 Drivers/STM32F1xx_HAL_Driver/Src/stm32f1xx_hal_rtc.o
 .text.RTC_WriteTimeCounter
                0x0000000008003a42       0x4e Drivers/STM32F1xx_HAL_Driver/Src/stm32f1xx_hal_rtc.o
 .text.RTC_ReadAlarmCounter
                0x0000000008003a90       0x32 Drivers/STM32F1xx_HAL_Driver/Src/stm32f1xx_hal_rtc.o
 .text.RTC_WriteAlarmCounter
                0x0000000008003ac2       0x4e Drivers/STM32F1xx_HAL_Driver/Src/stm32f1xx_hal_rtc.o
 .text.RTC_EnterInitMode
                0x0000000008003b10       0x50 Drivers/STM32F1xx_HAL_Driver/Src/stm32f1xx_hal_rtc.o
 .text.RTC_ExitInitMode
                0x0000000008003b60       0x50 Drivers/STM32F1xx_HAL_Driver/Src/stm32f1xx_hal_rtc.o
 .text.RTC_ByteToBcd2
                0x0000000008003bb0       0x3a Drivers/STM32F1xx_HAL_Driver/Src/stm32f1xx_hal_rtc.o
 .text.RTC_Bcd2ToByte
                0x0000000008003bea       0x3a Drivers/STM32F1xx_HAL_Driver/Src/stm32f1xx_hal_rtc.o
 .text.RTC_DateUpdate
                0x0000000008003c24      0x152 Drivers/STM32F1xx_HAL_Driver/Src/stm32f1xx_hal_rtc.o
 *fill*         0x0000000008003d76        0x2 
 .text.RTC_IsLeapYear
                0x0000000008003d78       0x64 Drivers/STM32F1xx_HAL_Driver/Src/stm32f1xx_hal_rtc.o
 .text.RTC_WeekDayNum
                0x0000000008003ddc       0xf0 Drivers/STM32F1xx_HAL_Driver/Src/stm32f1xx_hal_rtc.o
 .text.HAL_TIM_Base_Init
                0x0000000008003ecc       0x56 Drivers/STM32F1xx_HAL_Driver/Src/stm32f1xx_hal_tim.o
                0x0000000008003ecc                HAL_TIM_Base_Init
 .text.HAL_TIM_PWM_Init
                0x0000000008003f22       0x56 Drivers/STM32F1xx_HAL_Driver/Src/stm32f1xx_hal_tim.o
                0x0000000008003f22                HAL_TIM_PWM_Init
 .text.HAL_TIM_PWM_Start
                0x0000000008003f78       0x98 Drivers/STM32F1xx_HAL_Driver/Src/stm32f1xx_hal_tim.o
                0x0000000008003f78                HAL_TIM_PWM_Start
 .text.HAL_TIM_PWM_ConfigChannel
                0x0000000008004010      0x18c Drivers/STM32F1xx_HAL_Driver/Src/stm32f1xx_hal_tim.o
                0x0000000008004010                HAL_TIM_PWM_ConfigChannel
 .text.HAL_TIM_ConfigClockSource
                0x000000000800419c      0x16e Drivers/STM32F1xx_HAL_Driver/Src/stm32f1xx_hal_tim.o
                0x000000000800419c                HAL_TIM_ConfigClockSource
 *fill*         0x000000000800430a        0x2 
 .text.TIM_Base_SetConfig
                0x000000000800430c      0x100 Drivers/STM32F1xx_HAL_Driver/Src/stm32f1xx_hal_tim.o
                0x000000000800430c                TIM_Base_SetConfig
 .text.TIM_OC1_SetConfig
                0x000000000800440c      0x108 Drivers/STM32F1xx_HAL_Driver/Src/stm32f1xx_hal_tim.o
 .text.TIM_OC2_SetConfig
                0x0000000008004514       0xf8 Drivers/STM32F1xx_HAL_Driver/Src/stm32f1xx_hal_tim.o
                0x0000000008004514                TIM_OC2_SetConfig
 .text.TIM_OC3_SetConfig
                0x000000000800460c       0xf8 Drivers/STM32F1xx_HAL_Driver/Src/stm32f1xx_hal_tim.o
 .text.TIM_OC4_SetConfig
                0x0000000008004704       0xc0 Drivers/STM32F1xx_HAL_Driver/Src/stm32f1xx_hal_tim.o
 .text.TIM_TI1_ConfigInputStage
                0x00000000080047c4       0x5c Drivers/STM32F1xx_HAL_Driver/Src/stm32f1xx_hal_tim.o
 .text.TIM_TI2_ConfigInputStage
                0x0000000008004820       0x5e Drivers/STM32F1xx_HAL_Driver/Src/stm32f1xx_hal_tim.o
 .text.TIM_ITRx_SetConfig
                0x000000000800487e       0x34 Drivers/STM32F1xx_HAL_Driver/Src/stm32f1xx_hal_tim.o
 .text.TIM_ETR_SetConfig
                0x00000000080048b2       0x3e Drivers/STM32F1xx_HAL_Driver/Src/stm32f1xx_hal_tim.o
                0x00000000080048b2                TIM_ETR_SetConfig
 .text.TIM_CCxChannelCmd
                0x00000000080048f0       0x48 Drivers/STM32F1xx_HAL_Driver/Src/stm32f1xx_hal_tim.o
                0x00000000080048f0                TIM_CCxChannelCmd
 .text.HAL_TIMEx_MasterConfigSynchronization
                0x0000000008004938       0x88 Drivers/STM32F1xx_HAL_Driver/Src/stm32f1xx_hal_tim_ex.o
                0x0000000008004938                HAL_TIMEx_MasterConfigSynchronization
 .text.HAL_TIMEx_ConfigBreakDeadTime
                0x00000000080049c0       0xa2 Drivers/STM32F1xx_HAL_Driver/Src/stm32f1xx_hal_tim_ex.o
                0x00000000080049c0                HAL_TIMEx_ConfigBreakDeadTime
 *fill*         0x0000000008004a62        0x2 
 .text.ADC_DMA_degerOkuma
                0x0000000008004a64       0x28 Src/ADC_Ap.o
                0x0000000008004a64                ADC_DMA_degerOkuma
 .text.pilGoster
                0x0000000008004a8c       0x38 Src/ADC_Ap.o
                0x0000000008004a8c                pilGoster
 .text.OLED_WriteCommand
                0x0000000008004ac4       0x30 Src/OLED.o
 .text.OLED_Init
                0x0000000008004af4       0xd4 Src/OLED.o
                0x0000000008004af4                OLED_Init
 .text.OLED_Fill
                0x0000000008004bc8       0x30 Src/OLED.o
                0x0000000008004bc8                OLED_Fill
 .text.OLED_DrawLine
                0x0000000008004bf8      0x202 Src/OLED.o
                0x0000000008004bf8                OLED_DrawLine
 *fill*         0x0000000008004dfa        0x2 
 .text.OLED_UpdateScreen
                0x0000000008004dfc       0x60 Src/OLED.o
                0x0000000008004dfc                OLED_UpdateScreen
 .text.OLED_DrawPixel
                0x0000000008004e5c       0xc0 Src/OLED.o
                0x0000000008004e5c                OLED_DrawPixel
 .text.OLED_WriteChar
                0x0000000008004f1c      0x100 Src/OLED.o
                0x0000000008004f1c                OLED_WriteChar
 .text.OLED_WriteString
                0x000000000800501c       0x4c Src/OLED.o
                0x000000000800501c                OLED_WriteString
 .text.OLED_SetCursor
                0x0000000008005068       0x30 Src/OLED.o
                0x0000000008005068                OLED_SetCursor
 .text.saatAyarla
                0x0000000008005098       0x4c Src/RTC_Ap.o
                0x0000000008005098                saatAyarla
 .text.alarmAyarla
                0x00000000080050e4       0x50 Src/RTC_Ap.o
                0x00000000080050e4                alarmAyarla
 .text.takvimAyarla
                0x0000000008005134       0x54 Src/RTC_Ap.o
                0x0000000008005134                takvimAyarla
 .text.saatiAyarlama
                0x0000000008005188       0x28 Src/RTC_Ap.o
                0x0000000008005188                saatiAyarlama
 .text.saat_alarm_Ayarlama
                0x00000000080051b0      0x27c Src/RTC_Ap.o
                0x00000000080051b0                saat_alarm_Ayarlama
 .text.alarmAyarlama
                0x000000000800542c       0x28 Src/RTC_Ap.o
                0x000000000800542c                alarmAyarlama
 .text.takvimiAyarlama
                0x0000000008005454      0x3e4 Src/RTC_Ap.o
                0x0000000008005454                takvimiAyarlama
 .text.displaySelect
                0x0000000008005838      0x110 Src/RTC_Ap.o
                0x0000000008005838                displaySelect
 .text.kayitSorma
                0x0000000008005948       0x6c Src/RTC_Ap.o
                0x0000000008005948                kayitSorma
 .text.alarmRead
                0x00000000080059b4       0x24 Src/RTC_Ap.o
                0x00000000080059b4                alarmRead
 .text.alarmDurdur
                0x00000000080059d8       0x1c Src/RTC_Ap.o
                0x00000000080059d8                alarmDurdur
 .text.alarmDeneme
                0x00000000080059f4       0x28 Src/RTC_Ap.o
                0x00000000080059f4                alarmDeneme
 .text.alarmGoster
                0x0000000008005a1c       0x54 Src/RTC_Ap.o
                0x0000000008005a1c                alarmGoster
 .text.takvimGoster
                0x0000000008005a70       0xe4 Src/RTC_Ap.o
                0x0000000008005a70                takvimGoster
 .text.servoKontrol
                0x0000000008005b54       0xc4 Src/ServoKontrol.o
                0x0000000008005b54                servoKontrol
 .text.button_Read
                0x0000000008005c18       0x64 Src/buttonPed.o
                0x0000000008005c18                button_Read
 .text.Next     0x0000000008005c7c       0x26 Src/menu.o
                0x0000000008005c7c                Next
 .text.Prev     0x0000000008005ca2       0x26 Src/menu.o
                0x0000000008005ca2                Prev
 .text.Up       0x0000000008005cc8       0x26 Src/menu.o
                0x0000000008005cc8                Up
 .text.Down     0x0000000008005cee       0x38 Src/menu.o
                0x0000000008005cee                Down
 *fill*         0x0000000008005d26        0x2 
 .text.ekranMenu
                0x0000000008005d28      0x124 Src/menu.o
                0x0000000008005d28                ekranMenu
 .text.menuSistemi
                0x0000000008005e4c       0xc4 Src/menu.o
                0x0000000008005e4c                menuSistemi
 .text.__errno  0x0000000008005f10        0xc c:/st/stm32cubeide_1.0.1/stm32cubeide/plugins/com.st.stm32cube.ide.mcu.externaltools.gnu-tools-for-stm32.7-2018-q2-update.win32_1.0.0.201904181610/tools/bin/../lib/gcc/arm-none-eabi/7.3.1/../../../../arm-none-eabi/lib/thumb/v7-m\libc_nano.a(lib_a-errno.o)
                0x0000000008005f10                __errno
 .text.__libc_init_array
                0x0000000008005f1c       0x48 c:/st/stm32cubeide_1.0.1/stm32cubeide/plugins/com.st.stm32cube.ide.mcu.externaltools.gnu-tools-for-stm32.7-2018-q2-update.win32_1.0.0.201904181610/tools/bin/../lib/gcc/arm-none-eabi/7.3.1/../../../../arm-none-eabi/lib/thumb/v7-m\libc_nano.a(lib_a-init.o)
                0x0000000008005f1c                __libc_init_array
 .text.memset   0x0000000008005f64       0x10 c:/st/stm32cubeide_1.0.1/stm32cubeide/plugins/com.st.stm32cube.ide.mcu.externaltools.gnu-tools-for-stm32.7-2018-q2-update.win32_1.0.0.201904181610/tools/bin/../lib/gcc/arm-none-eabi/7.3.1/../../../../arm-none-eabi/lib/thumb/v7-m\libc_nano.a(lib_a-memset.o)
                0x0000000008005f64                memset
 .text.sprintf  0x0000000008005f74       0x40 c:/st/stm32cubeide_1.0.1/stm32cubeide/plugins/com.st.stm32cube.ide.mcu.externaltools.gnu-tools-for-stm32.7-2018-q2-update.win32_1.0.0.201904181610/tools/bin/../lib/gcc/arm-none-eabi/7.3.1/../../../../arm-none-eabi/lib/thumb/v7-m\libc_nano.a(lib_a-sprintf.o)
                0x0000000008005f74                siprintf
                0x0000000008005f74                sprintf
 .text.strcpy   0x0000000008005fb4       0x10 c:/st/stm32cubeide_1.0.1/stm32cubeide/plugins/com.st.stm32cube.ide.mcu.externaltools.gnu-tools-for-stm32.7-2018-q2-update.win32_1.0.0.201904181610/tools/bin/../lib/gcc/arm-none-eabi/7.3.1/../../../../arm-none-eabi/lib/thumb/v7-m\libc_nano.a(lib_a-strcpy.o)
                0x0000000008005fb4                strcpy
 .text.__ssputs_r
                0x0000000008005fc4       0xb4 c:/st/stm32cubeide_1.0.1/stm32cubeide/plugins/com.st.stm32cube.ide.mcu.externaltools.gnu-tools-for-stm32.7-2018-q2-update.win32_1.0.0.201904181610/tools/bin/../lib/gcc/arm-none-eabi/7.3.1/../../../../arm-none-eabi/lib/thumb/v7-m\libc_nano.a(lib_a-nano-svfprintf.o)
                0x0000000008005fc4                __ssputs_r
 .text._svfprintf_r
                0x0000000008006078      0x1f0 c:/st/stm32cubeide_1.0.1/stm32cubeide/plugins/com.st.stm32cube.ide.mcu.externaltools.gnu-tools-for-stm32.7-2018-q2-update.win32_1.0.0.201904181610/tools/bin/../lib/gcc/arm-none-eabi/7.3.1/../../../../arm-none-eabi/lib/thumb/v7-m\libc_nano.a(lib_a-nano-svfprintf.o)
                0x0000000008006078                _svfiprintf_r
                0x0000000008006078                _svfprintf_r
 .text._printf_common
                0x0000000008006268       0xec c:/st/stm32cubeide_1.0.1/stm32cubeide/plugins/com.st.stm32cube.ide.mcu.externaltools.gnu-tools-for-stm32.7-2018-q2-update.win32_1.0.0.201904181610/tools/bin/../lib/gcc/arm-none-eabi/7.3.1/../../../../arm-none-eabi/lib/thumb/v7-m\libc_nano.a(lib_a-nano-vfprintf_i.o)
                0x0000000008006268                _printf_common
 .text._printf_i
                0x0000000008006354      0x224 c:/st/stm32cubeide_1.0.1/stm32cubeide/plugins/com.st.stm32cube.ide.mcu.externaltools.gnu-tools-for-stm32.7-2018-q2-update.win32_1.0.0.201904181610/tools/bin/../lib/gcc/arm-none-eabi/7.3.1/../../../../arm-none-eabi/lib/thumb/v7-m\libc_nano.a(lib_a-nano-vfprintf_i.o)
                0x0000000008006354                _printf_i
 .text.memchr   0x0000000008006578       0x1c c:/st/stm32cubeide_1.0.1/stm32cubeide/plugins/com.st.stm32cube.ide.mcu.externaltools.gnu-tools-for-stm32.7-2018-q2-update.win32_1.0.0.201904181610/tools/bin/../lib/gcc/arm-none-eabi/7.3.1/../../../../arm-none-eabi/lib/thumb/v7-m\libc_nano.a(lib_a-memchr-stub.o)
                0x0000000008006578                memchr
 .text.memcpy   0x0000000008006594       0x16 c:/st/stm32cubeide_1.0.1/stm32cubeide/plugins/com.st.stm32cube.ide.mcu.externaltools.gnu-tools-for-stm32.7-2018-q2-update.win32_1.0.0.201904181610/tools/bin/../lib/gcc/arm-none-eabi/7.3.1/../../../../arm-none-eabi/lib/thumb/v7-m\libc_nano.a(lib_a-memcpy-stub.o)
                0x0000000008006594                memcpy
 .text.memmove  0x00000000080065aa       0x32 c:/st/stm32cubeide_1.0.1/stm32cubeide/plugins/com.st.stm32cube.ide.mcu.externaltools.gnu-tools-for-stm32.7-2018-q2-update.win32_1.0.0.201904181610/tools/bin/../lib/gcc/arm-none-eabi/7.3.1/../../../../arm-none-eabi/lib/thumb/v7-m\libc_nano.a(lib_a-memmove.o)
                0x00000000080065aa                memmove
 .text._free_r  0x00000000080065dc       0x98 c:/st/stm32cubeide_1.0.1/stm32cubeide/plugins/com.st.stm32cube.ide.mcu.externaltools.gnu-tools-for-stm32.7-2018-q2-update.win32_1.0.0.201904181610/tools/bin/../lib/gcc/arm-none-eabi/7.3.1/../../../../arm-none-eabi/lib/thumb/v7-m\libc_nano.a(lib_a-nano-freer.o)
                0x00000000080065dc                _free_r
 .text._malloc_r
                0x0000000008006674       0xb4 c:/st/stm32cubeide_1.0.1/stm32cubeide/plugins/com.st.stm32cube.ide.mcu.externaltools.gnu-tools-for-stm32.7-2018-q2-update.win32_1.0.0.201904181610/tools/bin/../lib/gcc/arm-none-eabi/7.3.1/../../../../arm-none-eabi/lib/thumb/v7-m\libc_nano.a(lib_a-nano-mallocr.o)
                0x0000000008006674                _malloc_r
 .text._realloc_r
                0x0000000008006728       0x4c c:/st/stm32cubeide_1.0.1/stm32cubeide/plugins/com.st.stm32cube.ide.mcu.externaltools.gnu-tools-for-stm32.7-2018-q2-update.win32_1.0.0.201904181610/tools/bin/../lib/gcc/arm-none-eabi/7.3.1/../../../../arm-none-eabi/lib/thumb/v7-m\libc_nano.a(lib_a-nano-reallocr.o)
                0x0000000008006728                _realloc_r
 .text._sbrk_r  0x0000000008006774       0x20 c:/st/stm32cubeide_1.0.1/stm32cubeide/plugins/com.st.stm32cube.ide.mcu.externaltools.gnu-tools-for-stm32.7-2018-q2-update.win32_1.0.0.201904181610/tools/bin/../lib/gcc/arm-none-eabi/7.3.1/../../../../arm-none-eabi/lib/thumb/v7-m\libc_nano.a(lib_a-sbrkr.o)
                0x0000000008006774                _sbrk_r
 .text.__malloc_lock
                0x0000000008006794        0x2 c:/st/stm32cubeide_1.0.1/stm32cubeide/plugins/com.st.stm32cube.ide.mcu.externaltools.gnu-tools-for-stm32.7-2018-q2-update.win32_1.0.0.201904181610/tools/bin/../lib/gcc/arm-none-eabi/7.3.1/../../../../arm-none-eabi/lib/thumb/v7-m\libc_nano.a(lib_a-mlock.o)
                0x0000000008006794                __malloc_lock
 .text.__malloc_unlock
                0x0000000008006796        0x2 c:/st/stm32cubeide_1.0.1/stm32cubeide/plugins/com.st.stm32cube.ide.mcu.externaltools.gnu-tools-for-stm32.7-2018-q2-update.win32_1.0.0.201904181610/tools/bin/../lib/gcc/arm-none-eabi/7.3.1/../../../../arm-none-eabi/lib/thumb/v7-m\libc_nano.a(lib_a-mlock.o)
                0x0000000008006796                __malloc_unlock
 .text._malloc_usable_size_r
                0x0000000008006798       0x10 c:/st/stm32cubeide_1.0.1/stm32cubeide/plugins/com.st.stm32cube.ide.mcu.externaltools.gnu-tools-for-stm32.7-2018-q2-update.win32_1.0.0.201904181610/tools/bin/../lib/gcc/arm-none-eabi/7.3.1/../../../../arm-none-eabi/lib/thumb/v7-m\libc_nano.a(lib_a-nano-msizer.o)
                0x0000000008006798                _malloc_usable_size_r
 *(.glue_7)
 .glue_7        0x00000000080067a8        0x0 linker stubs
 *(.glue_7t)
 .glue_7t       0x00000000080067a8        0x0 linker stubs
 *(.eh_frame)
 .eh_frame      0x00000000080067a8        0x0 c:/st/stm32cubeide_1.0.1/stm32cubeide/plugins/com.st.stm32cube.ide.mcu.externaltools.gnu-tools-for-stm32.7-2018-q2-update.win32_1.0.0.201904181610/tools/bin/../lib/gcc/arm-none-eabi/7.3.1/thumb/v7-m/crtbegin.o
 *(.init)
 .init          0x00000000080067a8        0x4 c:/st/stm32cubeide_1.0.1/stm32cubeide/plugins/com.st.stm32cube.ide.mcu.externaltools.gnu-tools-for-stm32.7-2018-q2-update.win32_1.0.0.201904181610/tools/bin/../lib/gcc/arm-none-eabi/7.3.1/thumb/v7-m/crti.o
                0x00000000080067a8                _init
 .init          0x00000000080067ac        0x8 c:/st/stm32cubeide_1.0.1/stm32cubeide/plugins/com.st.stm32cube.ide.mcu.externaltools.gnu-tools-for-stm32.7-2018-q2-update.win32_1.0.0.201904181610/tools/bin/../lib/gcc/arm-none-eabi/7.3.1/thumb/v7-m/crtn.o
 *(.fini)
 .fini          0x00000000080067b4        0x4 c:/st/stm32cubeide_1.0.1/stm32cubeide/plugins/com.st.stm32cube.ide.mcu.externaltools.gnu-tools-for-stm32.7-2018-q2-update.win32_1.0.0.201904181610/tools/bin/../lib/gcc/arm-none-eabi/7.3.1/thumb/v7-m/crti.o
                0x00000000080067b4                _fini
 .fini          0x00000000080067b8        0x8 c:/st/stm32cubeide_1.0.1/stm32cubeide/plugins/com.st.stm32cube.ide.mcu.externaltools.gnu-tools-for-stm32.7-2018-q2-update.win32_1.0.0.201904181610/tools/bin/../lib/gcc/arm-none-eabi/7.3.1/thumb/v7-m/crtn.o
                0x00000000080067c0                . = ALIGN (0x4)
                0x00000000080067c0                _etext = .

.vfp11_veneer   0x00000000080067c0        0x0
 .vfp11_veneer  0x00000000080067c0        0x0 linker stubs

.v4_bx          0x00000000080067c0        0x0
 .v4_bx         0x00000000080067c0        0x0 linker stubs

.iplt           0x00000000080067c0        0x0
 .iplt          0x00000000080067c0        0x0 c:/st/stm32cubeide_1.0.1/stm32cubeide/plugins/com.st.stm32cube.ide.mcu.externaltools.gnu-tools-for-stm32.7-2018-q2-update.win32_1.0.0.201904181610/tools/bin/../lib/gcc/arm-none-eabi/7.3.1/thumb/v7-m/crtbegin.o

.rodata         0x00000000080067c0      0xd84
                0x00000000080067c0                . = ALIGN (0x4)
 *(.rodata)
 .rodata        0x00000000080067c0        0x4 Core/Src/main.o
 .rodata        0x00000000080067c4       0x20 Drivers/STM32F1xx_HAL_Driver/Src/stm32f1xx_hal_rcc.o
 .rodata        0x00000000080067e4       0xd6 Src/RTC_Ap.o
 *fill*         0x00000000080068ba        0x2 
 .rodata        0x00000000080068bc       0x4d Src/ServoKontrol.o
 *(.rodata*)
 *fill*         0x0000000008006909        0x3 
 .rodata.AHBPrescTable
                0x000000000800690c       0x10 Core/Src/system_stm32f1xx.o
                0x000000000800690c                AHBPrescTable
 .rodata.APBPrescTable
                0x000000000800691c        0x8 Core/Src/system_stm32f1xx.o
                0x000000000800691c                APBPrescTable
 .rodata.Font7x10
                0x0000000008006924      0x76c Src/fonts.o
 .rodata.Font11x18
                0x0000000008007090      0x3cc Src/fonts.o
 .rodata.Font16x6
                0x000000000800745c       0xb4 Src/fonts.o
 .rodata._svfprintf_r.str1.1
                0x0000000008007510       0x11 c:/st/stm32cubeide_1.0.1/stm32cubeide/plugins/com.st.stm32cube.ide.mcu.externaltools.gnu-tools-for-stm32.7-2018-q2-update.win32_1.0.0.201904181610/tools/bin/../lib/gcc/arm-none-eabi/7.3.1/../../../../arm-none-eabi/lib/thumb/v7-m\libc_nano.a(lib_a-nano-svfprintf.o)
 .rodata._printf_i.str1.1
                0x0000000008007521       0x22 c:/st/stm32cubeide_1.0.1/stm32cubeide/plugins/com.st.stm32cube.ide.mcu.externaltools.gnu-tools-for-stm32.7-2018-q2-update.win32_1.0.0.201904181610/tools/bin/../lib/gcc/arm-none-eabi/7.3.1/../../../../arm-none-eabi/lib/thumb/v7-m\libc_nano.a(lib_a-nano-vfprintf_i.o)
                0x0000000008007544                . = ALIGN (0x4)
 *fill*         0x0000000008007543        0x1 

.rel.dyn        0x0000000008007544        0x0
 .rel.iplt      0x0000000008007544        0x0 c:/st/stm32cubeide_1.0.1/stm32cubeide/plugins/com.st.stm32cube.ide.mcu.externaltools.gnu-tools-for-stm32.7-2018-q2-update.win32_1.0.0.201904181610/tools/bin/../lib/gcc/arm-none-eabi/7.3.1/thumb/v7-m/crtbegin.o

.ARM.extab      0x0000000008007544        0x0
                0x0000000008007544                . = ALIGN (0x4)
 *(.ARM.extab* .gnu.linkonce.armextab.*)
                0x0000000008007544                . = ALIGN (0x4)

.ARM            0x0000000008007544        0x0
                0x0000000008007544                . = ALIGN (0x4)
                0x0000000008007544                __exidx_start = .
 *(.ARM.exidx*)
                0x0000000008007544                __exidx_end = .
                0x0000000008007544                . = ALIGN (0x4)

.preinit_array  0x0000000008007544        0x0
                0x0000000008007544                . = ALIGN (0x4)
                0x0000000008007544                PROVIDE (__preinit_array_start = .)
 *(.preinit_array*)
                0x0000000008007544                PROVIDE (__preinit_array_end = .)
                0x0000000008007544                . = ALIGN (0x4)

.init_array     0x0000000008007544        0x4
                0x0000000008007544                . = ALIGN (0x4)
                0x0000000008007544                PROVIDE (__init_array_start = .)
 *(SORT_BY_NAME(.init_array.*))
 *(.init_array*)
 .init_array    0x0000000008007544        0x4 c:/st/stm32cubeide_1.0.1/stm32cubeide/plugins/com.st.stm32cube.ide.mcu.externaltools.gnu-tools-for-stm32.7-2018-q2-update.win32_1.0.0.201904181610/tools/bin/../lib/gcc/arm-none-eabi/7.3.1/thumb/v7-m/crtbegin.o
                0x0000000008007548                PROVIDE (__init_array_end = .)
                0x0000000008007548                . = ALIGN (0x4)

.fini_array     0x0000000008007548        0x4
                0x0000000008007548                . = ALIGN (0x4)
                [!provide]                        PROVIDE (__fini_array_start = .)
 *(SORT_BY_NAME(.fini_array.*))
 *(.fini_array*)
 .fini_array    0x0000000008007548        0x4 c:/st/stm32cubeide_1.0.1/stm32cubeide/plugins/com.st.stm32cube.ide.mcu.externaltools.gnu-tools-for-stm32.7-2018-q2-update.win32_1.0.0.201904181610/tools/bin/../lib/gcc/arm-none-eabi/7.3.1/thumb/v7-m/crtbegin.o
                [!provide]                        PROVIDE (__fini_array_end = .)
                0x000000000800754c                . = ALIGN (0x4)
                0x000000000800754c                _sidata = LOADADDR (.data)

.data           0x0000000020000000       0x88 load address 0x000000000800754c
                0x0000000020000000                . = ALIGN (0x4)
                0x0000000020000000                _sdata = .
 *(.data)
 *(.data*)
 .data.SystemCoreClock
                0x0000000020000000        0x4 Core/Src/system_stm32f1xx.o
                0x0000000020000000                SystemCoreClock
 .data.uwTickPrio
                0x0000000020000004        0x4 Drivers/STM32F1xx_HAL_Driver/Src/stm32f1xx_hal.o
                0x0000000020000004                uwTickPrio
 .data.uwTickFreq
                0x0000000020000008        0x1 Drivers/STM32F1xx_HAL_Driver/Src/stm32f1xx_hal.o
                0x0000000020000008                uwTickFreq
 *fill*         0x0000000020000009        0x3 
 .data.Font_7x10
                0x000000002000000c        0x8 Src/fonts.o
                0x000000002000000c                Font_7x10
 .data.Font_11x18
                0x0000000020000014        0x8 Src/fonts.o
                0x0000000020000014                Font_11x18
 .data.Font_16x6
                0x000000002000001c        0x8 Src/fonts.o
                0x000000002000001c                Font_16x6
 .data._impure_ptr
                0x0000000020000024        0x4 c:/st/stm32cubeide_1.0.1/stm32cubeide/plugins/com.st.stm32cube.ide.mcu.externaltools.gnu-tools-for-stm32.7-2018-q2-update.win32_1.0.0.201904181610/tools/bin/../lib/gcc/arm-none-eabi/7.3.1/../../../../arm-none-eabi/lib/thumb/v7-m\libc_nano.a(lib_a-impure.o)
                0x0000000020000024                _impure_ptr
 .data.impure_data
                0x0000000020000028       0x60 c:/st/stm32cubeide_1.0.1/stm32cubeide/plugins/com.st.stm32cube.ide.mcu.externaltools.gnu-tools-for-stm32.7-2018-q2-update.win32_1.0.0.201904181610/tools/bin/../lib/gcc/arm-none-eabi/7.3.1/../../../../arm-none-eabi/lib/thumb/v7-m\libc_nano.a(lib_a-impure.o)
                0x0000000020000088                . = ALIGN (0x4)
                0x0000000020000088                _edata = .

.igot.plt       0x0000000020000088        0x0 load address 0x00000000080075d4
 .igot.plt      0x0000000020000088        0x0 c:/st/stm32cubeide_1.0.1/stm32cubeide/plugins/com.st.stm32cube.ide.mcu.externaltools.gnu-tools-for-stm32.7-2018-q2-update.win32_1.0.0.201904181610/tools/bin/../lib/gcc/arm-none-eabi/7.3.1/thumb/v7-m/crtbegin.o
                0x0000000020000088                . = ALIGN (0x4)

.bss            0x0000000020000088      0x874 load address 0x00000000080075d4
                0x0000000020000088                _sbss = .
                0x0000000020000088                __bss_start__ = _sbss
 *(.bss)
 .bss           0x0000000020000088       0x1c c:/st/stm32cubeide_1.0.1/stm32cubeide/plugins/com.st.stm32cube.ide.mcu.externaltools.gnu-tools-for-stm32.7-2018-q2-update.win32_1.0.0.201904181610/tools/bin/../lib/gcc/arm-none-eabi/7.3.1/thumb/v7-m/crtbegin.o
 *(.bss*)
 .bss.heap_end.5149
                0x00000000200000a4        0x4 Core/Src/sysmem.o
 .bss.OLED      0x00000000200000a8        0x6 Src/OLED.o
 *fill*         0x00000000200000ae        0x2 
 .bss.OLED_Buffer
                0x00000000200000b0      0x400 Src/OLED.o
 .bss.__malloc_free_list
                0x00000000200004b0        0x4 c:/st/stm32cubeide_1.0.1/stm32cubeide/plugins/com.st.stm32cube.ide.mcu.externaltools.gnu-tools-for-stm32.7-2018-q2-update.win32_1.0.0.201904181610/tools/bin/../lib/gcc/arm-none-eabi/7.3.1/../../../../arm-none-eabi/lib/thumb/v7-m\libc_nano.a(lib_a-nano-mallocr.o)
                0x00000000200004b0                __malloc_free_list
 .bss.__malloc_sbrk_start
                0x00000000200004b4        0x4 c:/st/stm32cubeide_1.0.1/stm32cubeide/plugins/com.st.stm32cube.ide.mcu.externaltools.gnu-tools-for-stm32.7-2018-q2-update.win32_1.0.0.201904181610/tools/bin/../lib/gcc/arm-none-eabi/7.3.1/../../../../arm-none-eabi/lib/thumb/v7-m\libc_nano.a(lib_a-nano-mallocr.o)
                0x00000000200004b4                __malloc_sbrk_start
 *(COMMON)
 COMMON         0x00000000200004b8      0x43c Core/Src/main.o
                0x00000000200004b8                menu12M
                0x00000000200004d4                on1M
                0x00000000200004f0                ledlerMenu
                0x0000000020000524                menu13M
                0x0000000020000540                hi2c1
                0x0000000020000594                htim15
                0x00000000200005d4                off3M
                0x00000000200005f0                exitM
                0x000000002000060c                saatM
                0x0000000020000628                menu1Menu
                0x000000002000065c                currentM
                0x0000000020000660                menu11M
                0x000000002000067c                ayarlarM
                0x0000000020000698                on3M
                0x00000000200006b4                takvimAryNo
                0x00000000200006b5                durumFlash
                0x00000000200006b8                htim3
                0x00000000200006f8                durum
                0x00000000200006fc                hadc1
                0x000000002000072c                deger
                0x0000000020000734                off2M
                0x0000000020000750                takvimM
                0x000000002000076c                led1M
                0x0000000020000788                ayarlarMenu
                0x00000000200007bc                led3M
                0x00000000200007d8                hdma_adc1
                0x000000002000081c                SaatAry
                0x0000000020000820                hrtc
                0x0000000020000834                off1M
                0x0000000020000850                alarmM
                0x000000002000086c                takvimAry
                0x0000000020000870                ayarlaPtr
                0x0000000020000874                menu1M
                0x0000000020000890                ledlerM
                0x00000000200008ac                displayClean
                0x00000000200008b0                led2M
                0x00000000200008cc                kayitOnayDurum
                0x00000000200008cd                Key
                0x00000000200008ce                displaySelectKey
                0x00000000200008d0                menuPtr
                0x00000000200008d4                SaatAryNo
                0x00000000200008d6                servoDeger
                0x00000000200008d8                on2M
 COMMON         0x00000000200008f4        0x4 Drivers/STM32F1xx_HAL_Driver/Src/stm32f1xx_hal.o
                0x00000000200008f4                uwTick
 COMMON         0x00000000200008f8        0x4 c:/st/stm32cubeide_1.0.1/stm32cubeide/plugins/com.st.stm32cube.ide.mcu.externaltools.gnu-tools-for-stm32.7-2018-q2-update.win32_1.0.0.201904181610/tools/bin/../lib/gcc/arm-none-eabi/7.3.1/../../../../arm-none-eabi/lib/thumb/v7-m\libc_nano.a(lib_a-reent.o)
                0x00000000200008f8                errno
                0x00000000200008fc                . = ALIGN (0x4)
                0x00000000200008fc                _ebss = .
                0x00000000200008fc                __bss_end__ = _ebss

._user_heap_stack
                0x00000000200008fc      0x604 load address 0x00000000080075d4
                0x0000000020000900                . = ALIGN (0x8)
 *fill*         0x00000000200008fc        0x4 
                0x0000000020000900                PROVIDE (end = .)
                [!provide]                        PROVIDE (_end = .)
                0x0000000020000b00                . = (. + _Min_Heap_Size)
 *fill*         0x0000000020000900      0x200 
                0x0000000020000f00                . = (. + _Min_Stack_Size)
 *fill*         0x0000000020000b00      0x400 
                0x0000000020000f00                . = ALIGN (0x8)

/DISCARD/
 libc.a(*)
 libm.a(*)
 libgcc.a(*)

.ARM.attributes
                0x0000000000000000       0x29
 *(.ARM.attributes)
 .ARM.attributes
                0x0000000000000000       0x1d c:/st/stm32cubeide_1.0.1/stm32cubeide/plugins/com.st.stm32cube.ide.mcu.externaltools.gnu-tools-for-stm32.7-2018-q2-update.win32_1.0.0.201904181610/tools/bin/../lib/gcc/arm-none-eabi/7.3.1/thumb/v7-m/crti.o
 .ARM.attributes
                0x000000000000001d       0x2d c:/st/stm32cubeide_1.0.1/stm32cubeide/plugins/com.st.stm32cube.ide.mcu.externaltools.gnu-tools-for-stm32.7-2018-q2-update.win32_1.0.0.201904181610/tools/bin/../lib/gcc/arm-none-eabi/7.3.1/thumb/v7-m/crtbegin.o
 .ARM.attributes
                0x000000000000004a       0x33 Core/Src/main.o
 .ARM.attributes
                0x000000000000007d       0x33 Core/Src/stm32f1xx_hal_msp.o
 .ARM.attributes
                0x00000000000000b0       0x33 Core/Src/stm32f1xx_it.o
 .ARM.attributes
                0x00000000000000e3       0x33 Core/Src/sysmem.o
 .ARM.attributes
                0x0000000000000116       0x33 Core/Src/system_stm32f1xx.o
 .ARM.attributes
                0x0000000000000149       0x21 Core/Startup/startup_stm32f100c8tx.o
 .ARM.attributes
                0x000000000000016a       0x33 Drivers/STM32F1xx_HAL_Driver/Src/stm32f1xx_hal.o
 .ARM.attributes
                0x000000000000019d       0x33 Drivers/STM32F1xx_HAL_Driver/Src/stm32f1xx_hal_adc.o
 .ARM.attributes
                0x00000000000001d0       0x33 Drivers/STM32F1xx_HAL_Driver/Src/stm32f1xx_hal_cortex.o
 .ARM.attributes
                0x0000000000000203       0x33 Drivers/STM32F1xx_HAL_Driver/Src/stm32f1xx_hal_dma.o
 .ARM.attributes
                0x0000000000000236       0x33 Drivers/STM32F1xx_HAL_Driver/Src/stm32f1xx_hal_gpio.o
 .ARM.attributes
                0x0000000000000269       0x33 Drivers/STM32F1xx_HAL_Driver/Src/stm32f1xx_hal_i2c.o
 .ARM.attributes
                0x000000000000029c       0x33 Drivers/STM32F1xx_HAL_Driver/Src/stm32f1xx_hal_pwr.o
 .ARM.attributes
                0x00000000000002cf       0x33 Drivers/STM32F1xx_HAL_Driver/Src/stm32f1xx_hal_rcc.o
 .ARM.attributes
                0x0000000000000302       0x33 Drivers/STM32F1xx_HAL_Driver/Src/stm32f1xx_hal_rcc_ex.o
 .ARM.attributes
                0x0000000000000335       0x33 Drivers/STM32F1xx_HAL_Driver/Src/stm32f1xx_hal_rtc.o
 .ARM.attributes
                0x0000000000000368       0x33 Drivers/STM32F1xx_HAL_Driver/Src/stm32f1xx_hal_tim.o
 .ARM.attributes
                0x000000000000039b       0x33 Drivers/STM32F1xx_HAL_Driver/Src/stm32f1xx_hal_tim_ex.o
 .ARM.attributes
                0x00000000000003ce       0x33 Src/ADC_Ap.o
 .ARM.attributes
                0x0000000000000401       0x33 Src/OLED.o
 .ARM.attributes
                0x0000000000000434       0x33 Src/RTC_Ap.o
 .ARM.attributes
                0x0000000000000467       0x33 Src/ServoKontrol.o
 .ARM.attributes
                0x000000000000049a       0x33 Src/buttonPed.o
 .ARM.attributes
                0x00000000000004cd       0x33 Src/fonts.o
 .ARM.attributes
                0x0000000000000500       0x33 Src/menu.o
 .ARM.attributes
                0x0000000000000533       0x2d c:/st/stm32cubeide_1.0.1/stm32cubeide/plugins/com.st.stm32cube.ide.mcu.externaltools.gnu-tools-for-stm32.7-2018-q2-update.win32_1.0.0.201904181610/tools/bin/../lib/gcc/arm-none-eabi/7.3.1/../../../../arm-none-eabi/lib/thumb/v7-m\libc_nano.a(lib_a-errno.o)
 .ARM.attributes
                0x0000000000000560       0x2d c:/st/stm32cubeide_1.0.1/stm32cubeide/plugins/com.st.stm32cube.ide.mcu.externaltools.gnu-tools-for-stm32.7-2018-q2-update.win32_1.0.0.201904181610/tools/bin/../lib/gcc/arm-none-eabi/7.3.1/../../../../arm-none-eabi/lib/thumb/v7-m\libc_nano.a(lib_a-impure.o)
 .ARM.attributes
                0x000000000000058d       0x2d c:/st/stm32cubeide_1.0.1/stm32cubeide/plugins/com.st.stm32cube.ide.mcu.externaltools.gnu-tools-for-stm32.7-2018-q2-update.win32_1.0.0.201904181610/tools/bin/../lib/gcc/arm-none-eabi/7.3.1/../../../../arm-none-eabi/lib/thumb/v7-m\libc_nano.a(lib_a-init.o)
 .ARM.attributes
                0x00000000000005ba       0x2d c:/st/stm32cubeide_1.0.1/stm32cubeide/plugins/com.st.stm32cube.ide.mcu.externaltools.gnu-tools-for-stm32.7-2018-q2-update.win32_1.0.0.201904181610/tools/bin/../lib/gcc/arm-none-eabi/7.3.1/../../../../arm-none-eabi/lib/thumb/v7-m\libc_nano.a(lib_a-memset.o)
 .ARM.attributes
                0x00000000000005e7       0x2d c:/st/stm32cubeide_1.0.1/stm32cubeide/plugins/com.st.stm32cube.ide.mcu.externaltools.gnu-tools-for-stm32.7-2018-q2-update.win32_1.0.0.201904181610/tools/bin/../lib/gcc/arm-none-eabi/7.3.1/../../../../arm-none-eabi/lib/thumb/v7-m\libc_nano.a(lib_a-sprintf.o)
 .ARM.attributes
                0x0000000000000614       0x2d c:/st/stm32cubeide_1.0.1/stm32cubeide/plugins/com.st.stm32cube.ide.mcu.externaltools.gnu-tools-for-stm32.7-2018-q2-update.win32_1.0.0.201904181610/tools/bin/../lib/gcc/arm-none-eabi/7.3.1/../../../../arm-none-eabi/lib/thumb/v7-m\libc_nano.a(lib_a-strcpy.o)
 .ARM.attributes
                0x0000000000000641       0x2d c:/st/stm32cubeide_1.0.1/stm32cubeide/plugins/com.st.stm32cube.ide.mcu.externaltools.gnu-tools-for-stm32.7-2018-q2-update.win32_1.0.0.201904181610/tools/bin/../lib/gcc/arm-none-eabi/7.3.1/../../../../arm-none-eabi/lib/thumb/v7-m\libc_nano.a(lib_a-nano-svfprintf.o)
 .ARM.attributes
                0x000000000000066e       0x2d c:/st/stm32cubeide_1.0.1/stm32cubeide/plugins/com.st.stm32cube.ide.mcu.externaltools.gnu-tools-for-stm32.7-2018-q2-update.win32_1.0.0.201904181610/tools/bin/../lib/gcc/arm-none-eabi/7.3.1/../../../../arm-none-eabi/lib/thumb/v7-m\libc_nano.a(lib_a-nano-vfprintf_i.o)
 .ARM.attributes
                0x000000000000069b       0x2d c:/st/stm32cubeide_1.0.1/stm32cubeide/plugins/com.st.stm32cube.ide.mcu.externaltools.gnu-tools-for-stm32.7-2018-q2-update.win32_1.0.0.201904181610/tools/bin/../lib/gcc/arm-none-eabi/7.3.1/../../../../arm-none-eabi/lib/thumb/v7-m\libc_nano.a(lib_a-memchr-stub.o)
 .ARM.attributes
                0x00000000000006c8       0x2d c:/st/stm32cubeide_1.0.1/stm32cubeide/plugins/com.st.stm32cube.ide.mcu.externaltools.gnu-tools-for-stm32.7-2018-q2-update.win32_1.0.0.201904181610/tools/bin/../lib/gcc/arm-none-eabi/7.3.1/../../../../arm-none-eabi/lib/thumb/v7-m\libc_nano.a(lib_a-memcpy-stub.o)
 .ARM.attributes
                0x00000000000006f5       0x2d c:/st/stm32cubeide_1.0.1/stm32cubeide/plugins/com.st.stm32cube.ide.mcu.externaltools.gnu-tools-for-stm32.7-2018-q2-update.win32_1.0.0.201904181610/tools/bin/../lib/gcc/arm-none-eabi/7.3.1/../../../../arm-none-eabi/lib/thumb/v7-m\libc_nano.a(lib_a-memmove.o)
 .ARM.attributes
                0x0000000000000722       0x2d c:/st/stm32cubeide_1.0.1/stm32cubeide/plugins/com.st.stm32cube.ide.mcu.externaltools.gnu-tools-for-stm32.7-2018-q2-update.win32_1.0.0.201904181610/tools/bin/../lib/gcc/arm-none-eabi/7.3.1/../../../../arm-none-eabi/lib/thumb/v7-m\libc_nano.a(lib_a-nano-freer.o)
 .ARM.attributes
                0x000000000000074f       0x2d c:/st/stm32cubeide_1.0.1/stm32cubeide/plugins/com.st.stm32cube.ide.mcu.externaltools.gnu-tools-for-stm32.7-2018-q2-update.win32_1.0.0.201904181610/tools/bin/../lib/gcc/arm-none-eabi/7.3.1/../../../../arm-none-eabi/lib/thumb/v7-m\libc_nano.a(lib_a-nano-mallocr.o)
 .ARM.attributes
                0x000000000000077c       0x2d c:/st/stm32cubeide_1.0.1/stm32cubeide/plugins/com.st.stm32cube.ide.mcu.externaltools.gnu-tools-for-stm32.7-2018-q2-update.win32_1.0.0.201904181610/tools/bin/../lib/gcc/arm-none-eabi/7.3.1/../../../../arm-none-eabi/lib/thumb/v7-m\libc_nano.a(lib_a-nano-reallocr.o)
 .ARM.attributes
                0x00000000000007a9       0x2d c:/st/stm32cubeide_1.0.1/stm32cubeide/plugins/com.st.stm32cube.ide.mcu.externaltools.gnu-tools-for-stm32.7-2018-q2-update.win32_1.0.0.201904181610/tools/bin/../lib/gcc/arm-none-eabi/7.3.1/../../../../arm-none-eabi/lib/thumb/v7-m\libc_nano.a(lib_a-sbrkr.o)
 .ARM.attributes
                0x00000000000007d6       0x2d c:/st/stm32cubeide_1.0.1/stm32cubeide/plugins/com.st.stm32cube.ide.mcu.externaltools.gnu-tools-for-stm32.7-2018-q2-update.win32_1.0.0.201904181610/tools/bin/../lib/gcc/arm-none-eabi/7.3.1/../../../../arm-none-eabi/lib/thumb/v7-m\libc_nano.a(lib_a-mlock.o)
 .ARM.attributes
                0x0000000000000803       0x2d c:/st/stm32cubeide_1.0.1/stm32cubeide/plugins/com.st.stm32cube.ide.mcu.externaltools.gnu-tools-for-stm32.7-2018-q2-update.win32_1.0.0.201904181610/tools/bin/../lib/gcc/arm-none-eabi/7.3.1/../../../../arm-none-eabi/lib/thumb/v7-m\libc_nano.a(lib_a-nano-msizer.o)
 .ARM.attributes
                0x0000000000000830       0x2d c:/st/stm32cubeide_1.0.1/stm32cubeide/plugins/com.st.stm32cube.ide.mcu.externaltools.gnu-tools-for-stm32.7-2018-q2-update.win32_1.0.0.201904181610/tools/bin/../lib/gcc/arm-none-eabi/7.3.1/../../../../arm-none-eabi/lib/thumb/v7-m\libc_nano.a(lib_a-reent.o)
 .ARM.attributes
                0x000000000000085d       0x1d c:/st/stm32cubeide_1.0.1/stm32cubeide/plugins/com.st.stm32cube.ide.mcu.externaltools.gnu-tools-for-stm32.7-2018-q2-update.win32_1.0.0.201904181610/tools/bin/../lib/gcc/arm-none-eabi/7.3.1/thumb/v7-m/crtn.o
OUTPUT(STM32F100C8_PetFeedingUnit.elf elf32-littlearm)

.debug_info     0x0000000000000000    0x16454
 .debug_info    0x0000000000000000     0x2129 Core/Src/main.o
 .debug_info    0x0000000000002129     0x1173 Core/Src/stm32f1xx_hal_msp.o
 .debug_info    0x000000000000329c      0x420 Core/Src/stm32f1xx_it.o
 .debug_info    0x00000000000036bc      0x91c Core/Src/sysmem.o
 .debug_info    0x0000000000003fd8      0x442 Core/Src/system_stm32f1xx.o
 .debug_info    0x000000000000441a       0x22 Core/Startup/startup_stm32f100c8tx.o
 .debug_info    0x000000000000443c      0x680 Drivers/STM32F1xx_HAL_Driver/Src/stm32f1xx_hal.o
 .debug_info    0x0000000000004abc      0xc61 Drivers/STM32F1xx_HAL_Driver/Src/stm32f1xx_hal_adc.o
 .debug_info    0x000000000000571d      0xb3a Drivers/STM32F1xx_HAL_Driver/Src/stm32f1xx_hal_cortex.o
 .debug_info    0x0000000000006257      0x7a6 Drivers/STM32F1xx_HAL_Driver/Src/stm32f1xx_hal_dma.o
 .debug_info    0x00000000000069fd      0x69b Drivers/STM32F1xx_HAL_Driver/Src/stm32f1xx_hal_gpio.o
 .debug_info    0x0000000000007098     0x2457 Drivers/STM32F1xx_HAL_Driver/Src/stm32f1xx_hal_i2c.o
 .debug_info    0x00000000000094ef      0x6f1 Drivers/STM32F1xx_HAL_Driver/Src/stm32f1xx_hal_pwr.o
 .debug_info    0x0000000000009be0      0x781 Drivers/STM32F1xx_HAL_Driver/Src/stm32f1xx_hal_rcc.o
 .debug_info    0x000000000000a361      0x3e6 Drivers/STM32F1xx_HAL_Driver/Src/stm32f1xx_hal_rcc_ex.o
 .debug_info    0x000000000000a747      0xd24 Drivers/STM32F1xx_HAL_Driver/Src/stm32f1xx_hal_rtc.o
 .debug_info    0x000000000000b46b     0x2456 Drivers/STM32F1xx_HAL_Driver/Src/stm32f1xx_hal_tim.o
 .debug_info    0x000000000000d8c1     0x1104 Drivers/STM32F1xx_HAL_Driver/Src/stm32f1xx_hal_tim_ex.o
 .debug_info    0x000000000000e9c5     0x1520 Src/ADC_Ap.o
 .debug_info    0x000000000000fee5     0x153b Src/OLED.o
 .debug_info    0x0000000000011420     0x18d1 Src/RTC_Ap.o
 .debug_info    0x0000000000012cf1     0x150c Src/ServoKontrol.o
 .debug_info    0x00000000000141fd      0xadf Src/buttonPed.o
 .debug_info    0x0000000000014cdc      0x2b8 Src/fonts.o
 .debug_info    0x0000000000014f94     0x14c0 Src/menu.o

.debug_abbrev   0x0000000000000000     0x3031
 .debug_abbrev  0x0000000000000000      0x2a0 Core/Src/main.o
 .debug_abbrev  0x00000000000002a0      0x1ef Core/Src/stm32f1xx_hal_msp.o
 .debug_abbrev  0x000000000000048f      0x149 Core/Src/stm32f1xx_it.o
 .debug_abbrev  0x00000000000005d8      0x1bb Core/Src/sysmem.o
 .debug_abbrev  0x0000000000000793      0x13a Core/Src/system_stm32f1xx.o
 .debug_abbrev  0x00000000000008cd       0x12 Core/Startup/startup_stm32f100c8tx.o
 .debug_abbrev  0x00000000000008df      0x203 Drivers/STM32F1xx_HAL_Driver/Src/stm32f1xx_hal.o
 .debug_abbrev  0x0000000000000ae2      0x1d5 Drivers/STM32F1xx_HAL_Driver/Src/stm32f1xx_hal_adc.o
 .debug_abbrev  0x0000000000000cb7      0x2d5 Drivers/STM32F1xx_HAL_Driver/Src/stm32f1xx_hal_cortex.o
 .debug_abbrev  0x0000000000000f8c      0x1fe Drivers/STM32F1xx_HAL_Driver/Src/stm32f1xx_hal_dma.o
 .debug_abbrev  0x000000000000118a      0x1c0 Drivers/STM32F1xx_HAL_Driver/Src/stm32f1xx_hal_gpio.o
 .debug_abbrev  0x000000000000134a      0x258 Drivers/STM32F1xx_HAL_Driver/Src/stm32f1xx_hal_i2c.o
 .debug_abbrev  0x00000000000015a2      0x1f2 Drivers/STM32F1xx_HAL_Driver/Src/stm32f1xx_hal_pwr.o
 .debug_abbrev  0x0000000000001794      0x243 Drivers/STM32F1xx_HAL_Driver/Src/stm32f1xx_hal_rcc.o
 .debug_abbrev  0x00000000000019d7      0x175 Drivers/STM32F1xx_HAL_Driver/Src/stm32f1xx_hal_rcc_ex.o
 .debug_abbrev  0x0000000000001b4c      0x20a Drivers/STM32F1xx_HAL_Driver/Src/stm32f1xx_hal_rtc.o
 .debug_abbrev  0x0000000000001d56      0x230 Drivers/STM32F1xx_HAL_Driver/Src/stm32f1xx_hal_tim.o
 .debug_abbrev  0x0000000000001f86      0x21e Drivers/STM32F1xx_HAL_Driver/Src/stm32f1xx_hal_tim_ex.o
 .debug_abbrev  0x00000000000021a4      0x1e9 Src/ADC_Ap.o
 .debug_abbrev  0x000000000000238d      0x2bf Src/OLED.o
 .debug_abbrev  0x000000000000264c      0x2c6 Src/RTC_Ap.o
 .debug_abbrev  0x0000000000002912      0x1d3 Src/ServoKontrol.o
 .debug_abbrev  0x0000000000002ae5      0x1ed Src/buttonPed.o
 .debug_abbrev  0x0000000000002cd2       0xf4 Src/fonts.o
 .debug_abbrev  0x0000000000002dc6      0x26b Src/menu.o

.debug_aranges  0x0000000000000000     0x11b0
 .debug_aranges
                0x0000000000000000       0x68 Core/Src/main.o
 .debug_aranges
                0x0000000000000068       0x78 Core/Src/stm32f1xx_hal_msp.o
 .debug_aranges
                0x00000000000000e0       0x68 Core/Src/stm32f1xx_it.o
 .debug_aranges
                0x0000000000000148       0x20 Core/Src/sysmem.o
 .debug_aranges
                0x0000000000000168       0x28 Core/Src/system_stm32f1xx.o
 .debug_aranges
                0x0000000000000190       0x28 Core/Startup/startup_stm32f100c8tx.o
 .debug_aranges
                0x00000000000001b8       0xe0 Drivers/STM32F1xx_HAL_Driver/Src/stm32f1xx_hal.o
 .debug_aranges
                0x0000000000000298       0xf0 Drivers/STM32F1xx_HAL_Driver/Src/stm32f1xx_hal_adc.o
 .debug_aranges
                0x0000000000000388      0x100 Drivers/STM32F1xx_HAL_Driver/Src/stm32f1xx_hal_cortex.o
 .debug_aranges
                0x0000000000000488       0x80 Drivers/STM32F1xx_HAL_Driver/Src/stm32f1xx_hal_dma.o
 .debug_aranges
                0x0000000000000508       0x58 Drivers/STM32F1xx_HAL_Driver/Src/stm32f1xx_hal_gpio.o
 .debug_aranges
                0x0000000000000560      0x290 Drivers/STM32F1xx_HAL_Driver/Src/stm32f1xx_hal_i2c.o
 .debug_aranges
                0x00000000000007f0       0xa8 Drivers/STM32F1xx_HAL_Driver/Src/stm32f1xx_hal_pwr.o
 .debug_aranges
                0x0000000000000898       0x90 Drivers/STM32F1xx_HAL_Driver/Src/stm32f1xx_hal_rcc.o
 .debug_aranges
                0x0000000000000928       0x30 Drivers/STM32F1xx_HAL_Driver/Src/stm32f1xx_hal_rcc_ex.o
 .debug_aranges
                0x0000000000000958       0xf8 Drivers/STM32F1xx_HAL_Driver/Src/stm32f1xx_hal_rtc.o
 .debug_aranges
                0x0000000000000a50      0x3a8 Drivers/STM32F1xx_HAL_Driver/Src/stm32f1xx_hal_tim.o
 .debug_aranges
                0x0000000000000df8      0x150 Drivers/STM32F1xx_HAL_Driver/Src/stm32f1xx_hal_tim_ex.o
 .debug_aranges
                0x0000000000000f48       0x30 Src/ADC_Ap.o
 .debug_aranges
                0x0000000000000f78       0x98 Src/OLED.o
 .debug_aranges
                0x0000000000001010       0xb8 Src/RTC_Ap.o
 .debug_aranges
                0x00000000000010c8       0x20 Src/ServoKontrol.o
 .debug_aranges
                0x00000000000010e8       0x28 Src/buttonPed.o
 .debug_aranges
                0x0000000000001110       0x18 Src/fonts.o
 .debug_aranges
                0x0000000000001128       0x88 Src/menu.o

.debug_ranges   0x0000000000000000     0x1040
 .debug_ranges  0x0000000000000000       0x58 Core/Src/main.o
 .debug_ranges  0x0000000000000058       0x68 Core/Src/stm32f1xx_hal_msp.o
 .debug_ranges  0x00000000000000c0       0x58 Core/Src/stm32f1xx_it.o
 .debug_ranges  0x0000000000000118       0x10 Core/Src/sysmem.o
 .debug_ranges  0x0000000000000128       0x18 Core/Src/system_stm32f1xx.o
 .debug_ranges  0x0000000000000140       0x20 Core/Startup/startup_stm32f100c8tx.o
 .debug_ranges  0x0000000000000160       0xd0 Drivers/STM32F1xx_HAL_Driver/Src/stm32f1xx_hal.o
 .debug_ranges  0x0000000000000230       0xe0 Drivers/STM32F1xx_HAL_Driver/Src/stm32f1xx_hal_adc.o
 .debug_ranges  0x0000000000000310       0xf0 Drivers/STM32F1xx_HAL_Driver/Src/stm32f1xx_hal_cortex.o
 .debug_ranges  0x0000000000000400       0x70 Drivers/STM32F1xx_HAL_Driver/Src/stm32f1xx_hal_dma.o
 .debug_ranges  0x0000000000000470       0x48 Drivers/STM32F1xx_HAL_Driver/Src/stm32f1xx_hal_gpio.o
 .debug_ranges  0x00000000000004b8      0x2a0 Drivers/STM32F1xx_HAL_Driver/Src/stm32f1xx_hal_i2c.o
 .debug_ranges  0x0000000000000758       0x98 Drivers/STM32F1xx_HAL_Driver/Src/stm32f1xx_hal_pwr.o
 .debug_ranges  0x00000000000007f0       0x80 Drivers/STM32F1xx_HAL_Driver/Src/stm32f1xx_hal_rcc.o
 .debug_ranges  0x0000000000000870       0x20 Drivers/STM32F1xx_HAL_Driver/Src/stm32f1xx_hal_rcc_ex.o
 .debug_ranges  0x0000000000000890       0xe8 Drivers/STM32F1xx_HAL_Driver/Src/stm32f1xx_hal_rtc.o
 .debug_ranges  0x0000000000000978      0x398 Drivers/STM32F1xx_HAL_Driver/Src/stm32f1xx_hal_tim.o
 .debug_ranges  0x0000000000000d10      0x140 Drivers/STM32F1xx_HAL_Driver/Src/stm32f1xx_hal_tim_ex.o
 .debug_ranges  0x0000000000000e50       0x20 Src/ADC_Ap.o
 .debug_ranges  0x0000000000000e70       0x88 Src/OLED.o
 .debug_ranges  0x0000000000000ef8       0xa8 Src/RTC_Ap.o
 .debug_ranges  0x0000000000000fa0       0x10 Src/ServoKontrol.o
 .debug_ranges  0x0000000000000fb0       0x18 Src/buttonPed.o
 .debug_ranges  0x0000000000000fc8       0x78 Src/menu.o

.debug_macro    0x0000000000000000    0x10b08
 .debug_macro   0x0000000000000000      0x3ca Core/Src/main.o
 .debug_macro   0x00000000000003ca      0xa5a Core/Src/main.o
 .debug_macro   0x0000000000000e24      0x22d Core/Src/main.o
 .debug_macro   0x0000000000001051       0x2e Core/Src/main.o
 .debug_macro   0x000000000000107f       0x22 Core/Src/main.o
 .debug_macro   0x00000000000010a1       0x22 Core/Src/main.o
 .debug_macro   0x00000000000010c3       0x8e Core/Src/main.o
 .debug_macro   0x0000000000001151       0x51 Core/Src/main.o
 .debug_macro   0x00000000000011a2       0xef Core/Src/main.o
 .debug_macro   0x0000000000001291       0x6a Core/Src/main.o
 .debug_macro   0x00000000000012fb      0x1df Core/Src/main.o
 .debug_macro   0x00000000000014da       0x1c Core/Src/main.o
 .debug_macro   0x00000000000014f6       0x22 Core/Src/main.o
 .debug_macro   0x0000000000001518       0xc3 Core/Src/main.o
 .debug_macro   0x00000000000015db      0xd23 Core/Src/main.o
 .debug_macro   0x00000000000022fe     0x75c9 Core/Src/main.o
 .debug_macro   0x00000000000098c7       0x43 Core/Src/main.o
 .debug_macro   0x000000000000990a      0x174 Core/Src/main.o
 .debug_macro   0x0000000000009a7e       0x5a Core/Src/main.o
 .debug_macro   0x0000000000009ad8      0x5be Core/Src/main.o
 .debug_macro   0x000000000000a096      0x369 Core/Src/main.o
 .debug_macro   0x000000000000a3ff      0x1cb Core/Src/main.o
 .debug_macro   0x000000000000a5ca      0x114 Core/Src/main.o
 .debug_macro   0x000000000000a6de      0x1f1 Core/Src/main.o
 .debug_macro   0x000000000000a8cf       0x27 Core/Src/main.o
 .debug_macro   0x000000000000a8f6      0x130 Core/Src/main.o
 .debug_macro   0x000000000000aa26      0x1bc Core/Src/main.o
 .debug_macro   0x000000000000abe2       0x34 Core/Src/main.o
 .debug_macro   0x000000000000ac16       0x3c Core/Src/main.o
 .debug_macro   0x000000000000ac52       0x57 Core/Src/main.o
 .debug_macro   0x000000000000aca9      0x46a Core/Src/main.o
 .debug_macro   0x000000000000b113      0x15a Core/Src/main.o
 .debug_macro   0x000000000000b26d       0x6c Core/Src/main.o
 .debug_macro   0x000000000000b2d9      0x241 Core/Src/main.o
 .debug_macro   0x000000000000b51a      0x280 Core/Src/main.o
 .debug_macro   0x000000000000b79a      0x141 Core/Src/main.o
 .debug_macro   0x000000000000b8db      0x1ef Core/Src/main.o
 .debug_macro   0x000000000000baca       0xec Core/Src/main.o
 .debug_macro   0x000000000000bbb6      0x88b Core/Src/main.o
 .debug_macro   0x000000000000c441       0x9f Core/Src/main.o
 .debug_macro   0x000000000000c4e0       0x64 Core/Src/main.o
 .debug_macro   0x000000000000c544       0xee Core/Src/main.o
 .debug_macro   0x000000000000c632       0x46 Core/Src/main.o
 .debug_macro   0x000000000000c678       0x18 Core/Src/main.o
 .debug_macro   0x000000000000c690       0x3c Core/Src/main.o
 .debug_macro   0x000000000000c6cc       0x34 Core/Src/main.o
 .debug_macro   0x000000000000c700       0x52 Core/Src/main.o
 .debug_macro   0x000000000000c752       0x1f Core/Src/main.o
 .debug_macro   0x000000000000c771       0x43 Core/Src/main.o
 .debug_macro   0x000000000000c7b4       0x20 Core/Src/main.o
 .debug_macro   0x000000000000c7d4      0x1a3 Core/Src/main.o
 .debug_macro   0x000000000000c977      0x32a Core/Src/main.o
 .debug_macro   0x000000000000cca1       0x10 Core/Src/main.o
 .debug_macro   0x000000000000ccb1       0x35 Core/Src/main.o
 .debug_macro   0x000000000000cce6       0x20 Core/Src/main.o
 .debug_macro   0x000000000000cd06       0x22 Core/Src/main.o
 .debug_macro   0x000000000000cd28       0x1c Core/Src/main.o
 .debug_macro   0x000000000000cd44       0x10 Core/Src/main.o
 .debug_macro   0x000000000000cd54       0x10 Core/Src/main.o
 .debug_macro   0x000000000000cd64       0x1c Core/Src/main.o
 .debug_macro   0x000000000000cd80       0x52 Core/Src/main.o
 .debug_macro   0x000000000000cdd2       0x40 Core/Src/main.o
 .debug_macro   0x000000000000ce12       0x10 Core/Src/main.o
 .debug_macro   0x000000000000ce22       0x40 Core/Src/main.o
 .debug_macro   0x000000000000ce62       0xd7 Core/Src/main.o
 .debug_macro   0x000000000000cf39       0x1c Core/Src/main.o
 .debug_macro   0x000000000000cf55       0x3d Core/Src/main.o
 .debug_macro   0x000000000000cf92       0x16 Core/Src/main.o
 .debug_macro   0x000000000000cfa8      0x145 Core/Src/main.o
 .debug_macro   0x000000000000d0ed       0x58 Core/Src/main.o
 .debug_macro   0x000000000000d145       0x1c Core/Src/main.o
 .debug_macro   0x000000000000d161      0x1d0 Core/Src/stm32f1xx_hal_msp.o
 .debug_macro   0x000000000000d331      0x1da Core/Src/stm32f1xx_it.o
 .debug_macro   0x000000000000d50b      0x1ae Core/Src/sysmem.o
 .debug_macro   0x000000000000d6b9      0x23b Core/Src/sysmem.o
 .debug_macro   0x000000000000d8f4       0x16 Core/Src/sysmem.o
 .debug_macro   0x000000000000d90a      0x1c7 Core/Src/system_stm32f1xx.o
 .debug_macro   0x000000000000dad1      0x1e5 Drivers/STM32F1xx_HAL_Driver/Src/stm32f1xx_hal.o
 .debug_macro   0x000000000000dcb6      0x1de Drivers/STM32F1xx_HAL_Driver/Src/stm32f1xx_hal_adc.o
 .debug_macro   0x000000000000de94      0x1c1 Drivers/STM32F1xx_HAL_Driver/Src/stm32f1xx_hal_cortex.o
 .debug_macro   0x000000000000e055      0x1c1 Drivers/STM32F1xx_HAL_Driver/Src/stm32f1xx_hal_dma.o
 .debug_macro   0x000000000000e216      0x22c Drivers/STM32F1xx_HAL_Driver/Src/stm32f1xx_hal_gpio.o
 .debug_macro   0x000000000000e442      0x201 Drivers/STM32F1xx_HAL_Driver/Src/stm32f1xx_hal_i2c.o
 .debug_macro   0x000000000000e643      0x221 Drivers/STM32F1xx_HAL_Driver/Src/stm32f1xx_hal_pwr.o
 .debug_macro   0x000000000000e864      0x1d3 Drivers/STM32F1xx_HAL_Driver/Src/stm32f1xx_hal_rcc.o
 .debug_macro   0x000000000000ea37      0x1c1 Drivers/STM32F1xx_HAL_Driver/Src/stm32f1xx_hal_rcc_ex.o
 .debug_macro   0x000000000000ebf8      0x1d0 Drivers/STM32F1xx_HAL_Driver/Src/stm32f1xx_hal_rtc.o
 .debug_macro   0x000000000000edc8      0x1c2 Drivers/STM32F1xx_HAL_Driver/Src/stm32f1xx_hal_tim.o
 .debug_macro   0x000000000000ef8a      0x1c1 Drivers/STM32F1xx_HAL_Driver/Src/stm32f1xx_hal_tim_ex.o
 .debug_macro   0x000000000000f14b      0x3c4 Src/ADC_Ap.o
 .debug_macro   0x000000000000f50f       0x6a Src/ADC_Ap.o
 .debug_macro   0x000000000000f579      0x2a1 Src/OLED.o
 .debug_macro   0x000000000000f81a      0x3c4 Src/RTC_Ap.o
 .debug_macro   0x000000000000fbde      0x3c4 Src/ServoKontrol.o
 .debug_macro   0x000000000000ffa2      0x332 Src/buttonPed.o
 .debug_macro   0x00000000000102d4       0x97 Src/buttonPed.o
 .debug_macro   0x000000000001036b       0xfd Src/buttonPed.o
 .debug_macro   0x0000000000010468       0xbd Src/buttonPed.o
 .debug_macro   0x0000000000010525       0x54 Src/buttonPed.o
 .debug_macro   0x0000000000010579      0x1cb Src/fonts.o
 .debug_macro   0x0000000000010744      0x3c4 Src/menu.o

.debug_line     0x0000000000000000     0xff70
 .debug_line    0x0000000000000000      0xacb Core/Src/main.o
 .debug_line    0x0000000000000acb      0x79c Core/Src/stm32f1xx_hal_msp.o
 .debug_line    0x0000000000001267      0x74d Core/Src/stm32f1xx_it.o
 .debug_line    0x00000000000019b4      0x55e Core/Src/sysmem.o
 .debug_line    0x0000000000001f12      0x6c2 Core/Src/system_stm32f1xx.o
 .debug_line    0x00000000000025d4       0x84 Core/Startup/startup_stm32f100c8tx.o
 .debug_line    0x0000000000002658      0x86f Drivers/STM32F1xx_HAL_Driver/Src/stm32f1xx_hal.o
 .debug_line    0x0000000000002ec7      0xb3f Drivers/STM32F1xx_HAL_Driver/Src/stm32f1xx_hal_adc.o
 .debug_line    0x0000000000003a06      0x949 Drivers/STM32F1xx_HAL_Driver/Src/stm32f1xx_hal_cortex.o
 .debug_line    0x000000000000434f      0xad7 Drivers/STM32F1xx_HAL_Driver/Src/stm32f1xx_hal_dma.o
 .debug_line    0x0000000000004e26      0x870 Drivers/STM32F1xx_HAL_Driver/Src/stm32f1xx_hal_gpio.o
 .debug_line    0x0000000000005696     0x1b33 Drivers/STM32F1xx_HAL_Driver/Src/stm32f1xx_hal_i2c.o
 .debug_line    0x00000000000071c9      0x815 Drivers/STM32F1xx_HAL_Driver/Src/stm32f1xx_hal_pwr.o
 .debug_line    0x00000000000079de      0x92b Drivers/STM32F1xx_HAL_Driver/Src/stm32f1xx_hal_rcc.o
 .debug_line    0x0000000000008309      0x72c Drivers/STM32F1xx_HAL_Driver/Src/stm32f1xx_hal_rcc_ex.o
 .debug_line    0x0000000000008a35      0xb1d Drivers/STM32F1xx_HAL_Driver/Src/stm32f1xx_hal_rtc.o
 .debug_line    0x0000000000009552     0x19af Drivers/STM32F1xx_HAL_Driver/Src/stm32f1xx_hal_tim.o
 .debug_line    0x000000000000af01      0xc83 Drivers/STM32F1xx_HAL_Driver/Src/stm32f1xx_hal_tim_ex.o
 .debug_line    0x000000000000bb84      0x978 Src/ADC_Ap.o
 .debug_line    0x000000000000c4fc      0xb47 Src/OLED.o
 .debug_line    0x000000000000d043      0xbd5 Src/RTC_Ap.o
 .debug_line    0x000000000000dc18      0x95f Src/ServoKontrol.o
 .debug_line    0x000000000000e577      0x8c8 Src/buttonPed.o
 .debug_line    0x000000000000ee3f      0x6b0 Src/fonts.o
 .debug_line    0x000000000000f4ef      0xa81 Src/menu.o

.debug_str      0x0000000000000000    0x594e2
 .debug_str     0x0000000000000000    0x5500b Core/Src/main.o
                                      0x5547f (size before relaxing)
 .debug_str     0x000000000005500b      0x142 Core/Src/stm32f1xx_hal_msp.o
                                      0x50549 (size before relaxing)
 .debug_str     0x000000000005514d       0xd6 Core/Src/stm32f1xx_it.o
                                      0x4fd52 (size before relaxing)
 .debug_str     0x0000000000055223      0x4d1 Core/Src/sysmem.o
                                       0x7acf (size before relaxing)
 .debug_str     0x00000000000556f4       0xd0 Core/Src/system_stm32f1xx.o
                                      0x4fa47 (size before relaxing)
 .debug_str     0x00000000000557c4       0x36 Core/Startup/startup_stm32f100c8tx.o
                                         0x74 (size before relaxing)
 .debug_str     0x00000000000557fa      0x3a1 Drivers/STM32F1xx_HAL_Driver/Src/stm32f1xx_hal.o
                                      0x5000e (size before relaxing)
 .debug_str     0x0000000000055b9b      0x357 Drivers/STM32F1xx_HAL_Driver/Src/stm32f1xx_hal_adc.o
                                      0x5004f (size before relaxing)
 .debug_str     0x0000000000055ef2      0x2c8 Drivers/STM32F1xx_HAL_Driver/Src/stm32f1xx_hal_cortex.o
                                      0x50035 (size before relaxing)
 .debug_str     0x00000000000561ba      0x23f Drivers/STM32F1xx_HAL_Driver/Src/stm32f1xx_hal_dma.o
                                      0x4fd9a (size before relaxing)
 .debug_str     0x00000000000563f9      0x31f Drivers/STM32F1xx_HAL_Driver/Src/stm32f1xx_hal_gpio.o
                                      0x4fd89 (size before relaxing)
 .debug_str     0x0000000000056718      0xb67 Drivers/STM32F1xx_HAL_Driver/Src/stm32f1xx_hal_i2c.o
                                      0x509af (size before relaxing)
 .debug_str     0x000000000005727f      0x519 Drivers/STM32F1xx_HAL_Driver/Src/stm32f1xx_hal_pwr.o
                                      0x4ff28 (size before relaxing)
 .debug_str     0x0000000000057798      0x24c Drivers/STM32F1xx_HAL_Driver/Src/stm32f1xx_hal_rcc.o
                                      0x4fda3 (size before relaxing)
 .debug_str     0x00000000000579e4       0xb1 Drivers/STM32F1xx_HAL_Driver/Src/stm32f1xx_hal_rcc_ex.o
                                      0x4fb0b (size before relaxing)
 .debug_str     0x0000000000057a95      0x33f Drivers/STM32F1xx_HAL_Driver/Src/stm32f1xx_hal_rtc.o
                                      0x4fecf (size before relaxing)
 .debug_str     0x0000000000057dd4      0xcea Drivers/STM32F1xx_HAL_Driver/Src/stm32f1xx_hal_tim.o
                                      0x50b87 (size before relaxing)
 .debug_str     0x0000000000058abe      0x49b Drivers/STM32F1xx_HAL_Driver/Src/stm32f1xx_hal_tim_ex.o
                                      0x50387 (size before relaxing)
 .debug_str     0x0000000000058f59       0x73 Src/ADC_Ap.o
                                      0x54a40 (size before relaxing)
 .debug_str     0x0000000000058fcc      0x1e9 Src/OLED.o
                                      0x533cc (size before relaxing)
 .debug_str     0x00000000000591b5      0x195 Src/RTC_Ap.o
                                      0x54bd6 (size before relaxing)
 .debug_str     0x000000000005934a       0x23 Src/ServoKontrol.o
                                      0x54a9c (size before relaxing)
 .debug_str     0x000000000005936d       0x56 Src/buttonPed.o
                                      0x53d69 (size before relaxing)
 .debug_str     0x00000000000593c3       0x3f Src/fonts.o
                                      0x4f9ce (size before relaxing)
 .debug_str     0x0000000000059402       0xe0 Src/menu.o
                                      0x5496d (size before relaxing)

.comment        0x0000000000000000       0x7b
 .comment       0x0000000000000000       0x7b Core/Src/main.o
                                         0x7c (size before relaxing)
 .comment       0x000000000000007b       0x7c Core/Src/stm32f1xx_hal_msp.o
 .comment       0x000000000000007b       0x7c Core/Src/stm32f1xx_it.o
 .comment       0x000000000000007b       0x7c Core/Src/sysmem.o
 .comment       0x000000000000007b       0x7c Core/Src/system_stm32f1xx.o
 .comment       0x000000000000007b       0x7c Drivers/STM32F1xx_HAL_Driver/Src/stm32f1xx_hal.o
 .comment       0x000000000000007b       0x7c Drivers/STM32F1xx_HAL_Driver/Src/stm32f1xx_hal_adc.o
 .comment       0x000000000000007b       0x7c Drivers/STM32F1xx_HAL_Driver/Src/stm32f1xx_hal_cortex.o
 .comment       0x000000000000007b       0x7c Drivers/STM32F1xx_HAL_Driver/Src/stm32f1xx_hal_dma.o
 .comment       0x000000000000007b       0x7c Drivers/STM32F1xx_HAL_Driver/Src/stm32f1xx_hal_gpio.o
 .comment       0x000000000000007b       0x7c Drivers/STM32F1xx_HAL_Driver/Src/stm32f1xx_hal_i2c.o
 .comment       0x000000000000007b       0x7c Drivers/STM32F1xx_HAL_Driver/Src/stm32f1xx_hal_pwr.o
 .comment       0x000000000000007b       0x7c Drivers/STM32F1xx_HAL_Driver/Src/stm32f1xx_hal_rcc.o
 .comment       0x000000000000007b       0x7c Drivers/STM32F1xx_HAL_Driver/Src/stm32f1xx_hal_rcc_ex.o
 .comment       0x000000000000007b       0x7c Drivers/STM32F1xx_HAL_Driver/Src/stm32f1xx_hal_rtc.o
 .comment       0x000000000000007b       0x7c Drivers/STM32F1xx_HAL_Driver/Src/stm32f1xx_hal_tim.o
 .comment       0x000000000000007b       0x7c Drivers/STM32F1xx_HAL_Driver/Src/stm32f1xx_hal_tim_ex.o
 .comment       0x000000000000007b       0x7c Src/ADC_Ap.o
 .comment       0x000000000000007b       0x7c Src/OLED.o
 .comment       0x000000000000007b       0x7c Src/RTC_Ap.o
 .comment       0x000000000000007b       0x7c Src/ServoKontrol.o
 .comment       0x000000000000007b       0x7c Src/buttonPed.o
 .comment       0x000000000000007b       0x7c Src/fonts.o
 .comment       0x000000000000007b       0x7c Src/menu.o

.debug_frame    0x0000000000000000     0x4bcc
 .debug_frame   0x0000000000000000      0x168 Core/Src/main.o
 .debug_frame   0x0000000000000168      0x1d8 Core/Src/stm32f1xx_hal_msp.o
 .debug_frame   0x0000000000000340      0x128 Core/Src/stm32f1xx_it.o
 .debug_frame   0x0000000000000468       0x34 Core/Src/sysmem.o
 .debug_frame   0x000000000000049c       0x58 Core/Src/system_stm32f1xx.o
 .debug_frame   0x00000000000004f4      0x334 Drivers/STM32F1xx_HAL_Driver/Src/stm32f1xx_hal.o
 .debug_frame   0x0000000000000828      0x40c Drivers/STM32F1xx_HAL_Driver/Src/stm32f1xx_hal_adc.o
 .debug_frame   0x0000000000000c34      0x428 Drivers/STM32F1xx_HAL_Driver/Src/stm32f1xx_hal_cortex.o
 .debug_frame   0x000000000000105c      0x208 Drivers/STM32F1xx_HAL_Driver/Src/stm32f1xx_hal_dma.o
 .debug_frame   0x0000000000001264      0x14c Drivers/STM32F1xx_HAL_Driver/Src/stm32f1xx_hal_gpio.o
 .debug_frame   0x00000000000013b0      0xc08 Drivers/STM32F1xx_HAL_Driver/Src/stm32f1xx_hal_i2c.o
 .debug_frame   0x0000000000001fb8      0x270 Drivers/STM32F1xx_HAL_Driver/Src/stm32f1xx_hal_pwr.o
 .debug_frame   0x0000000000002228      0x21c Drivers/STM32F1xx_HAL_Driver/Src/stm32f1xx_hal_rcc.o
 .debug_frame   0x0000000000002444       0x80 Drivers/STM32F1xx_HAL_Driver/Src/stm32f1xx_hal_rcc_ex.o
 .debug_frame   0x00000000000024c4      0x434 Drivers/STM32F1xx_HAL_Driver/Src/stm32f1xx_hal_rtc.o
 .debug_frame   0x00000000000028f8     0x10f0 Drivers/STM32F1xx_HAL_Driver/Src/stm32f1xx_hal_tim.o
 .debug_frame   0x00000000000039e8      0x5c0 Drivers/STM32F1xx_HAL_Driver/Src/stm32f1xx_hal_tim_ex.o
 .debug_frame   0x0000000000003fa8       0x6c Src/ADC_Ap.o
 .debug_frame   0x0000000000004014      0x274 Src/OLED.o
 .debug_frame   0x0000000000004288      0x2e4 Src/RTC_Ap.o
 .debug_frame   0x000000000000456c       0x2c Src/ServoKontrol.o
 .debug_frame   0x0000000000004598       0x58 Src/buttonPed.o
 .debug_frame   0x00000000000045f0      0x204 Src/menu.o
 .debug_frame   0x00000000000047f4       0x20 c:/st/stm32cubeide_1.0.1/stm32cubeide/plugins/com.st.stm32cube.ide.mcu.externaltools.gnu-tools-for-stm32.7-2018-q2-update.win32_1.0.0.201904181610/tools/bin/../lib/gcc/arm-none-eabi/7.3.1/../../../../arm-none-eabi/lib/thumb/v7-m\libc_nano.a(lib_a-errno.o)
 .debug_frame   0x0000000000004814       0x2c c:/st/stm32cubeide_1.0.1/stm32cubeide/plugins/com.st.stm32cube.ide.mcu.externaltools.gnu-tools-for-stm32.7-2018-q2-update.win32_1.0.0.201904181610/tools/bin/../lib/gcc/arm-none-eabi/7.3.1/../../../../arm-none-eabi/lib/thumb/v7-m\libc_nano.a(lib_a-init.o)
 .debug_frame   0x0000000000004840       0x20 c:/st/stm32cubeide_1.0.1/stm32cubeide/plugins/com.st.stm32cube.ide.mcu.externaltools.gnu-tools-for-stm32.7-2018-q2-update.win32_1.0.0.201904181610/tools/bin/../lib/gcc/arm-none-eabi/7.3.1/../../../../arm-none-eabi/lib/thumb/v7-m\libc_nano.a(lib_a-memset.o)
 .debug_frame   0x0000000000004860       0x6c c:/st/stm32cubeide_1.0.1/stm32cubeide/plugins/com.st.stm32cube.ide.mcu.externaltools.gnu-tools-for-stm32.7-2018-q2-update.win32_1.0.0.201904181610/tools/bin/../lib/gcc/arm-none-eabi/7.3.1/../../../../arm-none-eabi/lib/thumb/v7-m\libc_nano.a(lib_a-sprintf.o)
 .debug_frame   0x00000000000048cc       0x20 c:/st/stm32cubeide_1.0.1/stm32cubeide/plugins/com.st.stm32cube.ide.mcu.externaltools.gnu-tools-for-stm32.7-2018-q2-update.win32_1.0.0.201904181610/tools/bin/../lib/gcc/arm-none-eabi/7.3.1/../../../../arm-none-eabi/lib/thumb/v7-m\libc_nano.a(lib_a-strcpy.o)
 .debug_frame   0x00000000000048ec       0x90 c:/st/stm32cubeide_1.0.1/stm32cubeide/plugins/com.st.stm32cube.ide.mcu.externaltools.gnu-tools-for-stm32.7-2018-q2-update.win32_1.0.0.201904181610/tools/bin/../lib/gcc/arm-none-eabi/7.3.1/../../../../arm-none-eabi/lib/thumb/v7-m\libc_nano.a(lib_a-nano-svfprintf.o)
 .debug_frame   0x000000000000497c       0x60 c:/st/stm32cubeide_1.0.1/stm32cubeide/plugins/com.st.stm32cube.ide.mcu.externaltools.gnu-tools-for-stm32.7-2018-q2-update.win32_1.0.0.201904181610/tools/bin/../lib/gcc/arm-none-eabi/7.3.1/../../../../arm-none-eabi/lib/thumb/v7-m\libc_nano.a(lib_a-nano-vfprintf_i.o)
 .debug_frame   0x00000000000049dc       0x28 c:/st/stm32cubeide_1.0.1/stm32cubeide/plugins/com.st.stm32cube.ide.mcu.externaltools.gnu-tools-for-stm32.7-2018-q2-update.win32_1.0.0.201904181610/tools/bin/../lib/gcc/arm-none-eabi/7.3.1/../../../../arm-none-eabi/lib/thumb/v7-m\libc_nano.a(lib_a-memchr-stub.o)
 .debug_frame   0x0000000000004a04       0x28 c:/st/stm32cubeide_1.0.1/stm32cubeide/plugins/com.st.stm32cube.ide.mcu.externaltools.gnu-tools-for-stm32.7-2018-q2-update.win32_1.0.0.201904181610/tools/bin/../lib/gcc/arm-none-eabi/7.3.1/../../../../arm-none-eabi/lib/thumb/v7-m\libc_nano.a(lib_a-memcpy-stub.o)
 .debug_frame   0x0000000000004a2c       0x28 c:/st/stm32cubeide_1.0.1/stm32cubeide/plugins/com.st.stm32cube.ide.mcu.externaltools.gnu-tools-for-stm32.7-2018-q2-update.win32_1.0.0.201904181610/tools/bin/../lib/gcc/arm-none-eabi/7.3.1/../../../../arm-none-eabi/lib/thumb/v7-m\libc_nano.a(lib_a-memmove.o)
 .debug_frame   0x0000000000004a54       0x38 c:/st/stm32cubeide_1.0.1/stm32cubeide/plugins/com.st.stm32cube.ide.mcu.externaltools.gnu-tools-for-stm32.7-2018-q2-update.win32_1.0.0.201904181610/tools/bin/../lib/gcc/arm-none-eabi/7.3.1/../../../../arm-none-eabi/lib/thumb/v7-m\libc_nano.a(lib_a-nano-freer.o)
 .debug_frame   0x0000000000004a8c       0x2c c:/st/stm32cubeide_1.0.1/stm32cubeide/plugins/com.st.stm32cube.ide.mcu.externaltools.gnu-tools-for-stm32.7-2018-q2-update.win32_1.0.0.201904181610/tools/bin/../lib/gcc/arm-none-eabi/7.3.1/../../../../arm-none-eabi/lib/thumb/v7-m\libc_nano.a(lib_a-nano-mallocr.o)
 .debug_frame   0x0000000000004ab8       0x3c c:/st/stm32cubeide_1.0.1/stm32cubeide/plugins/com.st.stm32cube.ide.mcu.externaltools.gnu-tools-for-stm32.7-2018-q2-update.win32_1.0.0.201904181610/tools/bin/../lib/gcc/arm-none-eabi/7.3.1/../../../../arm-none-eabi/lib/thumb/v7-m\libc_nano.a(lib_a-nano-reallocr.o)
 .debug_frame   0x0000000000004af4       0x2c c:/st/stm32cubeide_1.0.1/stm32cubeide/plugins/com.st.stm32cube.ide.mcu.externaltools.gnu-tools-for-stm32.7-2018-q2-update.win32_1.0.0.201904181610/tools/bin/../lib/gcc/arm-none-eabi/7.3.1/../../../../arm-none-eabi/lib/thumb/v7-m\libc_nano.a(lib_a-sbrkr.o)
 .debug_frame   0x0000000000004b20       0x30 c:/st/stm32cubeide_1.0.1/stm32cubeide/plugins/com.st.stm32cube.ide.mcu.externaltools.gnu-tools-for-stm32.7-2018-q2-update.win32_1.0.0.201904181610/tools/bin/../lib/gcc/arm-none-eabi/7.3.1/../../../../arm-none-eabi/lib/thumb/v7-m\libc_nano.a(lib_a-mlock.o)
 .debug_frame   0x0000000000004b50       0x20 c:/st/stm32cubeide_1.0.1/stm32cubeide/plugins/com.st.stm32cube.ide.mcu.externaltools.gnu-tools-for-stm32.7-2018-q2-update.win32_1.0.0.201904181610/tools/bin/../lib/gcc/arm-none-eabi/7.3.1/../../../../arm-none-eabi/lib/thumb/v7-m\libc_nano.a(lib_a-nano-msizer.o)
 .debug_frame   0x0000000000004b70       0x5c c:/st/stm32cubeide_1.0.1/stm32cubeide/plugins/com.st.stm32cube.ide.mcu.externaltools.gnu-tools-for-stm32.7-2018-q2-update.win32_1.0.0.201904181610/tools/bin/../lib/gcc/arm-none-eabi/7.3.1/../../../../arm-none-eabi/lib/thumb/v7-m\libc_nano.a(lib_a-reent.o)