Archive member included to satisfy reference by file (symbol)

c:/st/stm32cubeide_1.0.1/stm32cubeide/plugins/com.st.stm32cube.ide.mcu.externaltools.gnu-tools-for-stm32.7-2018-q2-update.win32_1.0.0.201904181610/tools/bin/../lib/gcc/arm-none-eabi/7.3.1/../../../../arm-none-eabi/lib/thumb/v7-m\libc_nano.a(lib_a-errno.o)
                              Core/Src/syscalls.o (__errno)
c:/st/stm32cubeide_1.0.1/stm32cubeide/plugins/com.st.stm32cube.ide.mcu.externaltools.gnu-tools-for-stm32.7-2018-q2-update.win32_1.0.0.201904181610/tools/bin/../lib/gcc/arm-none-eabi/7.3.1/../../../../arm-none-eabi/lib/thumb/v7-m\libc_nano.a(lib_a-exit.o)
                              c:/st/stm32cubeide_1.0.1/stm32cubeide/plugins/com.st.stm32cube.ide.mcu.externaltools.gnu-tools-for-stm32.7-2018-q2-update.win32_1.0.0.201904181610/tools/bin/../lib/gcc/arm-none-eabi/7.3.1/../../../../arm-none-eabi/lib/thumb/v7-m/crt0.o (exit)
c:/st/stm32cubeide_1.0.1/stm32cubeide/plugins/com.st.stm32cube.ide.mcu.externaltools.gnu-tools-for-stm32.7-2018-q2-update.win32_1.0.0.201904181610/tools/bin/../lib/gcc/arm-none-eabi/7.3.1/../../../../arm-none-eabi/lib/thumb/v7-m\libc_nano.a(lib_a-impure.o)
                              c:/st/stm32cubeide_1.0.1/stm32cubeide/plugins/com.st.stm32cube.ide.mcu.externaltools.gnu-tools-for-stm32.7-2018-q2-update.win32_1.0.0.201904181610/tools/bin/../lib/gcc/arm-none-eabi/7.3.1/../../../../arm-none-eabi/lib/thumb/v7-m\libc_nano.a(lib_a-exit.o) (_global_impure_ptr)
c:/st/stm32cubeide_1.0.1/stm32cubeide/plugins/com.st.stm32cube.ide.mcu.externaltools.gnu-tools-for-stm32.7-2018-q2-update.win32_1.0.0.201904181610/tools/bin/../lib/gcc/arm-none-eabi/7.3.1/../../../../arm-none-eabi/lib/thumb/v7-m\libc_nano.a(lib_a-init.o)
                              c:/st/stm32cubeide_1.0.1/stm32cubeide/plugins/com.st.stm32cube.ide.mcu.externaltools.gnu-tools-for-stm32.7-2018-q2-update.win32_1.0.0.201904181610/tools/bin/../lib/gcc/arm-none-eabi/7.3.1/../../../../arm-none-eabi/lib/thumb/v7-m/crt0.o (__libc_init_array)
c:/st/stm32cubeide_1.0.1/stm32cubeide/plugins/com.st.stm32cube.ide.mcu.externaltools.gnu-tools-for-stm32.7-2018-q2-update.win32_1.0.0.201904181610/tools/bin/../lib/gcc/arm-none-eabi/7.3.1/../../../../arm-none-eabi/lib/thumb/v7-m\libc_nano.a(lib_a-memset.o)
                              c:/st/stm32cubeide_1.0.1/stm32cubeide/plugins/com.st.stm32cube.ide.mcu.externaltools.gnu-tools-for-stm32.7-2018-q2-update.win32_1.0.0.201904181610/tools/bin/../lib/gcc/arm-none-eabi/7.3.1/../../../../arm-none-eabi/lib/thumb/v7-m/crt0.o (memset)
c:/st/stm32cubeide_1.0.1/stm32cubeide/plugins/com.st.stm32cube.ide.mcu.externaltools.gnu-tools-for-stm32.7-2018-q2-update.win32_1.0.0.201904181610/tools/bin/../lib/gcc/arm-none-eabi/7.3.1/../../../../arm-none-eabi/lib/thumb/v7-m\libc_nano.a(lib_a-sprintf.o)
                              Core/Src/main.o (sprintf)
c:/st/stm32cubeide_1.0.1/stm32cubeide/plugins/com.st.stm32cube.ide.mcu.externaltools.gnu-tools-for-stm32.7-2018-q2-update.win32_1.0.0.201904181610/tools/bin/../lib/gcc/arm-none-eabi/7.3.1/../../../../arm-none-eabi/lib/thumb/v7-m\libc_nano.a(lib_a-strcpy.o)
                              Src/menu.o (strcpy)
c:/st/stm32cubeide_1.0.1/stm32cubeide/plugins/com.st.stm32cube.ide.mcu.externaltools.gnu-tools-for-stm32.7-2018-q2-update.win32_1.0.0.201904181610/tools/bin/../lib/gcc/arm-none-eabi/7.3.1/../../../../arm-none-eabi/lib/thumb/v7-m\libc_nano.a(lib_a-nano-svfprintf.o)
                              c:/st/stm32cubeide_1.0.1/stm32cubeide/plugins/com.st.stm32cube.ide.mcu.externaltools.gnu-tools-for-stm32.7-2018-q2-update.win32_1.0.0.201904181610/tools/bin/../lib/gcc/arm-none-eabi/7.3.1/../../../../arm-none-eabi/lib/thumb/v7-m\libc_nano.a(lib_a-sprintf.o) (_svfprintf_r)
c:/st/stm32cubeide_1.0.1/stm32cubeide/plugins/com.st.stm32cube.ide.mcu.externaltools.gnu-tools-for-stm32.7-2018-q2-update.win32_1.0.0.201904181610/tools/bin/../lib/gcc/arm-none-eabi/7.3.1/../../../../arm-none-eabi/lib/thumb/v7-m\libc_nano.a(lib_a-nano-vfprintf_i.o)
                              c:/st/stm32cubeide_1.0.1/stm32cubeide/plugins/com.st.stm32cube.ide.mcu.externaltools.gnu-tools-for-stm32.7-2018-q2-update.win32_1.0.0.201904181610/tools/bin/../lib/gcc/arm-none-eabi/7.3.1/../../../../arm-none-eabi/lib/thumb/v7-m\libc_nano.a(lib_a-nano-svfprintf.o) (_printf_i)
c:/st/stm32cubeide_1.0.1/stm32cubeide/plugins/com.st.stm32cube.ide.mcu.externaltools.gnu-tools-for-stm32.7-2018-q2-update.win32_1.0.0.201904181610/tools/bin/../lib/gcc/arm-none-eabi/7.3.1/../../../../arm-none-eabi/lib/thumb/v7-m\libc_nano.a(lib_a-memchr-stub.o)
                              c:/st/stm32cubeide_1.0.1/stm32cubeide/plugins/com.st.stm32cube.ide.mcu.externaltools.gnu-tools-for-stm32.7-2018-q2-update.win32_1.0.0.201904181610/tools/bin/../lib/gcc/arm-none-eabi/7.3.1/../../../../arm-none-eabi/lib/thumb/v7-m\libc_nano.a(lib_a-nano-svfprintf.o) (memchr)
[...]
Memory Configuration

Name             Origin             Length             Attributes
RAM              0x0000000020000000 0x0000000000002000 xrw
FLASH            0x0000000008000000 0x0000000000010000 xr
*default*        0x0000000000000000 0xffffffffffffffff

Linker script and memory map

LOAD c:/st/stm32cubeide_1.0.1/stm32cubeide/plugins/com.st.stm32cube.ide.mcu.externaltools.gnu-tools-for-stm32.7-2018-q2-update.win32_1.0.0.201904181610/tools/bin/../lib/gcc/arm-none-eabi/7.3.1/thumb/v7-m/crti.o
LOAD c:/st/stm32cubeide_1.0.1/stm32cubeide/plugins/com.st.stm32cube.ide.mcu.externaltools.gnu-tools-for-stm32.7-2018-q2-update.win32_1.0.0.201904181610/tools/bin/../lib/gcc/arm-none-eabi/7.3.1/thumb/v7-m/crtbegin.o
LOAD c:/st/stm32cubeide_1.0.1/stm32cubeide/plugins/com.st.stm32cube.ide.mcu.externaltools.gnu-tools-for-stm32.7-2018-q2-update.win32_1.0.0.201904181610/tools/bin/../lib/gcc/arm-none-eabi/7.3.1/../../../../arm-none-eabi/lib/thumb/v7-m/crt0.o
LOAD Core/Src/main.o
LOAD Core/Src/stm32f1xx_hal_msp.o
LOAD Core/Src/stm32f1xx_it.o
LOAD Core/Src/syscalls.o
LOAD Core/Src/sysmem.o
LOAD Core/Src/system_stm32f1xx.o
LOAD Core/Startup/startup_stm32f100c8tx.o
LOAD Drivers/STM32F1xx_HAL_Driver/Src/stm32f1xx_hal.o
LOAD Drivers/STM32F1xx_HAL_Driver/Src/stm32f1xx_hal_adc.o
LOAD Drivers/STM32F1xx_HAL_Driver/Src/stm32f1xx_hal_adc_ex.o
LOAD Drivers/STM32F1xx_HAL_Driver/Src/stm32f1xx_hal_cortex.o
LOAD Drivers/STM32F1xx_HAL_Driver/Src/stm32f1xx_hal_dma.o
LOAD Drivers/STM32F1xx_HAL_Driver/Src/stm32f1xx_hal_exti.o
LOAD Drivers/STM32F1xx_HAL_Driver/Src/stm32f1xx_hal_flash.o
LOAD Drivers/STM32F1xx_HAL_Driver/Src/stm32f1xx_hal_flash_ex.o
LOAD Drivers/STM32F1xx_HAL_Driver/Src/stm32f1xx_hal_gpio.o
LOAD Drivers/STM32F1xx_HAL_Driver/Src/stm32f1xx_hal_gpio_ex.o
LOAD Drivers/STM32F1xx_HAL_Driver/Src/stm32f1xx_hal_i2c.o
LOAD Drivers/STM32F1xx_HAL_Driver/Src/stm32f1xx_hal_pwr.o
LOAD Drivers/STM32F1xx_HAL_Driver/Src/stm32f1xx_hal_rcc.o
LOAD Drivers/STM32F1xx_HAL_Driver/Src/stm32f1xx_hal_rcc_ex.o
LOAD Drivers/STM32F1xx_HAL_Driver/Src/stm32f1xx_hal_rtc.o
LOAD Drivers/STM32F1xx_HAL_Driver/Src/stm32f1xx_hal_rtc_ex.o
LOAD Drivers/STM32F1xx_HAL_Driver/Src/stm32f1xx_hal_tim.o
LOAD Drivers/STM32F1xx_HAL_Driver/Src/stm32f1xx_hal_tim_ex.o
LOAD Src/ADC_Ap.o
LOAD Src/OLED.o
LOAD Src/RTC_Ap.o
LOAD Src/ServoKontrol.o
LOAD Src/buttonPed.o
LOAD Src/displaySelection.o
LOAD Src/drv8833.o
LOAD Src/fonts.o
LOAD Src/menu.o
LOAD Src/petFeed_Setting.o
LOAD Src/petFeeding.o
LOAD Src/timerAp.o
START GROUP
LOAD c:/st/stm32cubeide_1.0.1/stm32cubeide/plugins/com.st.stm32cube.ide.mcu.externaltools.gnu-tools-for-stm32.7-2018-q2-update.win32_1.0.0.201904181610/tools/bin/../lib/gcc/arm-none-eabi/7.3.1/../../../../arm-none-eabi/lib/thumb/v7-m\libc_nano.a
LOAD c:/st/stm32cubeide_1.0.1/stm32cubeide/plugins/com.st.stm32cube.ide.mcu.externaltools.gnu-tools-for-stm32.7-2018-q2-update.win32_1.0.0.201904181610/tools/bin/../lib/gcc/arm-none-eabi/7.3.1/../../../../arm-none-eabi/lib/thumb/v7-m\libm.a
END GROUP
START GROUP
LOAD c:/st/stm32cubeide_1.0.1/stm32cubeide/plugins/com.st.stm32cube.ide.mcu.externaltools.gnu-tools-for-stm32.7-2018-q2-update.win32_1.0.0.201904181610/tools/bin/../lib/gcc/arm-none-eabi/7.3.1/thumb/v7-m\libgcc.a
LOAD c:/st/stm32cubeide_1.0.1/stm32cubeide/plugins/com.st.stm32cube.ide.mcu.externaltools.gnu-tools-for-stm32.7-2018-q2-update.win32_1.0.0.201904181610/tools/bin/../lib/gcc/arm-none-eabi/7.3.1/../../../../arm-none-eabi/lib/thumb/v7-m\libc_nano.a
END GROUP
START GROUP
LOAD c:/st/stm32cubeide_1.0.1/stm32cubeide/plugins/com.st.stm32cube.ide.mcu.externaltools.gnu-tools-for-stm32.7-2018-q2-update.win32_1.0.0.201904181610/tools/bin/../lib/gcc/arm-none-eabi/7.3.1/thumb/v7-m\libgcc.a
LOAD c:/st/stm32cubeide_1.0.1/stm32cubeide/plugins/com.st.stm32cube.ide.mcu.externaltools.gnu-tools-for-stm32.7-2018-q2-update.win32_1.0.0.201904181610/tools/bin/../lib/gcc/arm-none-eabi/7.3.1/../../../../arm-none-eabi/lib/thumb/v7-m\libc_nano.a
LOAD c:/st/stm32cubeide_1.0.1/stm32cubeide/plugins/com.st.stm32cube.ide.mcu.externaltools.gnu-tools-for-stm32.7-2018-q2-update.win32_1.0.0.201904181610/tools/bin/../lib/gcc/arm-none-eabi/7.3.1/../../../../arm-none-eabi/lib/thumb/v7-m\libnosys.a
END GROUP
START GROUP
LOAD c:/st/stm32cubeide_1.0.1/stm32cubeide/plugins/com.st.stm32cube.ide.mcu.externaltools.gnu-tools-for-stm32.7-2018-q2-update.win32_1.0.0.201904181610/tools/bin/../lib/gcc/arm-none-eabi/7.3.1/thumb/v7-m\libgcc.a
LOAD c:/st/stm32cubeide_1.0.1/stm32cubeide/plugins/com.st.stm32cube.ide.mcu.externaltools.gnu-tools-for-stm32.7-2018-q2-update.win32_1.0.0.201904181610/tools/bin/../lib/gcc/arm-none-eabi/7.3.1/../../../../arm-none-eabi/lib/thumb/v7-m\libc_nano.a
LOAD c:/st/stm32cubeide_1.0.1/stm32cubeide/plugins/com.st.stm32cube.ide.mcu.externaltools.gnu-tools-for-stm32.7-2018-q2-update.win32_1.0.0.201904181610/tools/bin/../lib/gcc/arm-none-eabi/7.3.1/../../../../arm-none-eabi/lib/thumb/v7-m\libnosys.a
END GROUP
LOAD c:/st/stm32cubeide_1.0.1/stm32cubeide/plugins/com.st.stm32cube.ide.mcu.externaltools.gnu-tools-for-stm32.7-2018-q2-update.win32_1.0.0.201904181610/tools/bin/../lib/gcc/arm-none-eabi/7.3.1/thumb/v7-m/crtend.o
LOAD c:/st/stm32cubeide_1.0.1/stm32cubeide/plugins/com.st.stm32cube.ide.mcu.externaltools.gnu-tools-for-stm32.7-2018-q2-update.win32_1.0.0.201904181610/tools/bin/../lib/gcc/arm-none-eabi/7.3.1/thumb/v7-m/crtn.o
                0x0000000020002000                _estack = (ORIGIN (RAM) + LENGTH (RAM))
                0x0000000000000200                _Min_Heap_Size = 0x200
                0x0000000000000400                _Min_Stack_Size = 0x400

.isr_vector     0x0000000008000000      0x1d0
                0x0000000008000000                . = ALIGN (0x4)
 *(.isr_vector)
 .isr_vector    0x0000000008000000      0x1d0 Core/Startup/startup_stm32f100c8tx.o
                0x0000000008000000                g_pfnVectors
                0x00000000080001d0                . = ALIGN (0x4)

.text           0x00000000080001d0     0x73e0
                0x00000000080001d0                . = ALIGN (0x4)
 *(.text)
 .text          0x00000000080001d0       0x40 c:/st/stm32cubeide_1.0.1/stm32cubeide/plugins/com.st.stm32cube.ide.mcu.externaltools.gnu-tools-for-stm32.7-2018-q2-update.win32_1.0.0.201904181610/tools/bin/../lib/gcc/arm-none-eabi/7.3.1/thumb/v7-m/crtbegin.o
 *(.text*)
 .text.main     0x0000000008000210       0xe0 Core/Src/main.o
                0x0000000008000210                main
 .text.SystemClock_Config
                0x00000000080002f0       0xb4 Core/Src/main.o
                0x00000000080002f0                SystemClock_Config
 .text.MX_ADC1_Init
                0x00000000080003a4       0xe0 Core/Src/main.o
 .text.MX_I2C1_Init
                0x0000000008000484       0x5c Core/Src/main.o
 .text.MX_RTC_Init
                0x00000000080004e0       0x38 Core/Src/main.o
 .text.MX_TIM15_Init
                0x0000000008000518      0x140 Core/Src/main.o
 .text.MX_DMA_Init
                0x0000000008000658       0x3c Core/Src/main.o
 .text.MX_GPIO_Init
                0x0000000008000694      0x13c Core/Src/main.o
 .text.Error_Handler
                0x00000000080007d0        0xc Core/Src/main.o
                0x00000000080007d0                Error_Handler
 .text.HAL_MspInit
                0x00000000080007dc       0x64 Core/Src/stm32f1xx_hal_msp.o
                0x00000000080007dc                HAL_MspInit
 .text.HAL_ADC_MspInit
                0x0000000008000840       0xd0 Core/Src/stm32f1xx_hal_msp.o
                0x0000000008000840                HAL_ADC_MspInit
 .text.HAL_I2C_MspInit
                0x0000000008000910       0xa0 Core/Src/stm32f1xx_hal_msp.o
                0x0000000008000910                HAL_I2C_MspInit
 .text.HAL_RTC_MspInit
                0x00000000080009b0       0x48 Core/Src/stm32f1xx_hal_msp.o
                0x00000000080009b0                HAL_RTC_MspInit
 .text.HAL_TIM_Base_MspInit
                0x00000000080009f8       0x3c Core/Src/stm32f1xx_hal_msp.o
                0x00000000080009f8                HAL_TIM_Base_MspInit
 .text.HAL_TIM_MspPostInit
                0x0000000008000a34       0x78 Core/Src/stm32f1xx_hal_msp.o
                0x0000000008000a34                HAL_TIM_MspPostInit
 .text.NMI_Handler
                0x0000000008000aac        0xc Core/Src/stm32f1xx_it.o
                0x0000000008000aac                NMI_Handler
 .text.HardFault_Handler
                0x0000000008000ab8        0x6 Core/Src/stm32f1xx_it.o
                0x0000000008000ab8                HardFault_Handler
 .text.MemManage_Handler
                0x0000000008000abe        0x6 Core/Src/stm32f1xx_it.o
                0x0000000008000abe                MemManage_Handler
 .text.BusFault_Handler
                0x0000000008000ac4        0x6 Core/Src/stm32f1xx_it.o
                0x0000000008000ac4                BusFault_Handler
 .text.UsageFault_Handler
                0x0000000008000aca        0x6 Core/Src/stm32f1xx_it.o
                0x0000000008000aca                UsageFault_Handler
 .text.SVC_Handler
                0x0000000008000ad0        0xc Core/Src/stm32f1xx_it.o
                0x0000000008000ad0                SVC_Handler
 .text.DebugMon_Handler
                0x0000000008000adc        0xc Core/Src/stm32f1xx_it.o
                0x0000000008000adc                DebugMon_Handler
 .text.PendSV_Handler
                0x0000000008000ae8        0xc Core/Src/stm32f1xx_it.o
                0x0000000008000ae8                PendSV_Handler
 .text.SysTick_Handler
                0x0000000008000af4        0xc Core/Src/stm32f1xx_it.o
                0x0000000008000af4                SysTick_Handler
 .text.DMA1_Channel1_IRQHandler
                0x0000000008000b00       0x14 Core/Src/stm32f1xx_it.o
                0x0000000008000b00                DMA1_Channel1_IRQHandler
 .text.EXTI15_10_IRQHandler
                0x0000000008000b14       0x20 Core/Src/stm32f1xx_it.o
                0x0000000008000b14                EXTI15_10_IRQHandler
 .text._sbrk    0x0000000008000b34       0x58 Core/Src/sysmem.o
                0x0000000008000b34                _sbrk
 .text.SystemInit
                0x0000000008000b8c       0x70 Core/Src/system_stm32f1xx.o
                0x0000000008000b8c                SystemInit
 .text.Reset_Handler
                0x0000000008000bfc       0x48 Core/Startup/startup_stm32f100c8tx.o
                0x0000000008000bfc                Reset_Handler
 .text.Default_Handler
                0x0000000008000c44        0x2 Core/Startup/startup_stm32f100c8tx.o
                0x0000000008000c44                RTC_Alarm_IRQHandler
                0x0000000008000c44                EXTI2_IRQHandler
                0x0000000008000c44                TIM1_CC_IRQHandler
                0x0000000008000c44                PVD_IRQHandler
                0x0000000008000c44                EXTI3_IRQHandler
                0x0000000008000c44                EXTI0_IRQHandler
                0x0000000008000c44                TIM1_UP_TIM16_IRQHandler
                0x0000000008000c44                SPI1_IRQHandler
                0x0000000008000c44                TAMPER_IRQHandler
                0x0000000008000c44                TIM6_DAC_IRQHandler
                0x0000000008000c44                DMA1_Channel4_IRQHandler
                0x0000000008000c44                ADC1_IRQHandler
                0x0000000008000c44                USART3_IRQHandler
                0x0000000008000c44                RTC_IRQHandler
                0x0000000008000c44                DMA1_Channel7_IRQHandler
                0x0000000008000c44                TIM4_IRQHandler
                0x0000000008000c44                I2C1_EV_IRQHandler
                0x0000000008000c44                DMA1_Channel6_IRQHandler
                0x0000000008000c44                TIM3_IRQHandler
                0x0000000008000c44                RCC_IRQHandler
                0x0000000008000c44                Default_Handler
                0x0000000008000c44                CEC_IRQHandler
                0x0000000008000c44                EXTI9_5_IRQHandler
                0x0000000008000c44                DMA1_Channel5_IRQHandler
                0x0000000008000c44                EXTI4_IRQHandler
                0x0000000008000c44                TIM1_TRG_COM_TIM17_IRQHandler
                0x0000000008000c44                DMA1_Channel3_IRQHandler
                0x0000000008000c44                WWDG_IRQHandler
                0x0000000008000c44                TIM2_IRQHandler
                0x0000000008000c44                EXTI1_IRQHandler
                0x0000000008000c44                USART2_IRQHandler
                0x0000000008000c44                DMA1_Channel2_IRQHandler
                0x0000000008000c44                FLASH_IRQHandler
                0x0000000008000c44                USART1_IRQHandler
                0x0000000008000c44                I2C1_ER_IRQHandler
                0x0000000008000c44                TIM1_BRK_TIM15_IRQHandler
 .text.HAL_Init
                0x0000000008000c46       0x1a Drivers/STM32F1xx_HAL_Driver/Src/stm32f1xx_hal.o
                0x0000000008000c46                HAL_Init
 .text.HAL_InitTick
                0x0000000008000c60       0x60 Drivers/STM32F1xx_HAL_Driver/Src/stm32f1xx_hal.o
                0x0000000008000c60                HAL_InitTick
 .text.HAL_IncTick
                0x0000000008000cc0       0x24 Drivers/STM32F1xx_HAL_Driver/Src/stm32f1xx_hal.o
                0x0000000008000cc0                HAL_IncTick
 .text.HAL_GetTick
                0x0000000008000ce4       0x14 Drivers/STM32F1xx_HAL_Driver/Src/stm32f1xx_hal.o
                0x0000000008000ce4                HAL_GetTick
 .text.HAL_Delay
                0x0000000008000cf8       0x44 Drivers/STM32F1xx_HAL_Driver/Src/stm32f1xx_hal.o
                0x0000000008000cf8                HAL_Delay
 .text.HAL_ADC_Init
                0x0000000008000d3c      0x1b0 Drivers/STM32F1xx_HAL_Driver/Src/stm32f1xx_hal_adc.o
                0x0000000008000d3c                HAL_ADC_Init
 .text.HAL_ADC_Start_DMA
                0x0000000008000eec      0x134 Drivers/STM32F1xx_HAL_Driver/Src/stm32f1xx_hal_adc.o
                0x0000000008000eec                HAL_ADC_Start_DMA
 .text.HAL_ADC_Stop_DMA
                0x0000000008001020       0x8a Drivers/STM32F1xx_HAL_Driver/Src/stm32f1xx_hal_adc.o
                0x0000000008001020                HAL_ADC_Stop_DMA
 .text.HAL_ADC_ConvCpltCallback
                0x00000000080010aa       0x12 Drivers/STM32F1xx_HAL_Driver/Src/stm32f1xx_hal_adc.o
                0x00000000080010aa                HAL_ADC_ConvCpltCallback
 .text.HAL_ADC_ConvHalfCpltCallback
                0x00000000080010bc       0x12 Drivers/STM32F1xx_HAL_Driver/Src/stm32f1xx_hal_adc.o
                0x00000000080010bc                HAL_ADC_ConvHalfCpltCallback
 .text.HAL_ADC_ErrorCallback
                0x00000000080010ce       0x12 Drivers/STM32F1xx_HAL_Driver/Src/stm32f1xx_hal_adc.o
                0x00000000080010ce                HAL_ADC_ErrorCallback
 .text.HAL_ADC_ConfigChannel
                0x00000000080010e0      0x1f0 Drivers/STM32F1xx_HAL_Driver/Src/stm32f1xx_hal_adc.o
                0x00000000080010e0                HAL_ADC_ConfigChannel
 .text.ADC_Enable
                0x00000000080012d0       0xa4 Drivers/STM32F1xx_HAL_Driver/Src/stm32f1xx_hal_adc.o
                0x00000000080012d0                ADC_Enable
 .text.ADC_ConversionStop_Disable
                0x0000000008001374       0x74 Drivers/STM32F1xx_HAL_Driver/Src/stm32f1xx_hal_adc.o
                0x0000000008001374                ADC_ConversionStop_Disable
 .text.ADC_DMAConvCplt
                0x00000000080013e8       0x7c Drivers/STM32F1xx_HAL_Driver/Src/stm32f1xx_hal_adc.o
                0x00000000080013e8                ADC_DMAConvCplt
 .text.ADC_DMAHalfConvCplt
                0x0000000008001464       0x1c Drivers/STM32F1xx_HAL_Driver/Src/stm32f1xx_hal_adc.o
                0x0000000008001464                ADC_DMAHalfConvCplt
 .text.ADC_DMAError
                0x0000000008001480       0x34 Drivers/STM32F1xx_HAL_Driver/Src/stm32f1xx_hal_adc.o
                0x0000000008001480                ADC_DMAError
 .text.__NVIC_SetPriorityGrouping
                0x00000000080014b4       0x48 Drivers/STM32F1xx_HAL_Driver/Src/stm32f1xx_hal_cortex.o
 .text.__NVIC_GetPriorityGrouping
                0x00000000080014fc       0x1c Drivers/STM32F1xx_HAL_Driver/Src/stm32f1xx_hal_cortex.o
 .text.__NVIC_EnableIRQ
                0x0000000008001518       0x38 Drivers/STM32F1xx_HAL_Driver/Src/stm32f1xx_hal_cortex.o
 .text.__NVIC_SetPriority
                0x0000000008001550       0x54 Drivers/STM32F1xx_HAL_Driver/Src/stm32f1xx_hal_cortex.o
 .text.NVIC_EncodePriority
                0x00000000080015a4       0x64 Drivers/STM32F1xx_HAL_Driver/Src/stm32f1xx_hal_cortex.o
 .text.SysTick_Config
                0x0000000008001608       0x44 Drivers/STM32F1xx_HAL_Driver/Src/stm32f1xx_hal_cortex.o
 .text.HAL_NVIC_SetPriorityGrouping
                0x000000000800164c       0x16 Drivers/STM32F1xx_HAL_Driver/Src/stm32f1xx_hal_cortex.o
                0x000000000800164c                HAL_NVIC_SetPriorityGrouping
 .text.HAL_NVIC_SetPriority
                0x0000000008001662       0x38 Drivers/STM32F1xx_HAL_Driver/Src/stm32f1xx_hal_cortex.o
                0x0000000008001662                HAL_NVIC_SetPriority
 .text.HAL_NVIC_EnableIRQ
                0x000000000800169a       0x1c Drivers/STM32F1xx_HAL_Driver/Src/stm32f1xx_hal_cortex.o
                0x000000000800169a                HAL_NVIC_EnableIRQ
 .text.HAL_SYSTICK_Config
                0x00000000080016b6       0x18 Drivers/STM32F1xx_HAL_Driver/Src/stm32f1xx_hal_cortex.o
                0x00000000080016b6                HAL_SYSTICK_Config
 *fill*         0x00000000080016ce        0x2 
 .text.HAL_DMA_Init
                0x00000000080016d0       0xb4 Drivers/STM32F1xx_HAL_Driver/Src/stm32f1xx_hal_dma.o
                0x00000000080016d0                HAL_DMA_Init
 .text.HAL_DMA_Start_IT
                0x0000000008001784       0xbe Drivers/STM32F1xx_HAL_Driver/Src/stm32f1xx_hal_dma.o
                0x0000000008001784                HAL_DMA_Start_IT
 .text.HAL_DMA_Abort
                0x0000000008001842       0x74 Drivers/STM32F1xx_HAL_Driver/Src/stm32f1xx_hal_dma.o
                0x0000000008001842                HAL_DMA_Abort
 *fill*         0x00000000080018b6        0x2 
 .text.HAL_DMA_IRQHandler
                0x00000000080018b8      0x20c Drivers/STM32F1xx_HAL_Driver/Src/stm32f1xx_hal_dma.o
                0x00000000080018b8                HAL_DMA_IRQHandler
 .text.DMA_SetConfig
                0x0000000008001ac4       0x5a Drivers/STM32F1xx_HAL_Driver/Src/stm32f1xx_hal_dma.o
 *fill*         0x0000000008001b1e        0x2 
 .text.HAL_GPIO_Init
                0x0000000008001b20      0x2b4 Drivers/STM32F1xx_HAL_Driver/Src/stm32f1xx_hal_gpio.o
                0x0000000008001b20                HAL_GPIO_Init
 .text.HAL_GPIO_ReadPin
                0x0000000008001dd4       0x2e Drivers/STM32F1xx_HAL_Driver/Src/stm32f1xx_hal_gpio.o
                0x0000000008001dd4                HAL_GPIO_ReadPin
 .text.HAL_GPIO_WritePin
                0x0000000008001e02       0x30 Drivers/STM32F1xx_HAL_Driver/Src/stm32f1xx_hal_gpio.o
                0x0000000008001e02                HAL_GPIO_WritePin
 *fill*         0x0000000008001e32        0x2 
 .text.HAL_GPIO_EXTI_IRQHandler
                0x0000000008001e34       0x30 Drivers/STM32F1xx_HAL_Driver/Src/stm32f1xx_hal_gpio.o
                0x0000000008001e34                HAL_GPIO_EXTI_IRQHandler
 .text.HAL_GPIO_EXTI_Callback
                0x0000000008001e64       0x14 Drivers/STM32F1xx_HAL_Driver/Src/stm32f1xx_hal_gpio.o
                0x0000000008001e64                HAL_GPIO_EXTI_Callback
 .text.HAL_I2C_Init
                0x0000000008001e78      0x250 Drivers/STM32F1xx_HAL_Driver/Src/stm32f1xx_hal_i2c.o
                0x0000000008001e78                HAL_I2C_Init
 .text.HAL_I2C_Mem_Write
                0x00000000080020c8      0x1f4 Drivers/STM32F1xx_HAL_Driver/Src/stm32f1xx_hal_i2c.o
                0x00000000080020c8                HAL_I2C_Mem_Write
 .text.I2C_RequestMemoryWrite
                0x00000000080022bc      0x114 Drivers/STM32F1xx_HAL_Driver/Src/stm32f1xx_hal_i2c.o
 .text.I2C_WaitOnFlagUntilTimeout
                0x00000000080023d0       0xae Drivers/STM32F1xx_HAL_Driver/Src/stm32f1xx_hal_i2c.o
 .text.I2C_WaitOnMasterAddressFlagUntilTimeout
                0x000000000800247e       0xfe Drivers/STM32F1xx_HAL_Driver/Src/stm32f1xx_hal_i2c.o
 .text.I2C_WaitOnTXEFlagUntilTimeout
                0x000000000800257c       0x82 Drivers/STM32F1xx_HAL_Driver/Src/stm32f1xx_hal_i2c.o
 .text.I2C_WaitOnBTFFlagUntilTimeout
                0x00000000080025fe       0x82 Drivers/STM32F1xx_HAL_Driver/Src/stm32f1xx_hal_i2c.o
 .text.I2C_IsAcknowledgeFailed
                0x0000000008002680       0x5c Drivers/STM32F1xx_HAL_Driver/Src/stm32f1xx_hal_i2c.o
 .text.HAL_PWR_EnableBkUpAccess
                0x00000000080026dc       0x18 Drivers/STM32F1xx_HAL_Driver/Src/stm32f1xx_hal_pwr.o
                0x00000000080026dc                HAL_PWR_EnableBkUpAccess
 .text.HAL_RCC_OscConfig
                0x00000000080026f4      0x500 Drivers/STM32F1xx_HAL_Driver/Src/stm32f1xx_hal_rcc.o
                0x00000000080026f4                HAL_RCC_OscConfig
 .text.HAL_RCC_ClockConfig
                0x0000000008002bf4      0x170 Drivers/STM32F1xx_HAL_Driver/Src/stm32f1xx_hal_rcc.o
                0x0000000008002bf4                HAL_RCC_ClockConfig
 .text.HAL_RCC_GetSysClockFreq
                0x0000000008002d64       0xc8 Drivers/STM32F1xx_HAL_Driver/Src/stm32f1xx_hal_rcc.o
                0x0000000008002d64                HAL_RCC_GetSysClockFreq
 .text.HAL_RCC_GetHCLKFreq
                0x0000000008002e2c       0x14 Drivers/STM32F1xx_HAL_Driver/Src/stm32f1xx_hal_rcc.o
                0x0000000008002e2c                HAL_RCC_GetHCLKFreq
 .text.HAL_RCC_GetPCLK1Freq
                0x0000000008002e40       0x28 Drivers/STM32F1xx_HAL_Driver/Src/stm32f1xx_hal_rcc.o
                0x0000000008002e40                HAL_RCC_GetPCLK1Freq
 .text.HAL_RCC_GetPCLK2Freq
                0x0000000008002e68       0x28 Drivers/STM32F1xx_HAL_Driver/Src/stm32f1xx_hal_rcc.o
                0x0000000008002e68                HAL_RCC_GetPCLK2Freq
 .text.RCC_Delay
                0x0000000008002e90       0x3c Drivers/STM32F1xx_HAL_Driver/Src/stm32f1xx_hal_rcc.o
 .text.HAL_RCCEx_PeriphCLKConfig
                0x0000000008002ecc      0x14c Drivers/STM32F1xx_HAL_Driver/Src/stm32f1xx_hal_rcc_ex.o
                0x0000000008002ecc                HAL_RCCEx_PeriphCLKConfig
 .text.HAL_RCCEx_GetPeriphCLKFreq
                0x0000000008003018       0xb0 Drivers/STM32F1xx_HAL_Driver/Src/stm32f1xx_hal_rcc_ex.o
                0x0000000008003018                HAL_RCCEx_GetPeriphCLKFreq
 .text.HAL_RTC_Init
                0x00000000080030c8      0x12c Drivers/STM32F1xx_HAL_Driver/Src/stm32f1xx_hal_rtc.o
                0x00000000080030c8                HAL_RTC_Init
 .text.HAL_RTC_SetTime
                0x00000000080031f4      0x12e Drivers/STM32F1xx_HAL_Driver/Src/stm32f1xx_hal_rtc.o
                0x00000000080031f4                HAL_RTC_SetTime
 *fill*         0x0000000008003322        0x2 
 .text.HAL_RTC_GetTime
                0x0000000008003324      0x1b0 Drivers/STM32F1xx_HAL_Driver/Src/stm32f1xx_hal_rtc.o
                0x0000000008003324                HAL_RTC_GetTime
 .text.HAL_RTC_SetDate
                0x00000000080034d4      0x16c Drivers/STM32F1xx_HAL_Driver/Src/stm32f1xx_hal_rtc.o
                0x00000000080034d4                HAL_RTC_SetDate
 .text.HAL_RTC_GetDate
                0x0000000008003640       0xa8 Drivers/STM32F1xx_HAL_Driver/Src/stm32f1xx_hal_rtc.o
                0x0000000008003640                HAL_RTC_GetDate
 .text.HAL_RTC_SetAlarm_IT
                0x00000000080036e8      0x168 Drivers/STM32F1xx_HAL_Driver/Src/stm32f1xx_hal_rtc.o
                0x00000000080036e8                HAL_RTC_SetAlarm_IT
 .text.HAL_RTC_GetAlarm
                0x0000000008003850       0xec Drivers/STM32F1xx_HAL_Driver/Src/stm32f1xx_hal_rtc.o
                0x0000000008003850                HAL_RTC_GetAlarm
 .text.HAL_RTC_WaitForSynchro
                0x000000000800393c       0x5a Drivers/STM32F1xx_HAL_Driver/Src/stm32f1xx_hal_rtc.o
                0x000000000800393c                HAL_RTC_WaitForSynchro
 .text.RTC_ReadTimeCounter
                0x0000000008003996       0x60 Drivers/STM32F1xx_HAL_Driver/Src/stm32f1xx_hal_rtc.o
 .text.RTC_WriteTimeCounter
                0x00000000080039f6       0x4e Drivers/STM32F1xx_HAL_Driver/Src/stm32f1xx_hal_rtc.o
 .text.RTC_ReadAlarmCounter
                0x0000000008003a44       0x32 Drivers/STM32F1xx_HAL_Driver/Src/stm32f1xx_hal_rtc.o
 .text.RTC_WriteAlarmCounter
                0x0000000008003a76       0x4e Drivers/STM32F1xx_HAL_Driver/Src/stm32f1xx_hal_rtc.o
 .text.RTC_EnterInitMode
                0x0000000008003ac4       0x50 Drivers/STM32F1xx_HAL_Driver/Src/stm32f1xx_hal_rtc.o
 .text.RTC_ExitInitMode
                0x0000000008003b14       0x50 Drivers/STM32F1xx_HAL_Driver/Src/stm32f1xx_hal_rtc.o
 .text.RTC_ByteToBcd2
                0x0000000008003b64       0x3a Drivers/STM32F1xx_HAL_Driver/Src/stm32f1xx_hal_rtc.o
 .text.RTC_Bcd2ToByte
                0x0000000008003b9e       0x3a Drivers/STM32F1xx_HAL_Driver/Src/stm32f1xx_hal_rtc.o
 .text.RTC_DateUpdate
                0x0000000008003bd8      0x152 Drivers/STM32F1xx_HAL_Driver/Src/stm32f1xx_hal_rtc.o
 *fill*         0x0000000008003d2a        0x2 
 .text.RTC_IsLeapYear
                0x0000000008003d2c       0x64 Drivers/STM32F1xx_HAL_Driver/Src/stm32f1xx_hal_rtc.o
 .text.RTC_WeekDayNum
                0x0000000008003d90       0xf0 Drivers/STM32F1xx_HAL_Driver/Src/stm32f1xx_hal_rtc.o
 .text.HAL_TIM_Base_Init
                0x0000000008003e80       0x56 Drivers/STM32F1xx_HAL_Driver/Src/stm32f1xx_hal_tim.o
                0x0000000008003e80                HAL_TIM_Base_Init
 .text.HAL_TIM_PWM_Init
                0x0000000008003ed6       0x56 Drivers/STM32F1xx_HAL_Driver/Src/stm32f1xx_hal_tim.o
                0x0000000008003ed6                HAL_TIM_PWM_Init
 .text.HAL_TIM_PWM_MspInit
                0x0000000008003f2c       0x12 Drivers/STM32F1xx_HAL_Driver/Src/stm32f1xx_hal_tim.o
                0x0000000008003f2c                HAL_TIM_PWM_MspInit
 *fill*         0x0000000008003f3e        0x2 
 .text.HAL_TIM_PWM_Start
                0x0000000008003f40       0x98 Drivers/STM32F1xx_HAL_Driver/Src/stm32f1xx_hal_tim.o
                0x0000000008003f40                HAL_TIM_PWM_Start
 .text.HAL_TIM_PWM_ConfigChannel
                0x0000000008003fd8      0x18c Drivers/STM32F1xx_HAL_Driver/Src/stm32f1xx_hal_tim.o
                0x0000000008003fd8                HAL_TIM_PWM_ConfigChannel
 .text.HAL_TIM_ConfigClockSource
                0x0000000008004164      0x16e Drivers/STM32F1xx_HAL_Driver/Src/stm32f1xx_hal_tim.o
                0x0000000008004164                HAL_TIM_ConfigClockSource
 *fill*         0x00000000080042d2        0x2 
 .text.TIM_Base_SetConfig
                0x00000000080042d4      0x100 Drivers/STM32F1xx_HAL_Driver/Src/stm32f1xx_hal_tim.o
                0x00000000080042d4                TIM_Base_SetConfig
 .text.TIM_OC1_SetConfig
                0x00000000080043d4      0x108 Drivers/STM32F1xx_HAL_Driver/Src/stm32f1xx_hal_tim.o
 .text.TIM_OC2_SetConfig
                0x00000000080044dc       0xf8 Drivers/STM32F1xx_HAL_Driver/Src/stm32f1xx_hal_tim.o
                0x00000000080044dc                TIM_OC2_SetConfig
 .text.TIM_OC3_SetConfig
                0x00000000080045d4       0xf8 Drivers/STM32F1xx_HAL_Driver/Src/stm32f1xx_hal_tim.o
 .text.TIM_OC4_SetConfig
                0x00000000080046cc       0xc0 Drivers/STM32F1xx_HAL_Driver/Src/stm32f1xx_hal_tim.o
 .text.TIM_TI1_ConfigInputStage
                0x000000000800478c       0x5c Drivers/STM32F1xx_HAL_Driver/Src/stm32f1xx_hal_tim.o
 .text.TIM_TI2_ConfigInputStage
                0x00000000080047e8       0x5e Drivers/STM32F1xx_HAL_Driver/Src/stm32f1xx_hal_tim.o
 .text.TIM_ITRx_SetConfig
                0x0000000008004846       0x34 Drivers/STM32F1xx_HAL_Driver/Src/stm32f1xx_hal_tim.o
 .text.TIM_ETR_SetConfig
                0x000000000800487a       0x3e Drivers/STM32F1xx_HAL_Driver/Src/stm32f1xx_hal_tim.o
                0x000000000800487a                TIM_ETR_SetConfig
 .text.TIM_CCxChannelCmd
                0x00000000080048b8       0x48 Drivers/STM32F1xx_HAL_Driver/Src/stm32f1xx_hal_tim.o
                0x00000000080048b8                TIM_CCxChannelCmd
 .text.HAL_TIMEx_MasterConfigSynchronization
                0x0000000008004900       0x88 Drivers/STM32F1xx_HAL_Driver/Src/stm32f1xx_hal_tim_ex.o
                0x0000000008004900                HAL_TIMEx_MasterConfigSynchronization
 .text.HAL_TIMEx_ConfigBreakDeadTime
                0x0000000008004988       0xa2 Drivers/STM32F1xx_HAL_Driver/Src/stm32f1xx_hal_tim_ex.o
                0x0000000008004988                HAL_TIMEx_ConfigBreakDeadTime
 *fill*         0x0000000008004a2a        0x2 
 .text.ADC_DMA_degerOkuma
                0x0000000008004a2c       0x28 Src/ADC_Ap.o
                0x0000000008004a2c                ADC_DMA_degerOkuma
 .text.pilGoster
                0x0000000008004a54       0x38 Src/ADC_Ap.o
                0x0000000008004a54                pilGoster
 .text.OLED_WriteCommand
                0x0000000008004a8c       0x30 Src/OLED.o
                0x0000000008004a8c                OLED_WriteCommand
 .text.OLED_UpdateScreen
                0x0000000008004abc       0x74 Src/OLED.o
                0x0000000008004abc                OLED_UpdateScreen
 .text.OLED_Init
                0x0000000008004b30       0xe4 Src/OLED.o
                0x0000000008004b30                OLED_Init
 .text.OLED_Fill
                0x0000000008004c14       0x30 Src/OLED.o
                0x0000000008004c14                OLED_Fill
 .text.OLED1_Fill
                0x0000000008004c44       0x44 Src/OLED.o
                0x0000000008004c44                OLED1_Fill
 .text.OLED_GotoXY
                0x0000000008004c88       0x2c Src/OLED.o
                0x0000000008004c88                OLED_GotoXY
 .text.OLED_DrawLine
                0x0000000008004cb4      0x202 Src/OLED.o
                0x0000000008004cb4                OLED_DrawLine
 *fill*         0x0000000008004eb6        0x2 
 .text.OLED_DrawPixel
                0x0000000008004eb8       0xc0 Src/OLED.o
                0x0000000008004eb8                OLED_DrawPixel
 .text.OLED1_DrawPixel
                0x0000000008004f78       0xc0 Src/OLED.o
                0x0000000008004f78                OLED1_DrawPixel
 .text.OLED_WriteChar
                0x0000000008005038      0x100 Src/OLED.o
                0x0000000008005038                OLED_WriteChar
 .text.OLED_WriteString
                0x0000000008005138       0x4c Src/OLED.o
                0x0000000008005138                OLED_WriteString
 .text.OLED_SetCursor
                0x0000000008005184       0x30 Src/OLED.o
                0x0000000008005184                OLED_SetCursor
 .text.saatAyarla
                0x00000000080051b4       0x4c Src/RTC_Ap.o
                0x00000000080051b4                saatAyarla
 .text.alarmAyarla
                0x0000000008005200       0x74 Src/RTC_Ap.o
                0x0000000008005200                alarmAyarla
 .text.takvimAyarla
                0x0000000008005274       0x84 Src/RTC_Ap.o
                0x0000000008005274                takvimAyarla
 .text.saatiAyarlama
                0x00000000080052f8       0x28 Src/RTC_Ap.o
                0x00000000080052f8                saatiAyarlama
 .text.saat_alarm_Ayarlama
                0x0000000008005320      0x27c Src/RTC_Ap.o
                0x0000000008005320                saat_alarm_Ayarlama
 .text.alarmAyarlama
                0x000000000800559c       0x28 Src/RTC_Ap.o
                0x000000000800559c                alarmAyarlama
 .text.takvimiAyarlama
                0x00000000080055c4      0x3b0 Src/RTC_Ap.o
                0x00000000080055c4                takvimiAyarlama
 .text.KeySaatiAyarlama
                0x0000000008005974       0x58 Src/RTC_Ap.o
                0x0000000008005974                KeySaatiAyarlama
 .text.KeyAlarmAyarlama
                0x00000000080059cc       0x58 Src/RTC_Ap.o
                0x00000000080059cc                KeyAlarmAyarlama
 .text.KeyTakvimiAyarlama
                0x0000000008005a24       0x60 Src/RTC_Ap.o
                0x0000000008005a24                KeyTakvimiAyarlama
 .text.kayitSorma
                0x0000000008005a84       0x6c Src/RTC_Ap.o
                0x0000000008005a84                kayitSorma
 .text.alarmRead
                0x0000000008005af0       0x24 Src/RTC_Ap.o
                0x0000000008005af0                alarmRead
 .text.alarmDurdur
                0x0000000008005b14       0x1c Src/RTC_Ap.o
                0x0000000008005b14                alarmDurdur
 .text.alarmDeneme
                0x0000000008005b30       0x68 Src/RTC_Ap.o
                0x0000000008005b30                alarmDeneme
 .text.alarmGoster
                0x0000000008005b98       0x54 Src/RTC_Ap.o
                0x0000000008005b98                alarmGoster
 .text.takvimGoster
                0x0000000008005bec      0x108 Src/RTC_Ap.o
                0x0000000008005bec                takvimGoster
 .text.takvimGeriYukleme
                0x0000000008005cf4       0x40 Src/RTC_Ap.o
                0x0000000008005cf4                takvimGeriYukleme
 .text.alarmGeriYukleme
                0x0000000008005d34       0x38 Src/RTC_Ap.o
                0x0000000008005d34                alarmGeriYukleme
 .text.servoKontrol
                0x0000000008005d6c       0xbc Src/ServoKontrol.o
                0x0000000008005d6c                servoKontrol
 .text.KeyServoKontrol
                0x0000000008005e28       0x20 Src/ServoKontrol.o
                0x0000000008005e28                KeyServoKontrol
 .text.button_Read
                0x0000000008005e48       0x6c Src/buttonPed.o
                0x0000000008005e48                button_Read
 .text.displaySelect
                0x0000000008005eb4      0x1b8 Src/displaySelection.o
                0x0000000008005eb4                displaySelect
 .text.menuExit
                0x000000000800606c       0x30 Src/displaySelection.o
                0x000000000800606c                menuExit
 .text.motor1_forth
                0x000000000800609c       0x20 Src/drv8833.o
                0x000000000800609c                motor1_forth
 .text.motor1_back
                0x00000000080060bc       0x20 Src/drv8833.o
                0x00000000080060bc                motor1_back
 .text.motor2_forth
                0x00000000080060dc       0x20 Src/drv8833.o
                0x00000000080060dc                motor2_forth
 .text.motor2_back
                0x00000000080060fc       0x20 Src/drv8833.o
                0x00000000080060fc                motor2_back
 .text.motor1_stop
                0x000000000800611c       0x20 Src/drv8833.o
                0x000000000800611c                motor1_stop
 .text.motor2_stop
                0x000000000800613c       0x20 Src/drv8833.o
                0x000000000800613c                motor2_stop
 .text.motorDriverWakeUp
                0x000000000800615c       0x18 Src/drv8833.o
                0x000000000800615c                motorDriverWakeUp
 .text.motorDriverSleep
                0x0000000008006174       0x18 Src/drv8833.o
                0x0000000008006174                motorDriverSleep
 .text.faultRead
                0x000000000800618c       0x20 Src/drv8833.o
                0x000000000800618c                faultRead
 .text.motor1Kontrol
                0x00000000080061ac       0x94 Src/drv8833.o
                0x00000000080061ac                motor1Kontrol
 .text.KeyMotor1Kontrol
                0x0000000008006240       0x20 Src/drv8833.o
                0x0000000008006240                KeyMotor1Kontrol
 .text.motor2Kontrol
                0x0000000008006260       0x94 Src/drv8833.o
                0x0000000008006260                motor2Kontrol
 .text.KeyMotor2Kontrol
                0x00000000080062f4       0x20 Src/drv8833.o
                0x00000000080062f4                KeyMotor2Kontrol
 .text.BuildMenu
                0x0000000008006314       0x5c Src/menu.o
                0x0000000008006314                BuildMenu
 .text.Next     0x0000000008006370       0x26 Src/menu.o
                0x0000000008006370                Next
 .text.Prev     0x0000000008006396       0x26 Src/menu.o
                0x0000000008006396                Prev
 .text.Up       0x00000000080063bc       0x26 Src/menu.o
                0x00000000080063bc                Up
 .text.Down     0x00000000080063e2       0x38 Src/menu.o
                0x00000000080063e2                Down
 *fill*         0x000000000800641a        0x2 
 .text.Build_Menu
                0x000000000800641c      0x28c Src/menu.o
                0x000000000800641c                Build_Menu
 .text.ekranMenu
                0x00000000080066a8      0x130 Src/menu.o
                0x00000000080066a8                ekranMenu
 .text.menuSistemi
                0x00000000080067d8       0xc4 Src/menu.o
                0x00000000080067d8                menuSistemi
 .text.amountSetting
                0x000000000800689c       0xe8 Src/petFeed_Setting.o
                0x000000000800689c                amountSetting
 .text.petFeedSetting
                0x0000000008006984       0x88 Src/petFeed_Setting.o
                0x0000000008006984                petFeedSetting
 .text.KeyPetFeedSetting
                0x0000000008006a0c       0x3c Src/petFeed_Setting.o
                0x0000000008006a0c                KeyPetFeedSetting
 .text.petRewardFeedSetting
                0x0000000008006a48       0x88 Src/petFeed_Setting.o
                0x0000000008006a48                petRewardFeedSetting
 .text.KeyRewardPetFeedSetting
                0x0000000008006ad0       0x3c Src/petFeed_Setting.o
                0x0000000008006ad0                KeyRewardPetFeedSetting
 .text.petWaterSetting
                0x0000000008006b0c       0x88 Src/petFeed_Setting.o
                0x0000000008006b0c                petWaterSetting
 .text.KeyPetWaterSetting
                0x0000000008006b94       0x3c Src/petFeed_Setting.o
                0x0000000008006b94                KeyPetWaterSetting
 .text.fault_Durum
                0x0000000008006bd0       0x40 Src/petFeeding.o
                0x0000000008006bd0                fault_Durum
 .text.sleepMode
                0x0000000008006c10       0x28 Src/petFeeding.o
                0x0000000008006c10                sleepMode
 .text.__NVIC_EnableIRQ
                0x0000000008006c38       0x38 Src/timerAp.o
 .text.InitTimer7
                0x0000000008006c70       0x58 Src/timerAp.o
                0x0000000008006c70                InitTimer7
 .text.TIM7_IRQHandler
                0x0000000008006cc8       0x38 Src/timerAp.o
                0x0000000008006cc8                TIM7_IRQHandler
 .text.__errno  0x0000000008006d00        0xc c:/st/stm32cubeide_1.0.1/stm32cubeide/plugins/com.st.stm32cube.ide.mcu.externaltools.gnu-tools-for-stm32.7-2018-q2-update.win32_1.0.0.201904181610/tools/bin/../lib/gcc/arm-none-eabi/7.3.1/../../../../arm-none-eabi/lib/thumb/v7-m\libc_nano.a(lib_a-errno.o)
                0x0000000008006d00                __errno
 .text.__libc_init_array
                0x0000000008006d0c       0x48 c:/st/stm32cubeide_1.0.1/stm32cubeide/plugins/com.st.stm32cube.ide.mcu.externaltools.gnu-tools-for-stm32.7-2018-q2-update.win32_1.0.0.201904181610/tools/bin/../lib/gcc/arm-none-eabi/7.3.1/../../../../arm-none-eabi/lib/thumb/v7-m\libc_nano.a(lib_a-init.o)
                0x0000000008006d0c                __libc_init_array
 .text.memset   0x0000000008006d54       0x10 c:/st/stm32cubeide_1.0.1/stm32cubeide/plugins/com.st.stm32cube.ide.mcu.externaltools.gnu-tools-for-stm32.7-2018-q2-update.win32_1.0.0.201904181610/tools/bin/../lib/gcc/arm-none-eabi/7.3.1/../../../../arm-none-eabi/lib/thumb/v7-m\libc_nano.a(lib_a-memset.o)
                0x0000000008006d54                memset
 .text.sprintf  0x0000000008006d64       0x40 c:/st/stm32cubeide_1.0.1/stm32cubeide/plugins/com.st.stm32cube.ide.mcu.externaltools.gnu-tools-for-stm32.7-2018-q2-update.win32_1.0.0.201904181610/tools/bin/../lib/gcc/arm-none-eabi/7.3.1/../../../../arm-none-eabi/lib/thumb/v7-m\libc_nano.a(lib_a-sprintf.o)
                0x0000000008006d64                siprintf
                0x0000000008006d64                sprintf
 .text.strcpy   0x0000000008006da4       0x10 c:/st/stm32cubeide_1.0.1/stm32cubeide/plugins/com.st.stm32cube.ide.mcu.externaltools.gnu-tools-for-stm32.7-2018-q2-update.win32_1.0.0.201904181610/tools/bin/../lib/gcc/arm-none-eabi/7.3.1/../../../../arm-none-eabi/lib/thumb/v7-m\libc_nano.a(lib_a-strcpy.o)
                0x0000000008006da4                strcpy
 .text.__ssputs_r
                0x0000000008006db4       0xb4 c:/st/stm32cubeide_1.0.1/stm32cubeide/plugins/com.st.stm32cube.ide.mcu.externaltools.gnu-tools-for-stm32.7-2018-q2-update.win32_1.0.0.201904181610/tools/bin/../lib/gcc/arm-none-eabi/7.3.1/../../../../arm-none-eabi/lib/thumb/v7-m\libc_nano.a(lib_a-nano-svfprintf.o)
                0x0000000008006db4                __ssputs_r
 .text._svfprintf_r
                0x0000000008006e68      0x1f0 c:/st/stm32cubeide_1.0.1/stm32cubeide/plugins/com.st.stm32cube.ide.mcu.externaltools.gnu-tools-for-stm32.7-2018-q2-update.win32_1.0.0.201904181610/tools/bin/../lib/gcc/arm-none-eabi/7.3.1/../../../../arm-none-eabi/lib/thumb/v7-m\libc_nano.a(lib_a-nano-svfprintf.o)
                0x0000000008006e68                _svfiprintf_r
                0x0000000008006e68                _svfprintf_r
 .text._printf_common
                0x0000000008007058       0xec c:/st/stm32cubeide_1.0.1/stm32cubeide/plugins/com.st.stm32cube.ide.mcu.externaltools.gnu-tools-for-stm32.7-2018-q2-update.win32_1.0.0.201904181610/tools/bin/../lib/gcc/arm-none-eabi/7.3.1/../../../../arm-none-eabi/lib/thumb/v7-m\libc_nano.a(lib_a-nano-vfprintf_i.o)
                0x0000000008007058                _printf_common
 .text._printf_i
                0x0000000008007144      0x224 c:/st/stm32cubeide_1.0.1/stm32cubeide/plugins/com.st.stm32cube.ide.mcu.externaltools.gnu-tools-for-stm32.7-2018-q2-update.win32_1.0.0.201904181610/tools/bin/../lib/gcc/arm-none-eabi/7.3.1/../../../../arm-none-eabi/lib/thumb/v7-m\libc_nano.a(lib_a-nano-vfprintf_i.o)
                0x0000000008007144                _printf_i
 .text.memchr   0x0000000008007368       0x1c c:/st/stm32cubeide_1.0.1/stm32cubeide/plugins/com.st.stm32cube.ide.mcu.externaltools.gnu-tools-for-stm32.7-2018-q2-update.win32_1.0.0.201904181610/tools/bin/../lib/gcc/arm-none-eabi/7.3.1/../../../../arm-none-eabi/lib/thumb/v7-m\libc_nano.a(lib_a-memchr-stub.o)
                0x0000000008007368                memchr
 .text.memcpy   0x0000000008007384       0x16 c:/st/stm32cubeide_1.0.1/stm32cubeide/plugins/com.st.stm32cube.ide.mcu.externaltools.gnu-tools-for-stm32.7-2018-q2-update.win32_1.0.0.201904181610/tools/bin/../lib/gcc/arm-none-eabi/7.3.1/../../../../arm-none-eabi/lib/thumb/v7-m\libc_nano.a(lib_a-memcpy-stub.o)
                0x0000000008007384                memcpy
 .text.memmove  0x000000000800739a       0x32 c:/st/stm32cubeide_1.0.1/stm32cubeide/plugins/com.st.stm32cube.ide.mcu.externaltools.gnu-tools-for-stm32.7-2018-q2-update.win32_1.0.0.201904181610/tools/bin/../lib/gcc/arm-none-eabi/7.3.1/../../../../arm-none-eabi/lib/thumb/v7-m\libc_nano.a(lib_a-memmove.o)
                0x000000000800739a                memmove
 .text._free_r  0x00000000080073cc       0x98 c:/st/stm32cubeide_1.0.1/stm32cubeide/plugins/com.st.stm32cube.ide.mcu.externaltools.gnu-tools-for-stm32.7-2018-q2-update.win32_1.0.0.201904181610/tools/bin/../lib/gcc/arm-none-eabi/7.3.1/../../../../arm-none-eabi/lib/thumb/v7-m\libc_nano.a(lib_a-nano-freer.o)
                0x00000000080073cc                _free_r
 .text._malloc_r
                0x0000000008007464       0xb4 c:/st/stm32cubeide_1.0.1/stm32cubeide/plugins/com.st.stm32cube.ide.mcu.externaltools.gnu-tools-for-stm32.7-2018-q2-update.win32_1.0.0.201904181610/tools/bin/../lib/gcc/arm-none-eabi/7.3.1/../../../../arm-none-eabi/lib/thumb/v7-m\libc_nano.a(lib_a-nano-mallocr.o)
                0x0000000008007464                _malloc_r
 .text._realloc_r
                0x0000000008007518       0x4c c:/st/stm32cubeide_1.0.1/stm32cubeide/plugins/com.st.stm32cube.ide.mcu.externaltools.gnu-tools-for-stm32.7-2018-q2-update.win32_1.0.0.201904181610/tools/bin/../lib/gcc/arm-none-eabi/7.3.1/../../../../arm-none-eabi/lib/thumb/v7-m\libc_nano.a(lib_a-nano-reallocr.o)
                0x0000000008007518                _realloc_r
 .text._sbrk_r  0x0000000008007564       0x20 c:/st/stm32cubeide_1.0.1/stm32cubeide/plugins/com.st.stm32cube.ide.mcu.externaltools.gnu-tools-for-stm32.7-2018-q2-update.win32_1.0.0.201904181610/tools/bin/../lib/gcc/arm-none-eabi/7.3.1/../../../../arm-none-eabi/lib/thumb/v7-m\libc_nano.a(lib_a-sbrkr.o)
                0x0000000008007564                _sbrk_r
 .text.__malloc_lock
                0x0000000008007584        0x2 c:/st/stm32cubeide_1.0.1/stm32cubeide/plugins/com.st.stm32cube.ide.mcu.externaltools.gnu-tools-for-stm32.7-2018-q2-update.win32_1.0.0.201904181610/tools/bin/../lib/gcc/arm-none-eabi/7.3.1/../../../../arm-none-eabi/lib/thumb/v7-m\libc_nano.a(lib_a-mlock.o)
                0x0000000008007584                __malloc_lock
 .text.__malloc_unlock
                0x0000000008007586        0x2 c:/st/stm32cubeide_1.0.1/stm32cubeide/plugins/com.st.stm32cube.ide.mcu.externaltools.gnu-tools-for-stm32.7-2018-q2-update.win32_1.0.0.201904181610/tools/bin/../lib/gcc/arm-none-eabi/7.3.1/../../../../arm-none-eabi/lib/thumb/v7-m\libc_nano.a(lib_a-mlock.o)
                0x0000000008007586                __malloc_unlock
 .text._malloc_usable_size_r
                0x0000000008007588       0x10 c:/st/stm32cubeide_1.0.1/stm32cubeide/plugins/com.st.stm32cube.ide.mcu.externaltools.gnu-tools-for-stm32.7-2018-q2-update.win32_1.0.0.201904181610/tools/bin/../lib/gcc/arm-none-eabi/7.3.1/../../../../arm-none-eabi/lib/thumb/v7-m\libc_nano.a(lib_a-nano-msizer.o)
                0x0000000008007588                _malloc_usable_size_r
 *(.glue_7)
 .glue_7        0x0000000008007598        0x0 linker stubs
 *(.glue_7t)
 .glue_7t       0x0000000008007598        0x0 linker stubs
 *(.eh_frame)
 .eh_frame      0x0000000008007598        0x0 c:/st/stm32cubeide_1.0.1/stm32cubeide/plugins/com.st.stm32cube.ide.mcu.externaltools.gnu-tools-for-stm32.7-2018-q2-update.win32_1.0.0.201904181610/tools/bin/../lib/gcc/arm-none-eabi/7.3.1/thumb/v7-m/crtbegin.o
 *(.init)
 .init          0x0000000008007598        0x4 c:/st/stm32cubeide_1.0.1/stm32cubeide/plugins/com.st.stm32cube.ide.mcu.externaltools.gnu-tools-for-stm32.7-2018-q2-update.win32_1.0.0.201904181610/tools/bin/../lib/gcc/arm-none-eabi/7.3.1/thumb/v7-m/crti.o
                0x0000000008007598                _init
 .init          0x000000000800759c        0x8 c:/st/stm32cubeide_1.0.1/stm32cubeide/plugins/com.st.stm32cube.ide.mcu.externaltools.gnu-tools-for-stm32.7-2018-q2-update.win32_1.0.0.201904181610/tools/bin/../lib/gcc/arm-none-eabi/7.3.1/thumb/v7-m/crtn.o
 *(.fini)
 .fini          0x00000000080075a4        0x4 c:/st/stm32cubeide_1.0.1/stm32cubeide/plugins/com.st.stm32cube.ide.mcu.externaltools.gnu-tools-for-stm32.7-2018-q2-update.win32_1.0.0.201904181610/tools/bin/../lib/gcc/arm-none-eabi/7.3.1/thumb/v7-m/crti.o
                0x00000000080075a4                _fini
 .fini          0x00000000080075a8        0x8 c:/st/stm32cubeide_1.0.1/stm32cubeide/plugins/com.st.stm32cube.ide.mcu.externaltools.gnu-tools-for-stm32.7-2018-q2-update.win32_1.0.0.201904181610/tools/bin/../lib/gcc/arm-none-eabi/7.3.1/thumb/v7-m/crtn.o
                0x00000000080075b0                . = ALIGN (0x4)
                0x00000000080075b0                _etext = .

.vfp11_veneer   0x00000000080075b0        0x0
 .vfp11_veneer  0x00000000080075b0        0x0 linker stubs

.v4_bx          0x00000000080075b0        0x0
 .v4_bx         0x00000000080075b0        0x0 linker stubs

.iplt           0x00000000080075b0        0x0
 .iplt          0x00000000080075b0        0x0 c:/st/stm32cubeide_1.0.1/stm32cubeide/plugins/com.st.stm32cube.ide.mcu.externaltools.gnu-tools-for-stm32.7-2018-q2-update.win32_1.0.0.201904181610/tools/bin/../lib/gcc/arm-none-eabi/7.3.1/thumb/v7-m/crtbegin.o

.rodata         0x00000000080075b0     0x1d90
                0x00000000080075b0                . = ALIGN (0x4)
 *(.rodata)
 .rodata        0x00000000080075b0        0x8 Core/Src/main.o
 .rodata        0x00000000080075b8       0x20 Drivers/STM32F1xx_HAL_Driver/Src/stm32f1xx_hal_rcc.o
 .rodata        0x00000000080075d8       0xc4 Src/RTC_Ap.o
 .rodata        0x000000000800769c       0x39 Src/ServoKontrol.o
 *fill*         0x00000000080076d5        0x3 
 .rodata        0x00000000080076d8       0x5e Src/drv8833.o
 *fill*         0x0000000008007736        0x2 
 .rodata        0x0000000008007738       0x3c Src/petFeed_Setting.o
 *(.rodata*)
 .rodata.AHBPrescTable
                0x0000000008007774       0x10 Core/Src/system_stm32f1xx.o
                0x0000000008007774                AHBPrescTable
 .rodata.APBPrescTable
                0x0000000008007784        0x8 Core/Src/system_stm32f1xx.o
                0x0000000008007784                APBPrescTable
 .rodata.Font7x10
                0x000000000800778c      0x76c Src/fonts.o
 .rodata.Font11x18
                0x0000000008007ef8      0xd5c Src/fonts.o
 .rodata.Font16x26
                0x0000000008008c54      0x5b0 Src/fonts.o
 .rodata.Font16x6
                0x0000000008009204      0x108 Src/fonts.o
 .rodata._svfprintf_r.str1.1
                0x000000000800930c       0x11 c:/st/stm32cubeide_1.0.1/stm32cubeide/plugins/com.st.stm32cube.ide.mcu.externaltools.gnu-tools-for-stm32.7-2018-q2-update.win32_1.0.0.201904181610/tools/bin/../lib/gcc/arm-none-eabi/7.3.1/../../../../arm-none-eabi/lib/thumb/v7-m\libc_nano.a(lib_a-nano-svfprintf.o)
 .rodata._printf_i.str1.1
                0x000000000800931d       0x22 c:/st/stm32cubeide_1.0.1/stm32cubeide/plugins/com.st.stm32cube.ide.mcu.externaltools.gnu-tools-for-stm32.7-2018-q2-update.win32_1.0.0.201904181610/tools/bin/../lib/gcc/arm-none-eabi/7.3.1/../../../../arm-none-eabi/lib/thumb/v7-m\libc_nano.a(lib_a-nano-vfprintf_i.o)
                0x0000000008009340                . = ALIGN (0x4)
 *fill*         0x000000000800933f        0x1 

.rel.dyn        0x0000000008009340        0x0
 .rel.iplt      0x0000000008009340        0x0 c:/st/stm32cubeide_1.0.1/stm32cubeide/plugins/com.st.stm32cube.ide.mcu.externaltools.gnu-tools-for-stm32.7-2018-q2-update.win32_1.0.0.201904181610/tools/bin/../lib/gcc/arm-none-eabi/7.3.1/thumb/v7-m/crtbegin.o

.ARM.extab      0x0000000008009340        0x0
                0x0000000008009340                . = ALIGN (0x4)
 *(.ARM.extab* .gnu.linkonce.armextab.*)
                0x0000000008009340                . = ALIGN (0x4)

.ARM            0x0000000008009340        0x0
                0x0000000008009340                . = ALIGN (0x4)
                0x0000000008009340                __exidx_start = .
 *(.ARM.exidx*)
                0x0000000008009340                __exidx_end = .
                0x0000000008009340                . = ALIGN (0x4)

.preinit_array  0x0000000008009340        0x0
                0x0000000008009340                . = ALIGN (0x4)
                0x0000000008009340                PROVIDE (__preinit_array_start = .)
 *(.preinit_array*)
                0x0000000008009340                PROVIDE (__preinit_array_end = .)
                0x0000000008009340                . = ALIGN (0x4)

.init_array     0x0000000008009340        0x4
                0x0000000008009340                . = ALIGN (0x4)
                0x0000000008009340                PROVIDE (__init_array_start = .)
 *(SORT_BY_NAME(.init_array.*))
 *(.init_array*)
 .init_array    0x0000000008009340        0x4 c:/st/stm32cubeide_1.0.1/stm32cubeide/plugins/com.st.stm32cube.ide.mcu.externaltools.gnu-tools-for-stm32.7-2018-q2-update.win32_1.0.0.201904181610/tools/bin/../lib/gcc/arm-none-eabi/7.3.1/thumb/v7-m/crtbegin.o
                0x0000000008009344                PROVIDE (__init_array_end = .)
                0x0000000008009344                . = ALIGN (0x4)

.fini_array     0x0000000008009344        0x4
                0x0000000008009344                . = ALIGN (0x4)
                [!provide]                        PROVIDE (__fini_array_start = .)
 *(SORT_BY_NAME(.fini_array.*))
 *(.fini_array*)
 .fini_array    0x0000000008009344        0x4 c:/st/stm32cubeide_1.0.1/stm32cubeide/plugins/com.st.stm32cube.ide.mcu.externaltools.gnu-tools-for-stm32.7-2018-q2-update.win32_1.0.0.201904181610/tools/bin/../lib/gcc/arm-none-eabi/7.3.1/thumb/v7-m/crtbegin.o
                [!provide]                        PROVIDE (__fini_array_end = .)
                0x0000000008009348                . = ALIGN (0x4)
                0x0000000008009348                _sidata = LOADADDR (.data)

.data           0x0000000020000000      0x1c0 load address 0x0000000008009348
                0x0000000020000000                . = ALIGN (0x4)
                0x0000000020000000                _sdata = .
 *(.data)
 *(.data*)
 .data.SystemCoreClock
                0x0000000020000000        0x4 Core/Src/system_stm32f1xx.o
                0x0000000020000000                SystemCoreClock
 .data.uwTickPrio
                0x0000000020000004        0x4 Drivers/STM32F1xx_HAL_Driver/Src/stm32f1xx_hal.o
                0x0000000020000004                uwTickPrio
 .data.uwTickFreq
                0x0000000020000008        0x1 Drivers/STM32F1xx_HAL_Driver/Src/stm32f1xx_hal.o
                0x0000000020000008                uwTickFreq
 *fill*         0x0000000020000009        0x3 
 .data.Font_7x10
                0x000000002000000c        0x8 Src/fonts.o
                0x000000002000000c                Font_7x10
 .data.Font_11x18
                0x0000000020000014        0x8 Src/fonts.o
                0x0000000020000014                Font_11x18
 .data.Font_16x26
                0x000000002000001c        0x8 Src/fonts.o
                0x000000002000001c                Font_16x26
 .data.Font_16x6
                0x0000000020000024        0x8 Src/fonts.o
                0x0000000020000024                Font_16x6
 .data.anaMenu  0x000000002000002c       0x4b Src/menu.o
                0x000000002000002c                anaMenu
 *fill*         0x0000000020000077        0x1 
 .data.ayarlarMenu
                0x0000000020000078       0x4b Src/menu.o
                0x0000000020000078                ayarlarMenu
 *fill*         0x00000000200000c3        0x1 
 .data.beslemeMenu
                0x00000000200000c4       0x4b Src/menu.o
                0x00000000200000c4                beslemeMenu
 *fill*         0x000000002000010f        0x1 
 .data.kontrollerMenu
                0x0000000020000110       0x4b Src/menu.o
                0x0000000020000110                kontrollerMenu
 *fill*         0x000000002000015b        0x1 
 .data._impure_ptr
                0x000000002000015c        0x4 c:/st/stm32cubeide_1.0.1/stm32cubeide/plugins/com.st.stm32cube.ide.mcu.externaltools.gnu-tools-for-stm32.7-2018-q2-update.win32_1.0.0.201904181610/tools/bin/../lib/gcc/arm-none-eabi/7.3.1/../../../../arm-none-eabi/lib/thumb/v7-m\libc_nano.a(lib_a-impure.o)
                0x000000002000015c                _impure_ptr
 .data.impure_data
                0x0000000020000160       0x60 c:/st/stm32cubeide_1.0.1/stm32cubeide/plugins/com.st.stm32cube.ide.mcu.externaltools.gnu-tools-for-stm32.7-2018-q2-update.win32_1.0.0.201904181610/tools/bin/../lib/gcc/arm-none-eabi/7.3.1/../../../../arm-none-eabi/lib/thumb/v7-m\libc_nano.a(lib_a-impure.o)
                0x00000000200001c0                . = ALIGN (0x4)
                0x00000000200001c0                _edata = .

.igot.plt       0x00000000200001c0        0x0 load address 0x0000000008009508
 .igot.plt      0x00000000200001c0        0x0 c:/st/stm32cubeide_1.0.1/stm32cubeide/plugins/com.st.stm32cube.ide.mcu.externaltools.gnu-tools-for-stm32.7-2018-q2-update.win32_1.0.0.201904181610/tools/bin/../lib/gcc/arm-none-eabi/7.3.1/thumb/v7-m/crtbegin.o
                0x00000000200001c0                . = ALIGN (0x4)

.bss            0x00000000200001c0      0x898 load address 0x0000000008009508
                0x00000000200001c0                _sbss = .
                0x00000000200001c0                __bss_start__ = _sbss
 *(.bss)
 .bss           0x00000000200001c0       0x1c c:/st/stm32cubeide_1.0.1/stm32cubeide/plugins/com.st.stm32cube.ide.mcu.externaltools.gnu-tools-for-stm32.7-2018-q2-update.win32_1.0.0.201904181610/tools/bin/../lib/gcc/arm-none-eabi/7.3.1/thumb/v7-m/crtbegin.o
 *(.bss*)
 .bss.heap_end.5149
                0x00000000200001dc        0x4 Core/Src/sysmem.o
 .bss.OLED      0x00000000200001e0        0x6 Src/OLED.o
 *fill*         0x00000000200001e6        0x2 
 .bss.OLED_Buffer
                0x00000000200001e8      0x400 Src/OLED.o
 .bss.__malloc_free_list
                0x00000000200005e8        0x4 c:/st/stm32cubeide_1.0.1/stm32cubeide/plugins/com.st.stm32cube.ide.mcu.externaltools.gnu-tools-for-stm32.7-2018-q2-update.win32_1.0.0.201904181610/tools/bin/../lib/gcc/arm-none-eabi/7.3.1/../../../../arm-none-eabi/lib/thumb/v7-m\libc_nano.a(lib_a-nano-mallocr.o)
                0x00000000200005e8                __malloc_free_list
 .bss.__malloc_sbrk_start
                0x00000000200005ec        0x4 c:/st/stm32cubeide_1.0.1/stm32cubeide/plugins/com.st.stm32cube.ide.mcu.externaltools.gnu-tools-for-stm32.7-2018-q2-update.win32_1.0.0.201904181610/tools/bin/../lib/gcc/arm-none-eabi/7.3.1/../../../../arm-none-eabi/lib/thumb/v7-m\libc_nano.a(lib_a-nano-mallocr.o)
                0x00000000200005ec                __malloc_sbrk_start
 *(COMMON)
 COMMON         0x00000000200005f0      0x460 Core/Src/main.o
                0x00000000200005f0                menu12M
                0x000000002000060c                rewardFeed_amount
                0x000000002000060e                faultDurum
                0x0000000020000610                water_amount
                0x0000000020000612                suSayaci
                0x0000000020000614                on1M
                0x0000000020000630                ledlerMenu
                0x000000002000067c                menu13M
                0x0000000020000698                hi2c1
                0x00000000200006ec                htim15
                0x000000002000072c                off3M
                0x0000000020000748                displayDurum
                0x000000002000074c                exitM
                0x0000000020000768                saatM
                0x0000000020000784                menu1Menu
                0x00000000200007d0                currentM
                0x00000000200007d4                menu11M
                0x00000000200007f0                ayarlarM
                0x000000002000080c                on3M
                0x0000000020000828                takvimAryNo
                0x0000000020000829                durumFlash
                0x000000002000082a                durum
                0x000000002000082c                hadc1
                0x000000002000085c                deger
                0x0000000020000868                off2M
                0x0000000020000884                takvimM
                0x00000000200008a0                led1M
                0x00000000200008bc                led3M
                0x00000000200008d8                hdma_adc1
                0x000000002000091c                feed_amount
                0x0000000020000920                SaatAry
                0x0000000020000924                hrtc
                0x0000000020000938                acKapaMenu
                0x0000000020000984                off1M
                0x00000000200009a0                alarmM
                0x00000000200009bc                takvimAry
                0x00000000200009c0                ayarlaPtr
                0x00000000200009c4                sleepDurum
                0x00000000200009c8                menu1M
                0x00000000200009e4                ledlerM
                0x0000000020000a00                displayClean
                0x0000000020000a04                led2M
                0x0000000020000a20                kayitOnayDurum
                0x0000000020000a21                Key
                0x0000000020000a22                displaySelectKey
                0x0000000020000a24                amountPtr
                0x0000000020000a28                menuPtr
                0x0000000020000a2c                SaatAryNo
                0x0000000020000a2e                servoDeger
                0x0000000020000a30                uykuSayacDurum
                0x0000000020000a34                on2M
 COMMON         0x0000000020000a50        0x4 Drivers/STM32F1xx_HAL_Driver/Src/stm32f1xx_hal.o
                0x0000000020000a50                uwTick
 COMMON         0x0000000020000a54        0x4 c:/st/stm32cubeide_1.0.1/stm32cubeide/plugins/com.st.stm32cube.ide.mcu.externaltools.gnu-tools-for-stm32.7-2018-q2-update.win32_1.0.0.201904181610/tools/bin/../lib/gcc/arm-none-eabi/7.3.1/../../../../arm-none-eabi/lib/thumb/v7-m\libc_nano.a(lib_a-reent.o)
                0x0000000020000a54                errno
                0x0000000020000a58                . = ALIGN (0x4)
                0x0000000020000a58                _ebss = .
                0x0000000020000a58                __bss_end__ = _ebss

._user_heap_stack
                0x0000000020000a58      0x600 load address 0x0000000008009508
                0x0000000020000a58                . = ALIGN (0x8)
                0x0000000020000a58                PROVIDE (end = .)
                [!provide]                        PROVIDE (_end = .)
                0x0000000020000c58                . = (. + _Min_Heap_Size)
 *fill*         0x0000000020000a58      0x200 
                0x0000000020001058                . = (. + _Min_Stack_Size)
 *fill*         0x0000000020000c58      0x400 
                0x0000000020001058                . = ALIGN (0x8)

/DISCARD/
 libc.a(*)
 libm.a(*)
 libgcc.a(*)

.ARM.attributes
                0x0000000000000000       0x29
 *(.ARM.attributes)
 .ARM.attributes
                0x0000000000000000       0x1d c:/st/stm32cubeide_1.0.1/stm32cubeide/plugins/com.st.stm32cube.ide.mcu.externaltools.gnu-tools-for-stm32.7-2018-q2-update.win32_1.0.0.201904181610/tools/bin/../lib/gcc/arm-none-eabi/7.3.1/thumb/v7-m/crti.o
 .ARM.attributes
                0x000000000000001d       0x2d c:/st/stm32cubeide_1.0.1/stm32cubeide/plugins/com.st.stm32cube.ide.mcu.externaltools.gnu-tools-for-stm32.7-2018-q2-update.win32_1.0.0.201904181610/tools/bin/../lib/gcc/arm-none-eabi/7.3.1/thumb/v7-m/crtbegin.o
 .ARM.attributes
                0x000000000000004a       0x33 Core/Src/main.o
 .ARM.attributes
                0x000000000000007d       0x33 Core/Src/stm32f1xx_hal_msp.o
 .ARM.attributes
                0x00000000000000b0       0x33 Core/Src/stm32f1xx_it.o
 .ARM.attributes
                0x00000000000000e3       0x33 Core/Src/sysmem.o
 .ARM.attributes
                0x0000000000000116       0x33 Core/Src/system_stm32f1xx.o
 .ARM.attributes
                0x0000000000000149       0x21 Core/Startup/startup_stm32f100c8tx.o
 .ARM.attributes
                0x000000000000016a       0x33 Drivers/STM32F1xx_HAL_Driver/Src/stm32f1xx_hal.o
 .ARM.attributes
                0x000000000000019d       0x33 Drivers/STM32F1xx_HAL_Driver/Src/stm32f1xx_hal_adc.o
 .ARM.attributes
                0x00000000000001d0       0x33 Drivers/STM32F1xx_HAL_Driver/Src/stm32f1xx_hal_cortex.o
 .ARM.attributes
                0x0000000000000203       0x33 Drivers/STM32F1xx_HAL_Driver/Src/stm32f1xx_hal_dma.o
 .ARM.attributes
                0x0000000000000236       0x33 Drivers/STM32F1xx_HAL_Driver/Src/stm32f1xx_hal_gpio.o
 .ARM.attributes
                0x0000000000000269       0x33 Drivers/STM32F1xx_HAL_Driver/Src/stm32f1xx_hal_i2c.o
 .ARM.attributes
                0x000000000000029c       0x33 Drivers/STM32F1xx_HAL_Driver/Src/stm32f1xx_hal_pwr.o
 .ARM.attributes
                0x00000000000002cf       0x33 Drivers/STM32F1xx_HAL_Driver/Src/stm32f1xx_hal_rcc.o
 .ARM.attributes
                0x0000000000000302       0x33 Drivers/STM32F1xx_HAL_Driver/Src/stm32f1xx_hal_rcc_ex.o
 .ARM.attributes
                0x0000000000000335       0x33 Drivers/STM32F1xx_HAL_Driver/Src/stm32f1xx_hal_rtc.o
 .ARM.attributes
                0x0000000000000368       0x33 Drivers/STM32F1xx_HAL_Driver/Src/stm32f1xx_hal_tim.o
 .ARM.attributes
                0x000000000000039b       0x33 Drivers/STM32F1xx_HAL_Driver/Src/stm32f1xx_hal_tim_ex.o
 .ARM.attributes
                0x00000000000003ce       0x33 Src/ADC_Ap.o
 .ARM.attributes
                0x0000000000000401       0x33 Src/OLED.o
 .ARM.attributes
                0x0000000000000434       0x33 Src/RTC_Ap.o
 .ARM.attributes
                0x0000000000000467       0x33 Src/ServoKontrol.o
 .ARM.attributes
                0x000000000000049a       0x33 Src/buttonPed.o
 .ARM.attributes
                0x00000000000004cd       0x33 Src/displaySelection.o
 .ARM.attributes
                0x0000000000000500       0x33 Src/drv8833.o
 .ARM.attributes
                0x0000000000000533       0x33 Src/fonts.o
 .ARM.attributes
                0x0000000000000566       0x33 Src/menu.o
 .ARM.attributes
                0x0000000000000599       0x33 Src/petFeed_Setting.o
 .ARM.attributes
                0x00000000000005cc       0x33 Src/petFeeding.o
 .ARM.attributes
                0x00000000000005ff       0x33 Src/timerAp.o
 .ARM.attributes
                0x0000000000000632       0x2d c:/st/stm32cubeide_1.0.1/stm32cubeide/plugins/com.st.stm32cube.ide.mcu.externaltools.gnu-tools-for-stm32.7-2018-q2-update.win32_1.0.0.201904181610/tools/bin/../lib/gcc/arm-none-eabi/7.3.1/../../../../arm-none-eabi/lib/thumb/v7-m\libc_nano.a(lib_a-errno.o)
 .ARM.attributes
                0x000000000000065f       0x2d c:/st/stm32cubeide_1.0.1/stm32cubeide/plugins/com.st.stm32cube.ide.mcu.externaltools.gnu-tools-for-stm32.7-2018-q2-update.win32_1.0.0.201904181610/tools/bin/../lib/gcc/arm-none-eabi/7.3.1/../../../../arm-none-eabi/lib/thumb/v7-m\libc_nano.a(lib_a-impure.o)
 .ARM.attributes
                0x000000000000068c       0x2d c:/st/stm32cubeide_1.0.1/stm32cubeide/plugins/com.st.stm32cube.ide.mcu.externaltools.gnu-tools-for-stm32.7-2018-q2-update.win32_1.0.0.201904181610/tools/bin/../lib/gcc/arm-none-eabi/7.3.1/../../../../arm-none-eabi/lib/thumb/v7-m\libc_nano.a(lib_a-init.o)
 .ARM.attributes
                0x00000000000006b9       0x2d c:/st/stm32cubeide_1.0.1/stm32cubeide/plugins/com.st.stm32cube.ide.mcu.externaltools.gnu-tools-for-stm32.7-2018-q2-update.win32_1.0.0.201904181610/tools/bin/../lib/gcc/arm-none-eabi/7.3.1/../../../../arm-none-eabi/lib/thumb/v7-m\libc_nano.a(lib_a-memset.o)
 .ARM.attributes
                0x00000000000006e6       0x2d c:/st/stm32cubeide_1.0.1/stm32cubeide/plugins/com.st.stm32cube.ide.mcu.externaltools.gnu-tools-for-stm32.7-2018-q2-update.win32_1.0.0.201904181610/tools/bin/../lib/gcc/arm-none-eabi/7.3.1/../../../../arm-none-eabi/lib/thumb/v7-m\libc_nano.a(lib_a-sprintf.o)
 .ARM.attributes
                0x0000000000000713       0x2d c:/st/stm32cubeide_1.0.1/stm32cubeide/plugins/com.st.stm32cube.ide.mcu.externaltools.gnu-tools-for-stm32.7-2018-q2-update.win32_1.0.0.201904181610/tools/bin/../lib/gcc/arm-none-eabi/7.3.1/../../../../arm-none-eabi/lib/thumb/v7-m\libc_nano.a(lib_a-strcpy.o)
 .ARM.attributes
                0x0000000000000740       0x2d c:/st/stm32cubeide_1.0.1/stm32cubeide/plugins/com.st.stm32cube.ide.mcu.externaltools.gnu-tools-for-stm32.7-2018-q2-update.win32_1.0.0.201904181610/tools/bin/../lib/gcc/arm-none-eabi/7.3.1/../../../../arm-none-eabi/lib/thumb/v7-m\libc_nano.a(lib_a-nano-svfprintf.o)
 .ARM.attributes
                0x000000000000076d       0x2d c:/st/stm32cubeide_1.0.1/stm32cubeide/plugins/com.st.stm32cube.ide.mcu.externaltools.gnu-tools-for-stm32.7-2018-q2-update.win32_1.0.0.201904181610/tools/bin/../lib/gcc/arm-none-eabi/7.3.1/../../../../arm-none-eabi/lib/thumb/v7-m\libc_nano.a(lib_a-nano-vfprintf_i.o)
 .ARM.attributes
                0x000000000000079a       0x2d c:/st/stm32cubeide_1.0.1/stm32cubeide/plugins/com.st.stm32cube.ide.mcu.externaltools.gnu-tools-for-stm32.7-2018-q2-update.win32_1.0.0.201904181610/tools/bin/../lib/gcc/arm-none-eabi/7.3.1/../../../../arm-none-eabi/lib/thumb/v7-m\libc_nano.a(lib_a-memchr-stub.o)
 .ARM.attributes
                0x00000000000007c7       0x2d c:/st/stm32cubeide_1.0.1/stm32cubeide/plugins/com.st.stm32cube.ide.mcu.externaltools.gnu-tools-for-stm32.7-2018-q2-update.win32_1.0.0.201904181610/tools/bin/../lib/gcc/arm-none-eabi/7.3.1/../../../../arm-none-eabi/lib/thumb/v7-m\libc_nano.a(lib_a-memcpy-stub.o)
 .ARM.attributes
                0x00000000000007f4       0x2d c:/st/stm32cubeide_1.0.1/stm32cubeide/plugins/com.st.stm32cube.ide.mcu.externaltools.gnu-tools-for-stm32.7-2018-q2-update.win32_1.0.0.201904181610/tools/bin/../lib/gcc/arm-none-eabi/7.3.1/../../../../arm-none-eabi/lib/thumb/v7-m\libc_nano.a(lib_a-memmove.o)
 .ARM.attributes
                0x0000000000000821       0x2d c:/st/stm32cubeide_1.0.1/stm32cubeide/plugins/com.st.stm32cube.ide.mcu.externaltools.gnu-tools-for-stm32.7-2018-q2-update.win32_1.0.0.201904181610/tools/bin/../lib/gcc/arm-none-eabi/7.3.1/../../../../arm-none-eabi/lib/thumb/v7-m\libc_nano.a(lib_a-nano-freer.o)
 .ARM.attributes
                0x000000000000084e       0x2d c:/st/stm32cubeide_1.0.1/stm32cubeide/plugins/com.st.stm32cube.ide.mcu.externaltools.gnu-tools-for-stm32.7-2018-q2-update.win32_1.0.0.201904181610/tools/bin/../lib/gcc/arm-none-eabi/7.3.1/../../../../arm-none-eabi/lib/thumb/v7-m\libc_nano.a(lib_a-nano-mallocr.o)
 .ARM.attributes
                0x000000000000087b       0x2d c:/st/stm32cubeide_1.0.1/stm32cubeide/plugins/com.st.stm32cube.ide.mcu.externaltools.gnu-tools-for-stm32.7-2018-q2-update.win32_1.0.0.201904181610/tools/bin/../lib/gcc/arm-none-eabi/7.3.1/../../../../arm-none-eabi/lib/thumb/v7-m\libc_nano.a(lib_a-nano-reallocr.o)
 .ARM.attributes
                0x00000000000008a8       0x2d c:/st/stm32cubeide_1.0.1/stm32cubeide/plugins/com.st.stm32cube.ide.mcu.externaltools.gnu-tools-for-stm32.7-2018-q2-update.win32_1.0.0.201904181610/tools/bin/../lib/gcc/arm-none-eabi/7.3.1/../../../../arm-none-eabi/lib/thumb/v7-m\libc_nano.a(lib_a-sbrkr.o)
 .ARM.attributes
                0x00000000000008d5       0x2d c:/st/stm32cubeide_1.0.1/stm32cubeide/plugins/com.st.stm32cube.ide.mcu.externaltools.gnu-tools-for-stm32.7-2018-q2-update.win32_1.0.0.201904181610/tools/bin/../lib/gcc/arm-none-eabi/7.3.1/../../../../arm-none-eabi/lib/thumb/v7-m\libc_nano.a(lib_a-mlock.o)
 .ARM.attributes
                0x0000000000000902       0x2d c:/st/stm32cubeide_1.0.1/stm32cubeide/plugins/com.st.stm32cube.ide.mcu.externaltools.gnu-tools-for-stm32.7-2018-q2-update.win32_1.0.0.201904181610/tools/bin/../lib/gcc/arm-none-eabi/7.3.1/../../../../arm-none-eabi/lib/thumb/v7-m\libc_nano.a(lib_a-nano-msizer.o)
 .ARM.attributes
                0x000000000000092f       0x2d c:/st/stm32cubeide_1.0.1/stm32cubeide/plugins/com.st.stm32cube.ide.mcu.externaltools.gnu-tools-for-stm32.7-2018-q2-update.win32_1.0.0.201904181610/tools/bin/../lib/gcc/arm-none-eabi/7.3.1/../../../../arm-none-eabi/lib/thumb/v7-m\libc_nano.a(lib_a-reent.o)
 .ARM.attributes
                0x000000000000095c       0x1d c:/st/stm32cubeide_1.0.1/stm32cubeide/plugins/com.st.stm32cube.ide.mcu.externaltools.gnu-tools-for-stm32.7-2018-q2-update.win32_1.0.0.201904181610/tools/bin/../lib/gcc/arm-none-eabi/7.3.1/thumb/v7-m/crtn.o
OUTPUT(STM32F100C8_PetFeedingUnit.elf elf32-littlearm)

.debug_info     0x0000000000000000    0x1c3e9
 .debug_info    0x0000000000000000     0x2145 Core/Src/main.o
 .debug_info    0x0000000000002145     0x10d4 Core/Src/stm32f1xx_hal_msp.o
 .debug_info    0x0000000000003219      0x452 Core/Src/stm32f1xx_it.o
 .debug_info    0x000000000000366b      0x91c Core/Src/sysmem.o
 .debug_info    0x0000000000003f87      0x442 Core/Src/system_stm32f1xx.o
 .debug_info    0x00000000000043c9       0x22 Core/Startup/startup_stm32f100c8tx.o
 .debug_info    0x00000000000043eb      0x680 Drivers/STM32F1xx_HAL_Driver/Src/stm32f1xx_hal.o
 .debug_info    0x0000000000004a6b      0xc61 Drivers/STM32F1xx_HAL_Driver/Src/stm32f1xx_hal_adc.o
 .debug_info    0x00000000000056cc      0xb3a Drivers/STM32F1xx_HAL_Driver/Src/stm32f1xx_hal_cortex.o
 .debug_info    0x0000000000006206      0x7a6 Drivers/STM32F1xx_HAL_Driver/Src/stm32f1xx_hal_dma.o
 .debug_info    0x00000000000069ac      0x69b Drivers/STM32F1xx_HAL_Driver/Src/stm32f1xx_hal_gpio.o
 .debug_info    0x0000000000007047     0x2457 Drivers/STM32F1xx_HAL_Driver/Src/stm32f1xx_hal_i2c.o
 .debug_info    0x000000000000949e      0x6f1 Drivers/STM32F1xx_HAL_Driver/Src/stm32f1xx_hal_pwr.o
 .debug_info    0x0000000000009b8f      0x781 Drivers/STM32F1xx_HAL_Driver/Src/stm32f1xx_hal_rcc.o
 .debug_info    0x000000000000a310      0x3e6 Drivers/STM32F1xx_HAL_Driver/Src/stm32f1xx_hal_rcc_ex.o
 .debug_info    0x000000000000a6f6      0xd24 Drivers/STM32F1xx_HAL_Driver/Src/stm32f1xx_hal_rtc.o
 .debug_info    0x000000000000b41a     0x2456 Drivers/STM32F1xx_HAL_Driver/Src/stm32f1xx_hal_tim.o
 .debug_info    0x000000000000d870     0x1104 Drivers/STM32F1xx_HAL_Driver/Src/stm32f1xx_hal_tim_ex.o
 .debug_info    0x000000000000e974     0x15ae Src/ADC_Ap.o
 .debug_info    0x000000000000ff22     0x1b0c Src/OLED.o
 .debug_info    0x0000000000011a2e     0x1a1a Src/RTC_Ap.o
 .debug_info    0x0000000000013448     0x15c1 Src/ServoKontrol.o
 .debug_info    0x0000000000014a09      0xb31 Src/buttonPed.o
 .debug_info    0x000000000001553a     0x13a9 Src/displaySelection.o
 .debug_info    0x00000000000168e3     0x1482 Src/drv8833.o
 .debug_info    0x0000000000017d65      0x2b2 Src/fonts.o
 .debug_info    0x0000000000018017     0x1553 Src/menu.o
 .debug_info    0x000000000001956a     0x1491 Src/petFeed_Setting.o
 .debug_info    0x000000000001a9fb     0x13ef Src/petFeeding.o
 .debug_info    0x000000000001bdea      0x5ff Src/timerAp.o

.debug_abbrev   0x0000000000000000     0x3968
 .debug_abbrev  0x0000000000000000      0x2ad Core/Src/main.o
 .debug_abbrev  0x00000000000002ad      0x1ef Core/Src/stm32f1xx_hal_msp.o
 .debug_abbrev  0x000000000000049c      0x149 Core/Src/stm32f1xx_it.o
 .debug_abbrev  0x00000000000005e5      0x1bb Core/Src/sysmem.o
 .debug_abbrev  0x00000000000007a0      0x13a Core/Src/system_stm32f1xx.o
 .debug_abbrev  0x00000000000008da       0x12 Core/Startup/startup_stm32f100c8tx.o
 .debug_abbrev  0x00000000000008ec      0x203 Drivers/STM32F1xx_HAL_Driver/Src/stm32f1xx_hal.o
 .debug_abbrev  0x0000000000000aef      0x1d5 Drivers/STM32F1xx_HAL_Driver/Src/stm32f1xx_hal_adc.o
 .debug_abbrev  0x0000000000000cc4      0x2d5 Drivers/STM32F1xx_HAL_Driver/Src/stm32f1xx_hal_cortex.o
 .debug_abbrev  0x0000000000000f99      0x1fe Drivers/STM32F1xx_HAL_Driver/Src/stm32f1xx_hal_dma.o
 .debug_abbrev  0x0000000000001197      0x1c0 Drivers/STM32F1xx_HAL_Driver/Src/stm32f1xx_hal_gpio.o
 .debug_abbrev  0x0000000000001357      0x258 Drivers/STM32F1xx_HAL_Driver/Src/stm32f1xx_hal_i2c.o
 .debug_abbrev  0x00000000000015af      0x1f2 Drivers/STM32F1xx_HAL_Driver/Src/stm32f1xx_hal_pwr.o
 .debug_abbrev  0x00000000000017a1      0x243 Drivers/STM32F1xx_HAL_Driver/Src/stm32f1xx_hal_rcc.o
 .debug_abbrev  0x00000000000019e4      0x175 Drivers/STM32F1xx_HAL_Driver/Src/stm32f1xx_hal_rcc_ex.o
 .debug_abbrev  0x0000000000001b59      0x20a Drivers/STM32F1xx_HAL_Driver/Src/stm32f1xx_hal_rtc.o
 .debug_abbrev  0x0000000000001d63      0x230 Drivers/STM32F1xx_HAL_Driver/Src/stm32f1xx_hal_tim.o
 .debug_abbrev  0x0000000000001f93      0x21e Drivers/STM32F1xx_HAL_Driver/Src/stm32f1xx_hal_tim_ex.o
 .debug_abbrev  0x00000000000021b1      0x1e9 Src/ADC_Ap.o
 .debug_abbrev  0x000000000000239a      0x2ec Src/OLED.o
 .debug_abbrev  0x0000000000002686      0x2cf Src/RTC_Ap.o
 .debug_abbrev  0x0000000000002955      0x1e9 Src/ServoKontrol.o
 .debug_abbrev  0x0000000000002b3e      0x1ed Src/buttonPed.o
 .debug_abbrev  0x0000000000002d2b      0x1d8 Src/displaySelection.o
 .debug_abbrev  0x0000000000002f03      0x1fb Src/drv8833.o
 .debug_abbrev  0x00000000000030fe       0xeb Src/fonts.o
 .debug_abbrev  0x00000000000031e9      0x26b Src/menu.o
 .debug_abbrev  0x0000000000003454      0x1e9 Src/petFeed_Setting.o
 .debug_abbrev  0x000000000000363d      0x1cb Src/petFeeding.o
 .debug_abbrev  0x0000000000003808      0x160 Src/timerAp.o

.debug_aranges  0x0000000000000000     0x1318
 .debug_aranges
                0x0000000000000000       0x60 Core/Src/main.o
 .debug_aranges
                0x0000000000000060       0x68 Core/Src/stm32f1xx_hal_msp.o
 .debug_aranges
                0x00000000000000c8       0x70 Core/Src/stm32f1xx_it.o
 .debug_aranges
                0x0000000000000138       0x20 Core/Src/sysmem.o
 .debug_aranges
                0x0000000000000158       0x28 Core/Src/system_stm32f1xx.o
 .debug_aranges
                0x0000000000000180       0x28 Core/Startup/startup_stm32f100c8tx.o
 .debug_aranges
                0x00000000000001a8       0xe0 Drivers/STM32F1xx_HAL_Driver/Src/stm32f1xx_hal.o
 .debug_aranges
                0x0000000000000288       0xf0 Drivers/STM32F1xx_HAL_Driver/Src/stm32f1xx_hal_adc.o
 .debug_aranges
                0x0000000000000378      0x100 Drivers/STM32F1xx_HAL_Driver/Src/stm32f1xx_hal_cortex.o
 .debug_aranges
                0x0000000000000478       0x80 Drivers/STM32F1xx_HAL_Driver/Src/stm32f1xx_hal_dma.o
 .debug_aranges
                0x00000000000004f8       0x58 Drivers/STM32F1xx_HAL_Driver/Src/stm32f1xx_hal_gpio.o
 .debug_aranges
                0x0000000000000550      0x290 Drivers/STM32F1xx_HAL_Driver/Src/stm32f1xx_hal_i2c.o
 .debug_aranges
                0x00000000000007e0       0xa8 Drivers/STM32F1xx_HAL_Driver/Src/stm32f1xx_hal_pwr.o
 .debug_aranges
                0x0000000000000888       0x90 Drivers/STM32F1xx_HAL_Driver/Src/stm32f1xx_hal_rcc.o
 .debug_aranges
                0x0000000000000918       0x30 Drivers/STM32F1xx_HAL_Driver/Src/stm32f1xx_hal_rcc_ex.o
 .debug_aranges
                0x0000000000000948       0xf8 Drivers/STM32F1xx_HAL_Driver/Src/stm32f1xx_hal_rtc.o
 .debug_aranges
                0x0000000000000a40      0x3a8 Drivers/STM32F1xx_HAL_Driver/Src/stm32f1xx_hal_tim.o
 .debug_aranges
                0x0000000000000de8      0x150 Drivers/STM32F1xx_HAL_Driver/Src/stm32f1xx_hal_tim_ex.o
 .debug_aranges
                0x0000000000000f38       0x30 Src/ADC_Ap.o
 .debug_aranges
                0x0000000000000f68       0xb8 Src/OLED.o
 .debug_aranges
                0x0000000000001020       0xb0 Src/RTC_Ap.o
 .debug_aranges
                0x00000000000010d0       0x28 Src/ServoKontrol.o
 .debug_aranges
                0x00000000000010f8       0x28 Src/buttonPed.o
 .debug_aranges
                0x0000000000001120       0x28 Src/displaySelection.o
 .debug_aranges
                0x0000000000001148       0x80 Src/drv8833.o
 .debug_aranges
                0x00000000000011c8       0x18 Src/fonts.o
 .debug_aranges
                0x00000000000011e0       0x88 Src/menu.o
 .debug_aranges
                0x0000000000001268       0x50 Src/petFeed_Setting.o
 .debug_aranges
                0x00000000000012b8       0x30 Src/petFeeding.o
 .debug_aranges
                0x00000000000012e8       0x30 Src/timerAp.o

.debug_ranges   0x0000000000000000     0x1158
 .debug_ranges  0x0000000000000000       0x50 Core/Src/main.o
 .debug_ranges  0x0000000000000050       0x58 Core/Src/stm32f1xx_hal_msp.o
 .debug_ranges  0x00000000000000a8       0x60 Core/Src/stm32f1xx_it.o
 .debug_ranges  0x0000000000000108       0x10 Core/Src/sysmem.o
 .debug_ranges  0x0000000000000118       0x18 Core/Src/system_stm32f1xx.o
 .debug_ranges  0x0000000000000130       0x20 Core/Startup/startup_stm32f100c8tx.o
 .debug_ranges  0x0000000000000150       0xd0 Drivers/STM32F1xx_HAL_Driver/Src/stm32f1xx_hal.o
 .debug_ranges  0x0000000000000220       0xe0 Drivers/STM32F1xx_HAL_Driver/Src/stm32f1xx_hal_adc.o
 .debug_ranges  0x0000000000000300       0xf0 Drivers/STM32F1xx_HAL_Driver/Src/stm32f1xx_hal_cortex.o
 .debug_ranges  0x00000000000003f0       0x70 Drivers/STM32F1xx_HAL_Driver/Src/stm32f1xx_hal_dma.o
 .debug_ranges  0x0000000000000460       0x48 Drivers/STM32F1xx_HAL_Driver/Src/stm32f1xx_hal_gpio.o
 .debug_ranges  0x00000000000004a8      0x2a0 Drivers/STM32F1xx_HAL_Driver/Src/stm32f1xx_hal_i2c.o
 .debug_ranges  0x0000000000000748       0x98 Drivers/STM32F1xx_HAL_Driver/Src/stm32f1xx_hal_pwr.o
 .debug_ranges  0x00000000000007e0       0x80 Drivers/STM32F1xx_HAL_Driver/Src/stm32f1xx_hal_rcc.o
 .debug_ranges  0x0000000000000860       0x20 Drivers/STM32F1xx_HAL_Driver/Src/stm32f1xx_hal_rcc_ex.o
 .debug_ranges  0x0000000000000880       0xe8 Drivers/STM32F1xx_HAL_Driver/Src/stm32f1xx_hal_rtc.o
 .debug_ranges  0x0000000000000968      0x398 Drivers/STM32F1xx_HAL_Driver/Src/stm32f1xx_hal_tim.o
 .debug_ranges  0x0000000000000d00      0x140 Drivers/STM32F1xx_HAL_Driver/Src/stm32f1xx_hal_tim_ex.o
 .debug_ranges  0x0000000000000e40       0x20 Src/ADC_Ap.o
 .debug_ranges  0x0000000000000e60       0xa8 Src/OLED.o
 .debug_ranges  0x0000000000000f08       0xa0 Src/RTC_Ap.o
 .debug_ranges  0x0000000000000fa8       0x18 Src/ServoKontrol.o
 .debug_ranges  0x0000000000000fc0       0x18 Src/buttonPed.o
 .debug_ranges  0x0000000000000fd8       0x18 Src/displaySelection.o
 .debug_ranges  0x0000000000000ff0       0x70 Src/drv8833.o
 .debug_ranges  0x0000000000001060       0x78 Src/menu.o
 .debug_ranges  0x00000000000010d8       0x40 Src/petFeed_Setting.o
 .debug_ranges  0x0000000000001118       0x20 Src/petFeeding.o
 .debug_ranges  0x0000000000001138       0x20 Src/timerAp.o

.debug_macro    0x0000000000000000    0x11ea1
 .debug_macro   0x0000000000000000      0x3ee Core/Src/main.o
 .debug_macro   0x00000000000003ee      0xa5a Core/Src/main.o
 .debug_macro   0x0000000000000e48      0x22d Core/Src/main.o
 .debug_macro   0x0000000000001075       0x2e Core/Src/main.o
 .debug_macro   0x00000000000010a3       0x22 Core/Src/main.o
 .debug_macro   0x00000000000010c5       0x22 Core/Src/main.o
 .debug_macro   0x00000000000010e7       0x8e Core/Src/main.o
 .debug_macro   0x0000000000001175       0x51 Core/Src/main.o
 .debug_macro   0x00000000000011c6       0xef Core/Src/main.o
 .debug_macro   0x00000000000012b5       0x6a Core/Src/main.o
 .debug_macro   0x000000000000131f      0x1df Core/Src/main.o
 .debug_macro   0x00000000000014fe       0x1c Core/Src/main.o
 .debug_macro   0x000000000000151a       0x22 Core/Src/main.o
 .debug_macro   0x000000000000153c       0xc3 Core/Src/main.o
 .debug_macro   0x00000000000015ff      0xd23 Core/Src/main.o
 .debug_macro   0x0000000000002322     0x75c9 Core/Src/main.o
 .debug_macro   0x00000000000098eb       0x43 Core/Src/main.o
 .debug_macro   0x000000000000992e      0x174 Core/Src/main.o
 .debug_macro   0x0000000000009aa2       0x5a Core/Src/main.o
 .debug_macro   0x0000000000009afc      0x5be Core/Src/main.o
 .debug_macro   0x000000000000a0ba      0x369 Core/Src/main.o
 .debug_macro   0x000000000000a423      0x1cb Core/Src/main.o
 .debug_macro   0x000000000000a5ee      0x114 Core/Src/main.o
 .debug_macro   0x000000000000a702      0x1f1 Core/Src/main.o
 .debug_macro   0x000000000000a8f3       0x27 Core/Src/main.o
 .debug_macro   0x000000000000a91a      0x130 Core/Src/main.o
 .debug_macro   0x000000000000aa4a      0x1bc Core/Src/main.o
 .debug_macro   0x000000000000ac06       0x34 Core/Src/main.o
 .debug_macro   0x000000000000ac3a       0x3c Core/Src/main.o
 .debug_macro   0x000000000000ac76       0x57 Core/Src/main.o
 .debug_macro   0x000000000000accd      0x46a Core/Src/main.o
 .debug_macro   0x000000000000b137      0x15a Core/Src/main.o
 .debug_macro   0x000000000000b291       0x6c Core/Src/main.o
 .debug_macro   0x000000000000b2fd      0x241 Core/Src/main.o
 .debug_macro   0x000000000000b53e      0x280 Core/Src/main.o
 .debug_macro   0x000000000000b7be      0x141 Core/Src/main.o
 .debug_macro   0x000000000000b8ff      0x1ef Core/Src/main.o
 .debug_macro   0x000000000000baee       0xec Core/Src/main.o
 .debug_macro   0x000000000000bbda      0x88b Core/Src/main.o
 .debug_macro   0x000000000000c465       0x9f Core/Src/main.o
 .debug_macro   0x000000000000c504       0xbe Core/Src/main.o
 .debug_macro   0x000000000000c5c2       0x1c Core/Src/main.o
 .debug_macro   0x000000000000c5de       0x46 Core/Src/main.o
 .debug_macro   0x000000000000c624       0x18 Core/Src/main.o
 .debug_macro   0x000000000000c63c       0x3c Core/Src/main.o
 .debug_macro   0x000000000000c678       0x34 Core/Src/main.o
 .debug_macro   0x000000000000c6ac       0x52 Core/Src/main.o
 .debug_macro   0x000000000000c6fe       0x1f Core/Src/main.o
 .debug_macro   0x000000000000c71d       0x43 Core/Src/main.o
 .debug_macro   0x000000000000c760       0x20 Core/Src/main.o
 .debug_macro   0x000000000000c780      0x1a3 Core/Src/main.o
 .debug_macro   0x000000000000c923      0x32a Core/Src/main.o
 .debug_macro   0x000000000000cc4d       0x10 Core/Src/main.o
 .debug_macro   0x000000000000cc5d       0x35 Core/Src/main.o
 .debug_macro   0x000000000000cc92       0x20 Core/Src/main.o
 .debug_macro   0x000000000000ccb2       0x22 Core/Src/main.o
 .debug_macro   0x000000000000ccd4       0x1c Core/Src/main.o
 .debug_macro   0x000000000000ccf0       0x10 Core/Src/main.o
 .debug_macro   0x000000000000cd00       0x10 Core/Src/main.o
 .debug_macro   0x000000000000cd10       0x1c Core/Src/main.o
 .debug_macro   0x000000000000cd2c       0x52 Core/Src/main.o
 .debug_macro   0x000000000000cd7e       0x40 Core/Src/main.o
 .debug_macro   0x000000000000cdbe       0x10 Core/Src/main.o
 .debug_macro   0x000000000000cdce       0x40 Core/Src/main.o
 .debug_macro   0x000000000000ce0e       0xd7 Core/Src/main.o
 .debug_macro   0x000000000000cee5       0x1c Core/Src/main.o
 .debug_macro   0x000000000000cf01       0x3d Core/Src/main.o
 .debug_macro   0x000000000000cf3e       0x16 Core/Src/main.o
 .debug_macro   0x000000000000cf54      0x145 Core/Src/main.o
 .debug_macro   0x000000000000d099       0x76 Core/Src/main.o
 .debug_macro   0x000000000000d10f       0x1c Core/Src/main.o
 .debug_macro   0x000000000000d12b      0x1d0 Core/Src/stm32f1xx_hal_msp.o
 .debug_macro   0x000000000000d2fb      0x1da Core/Src/stm32f1xx_it.o
 .debug_macro   0x000000000000d4d5      0x1ae Core/Src/sysmem.o
 .debug_macro   0x000000000000d683      0x23b Core/Src/sysmem.o
 .debug_macro   0x000000000000d8be       0x16 Core/Src/sysmem.o
 .debug_macro   0x000000000000d8d4      0x1c7 Core/Src/system_stm32f1xx.o
 .debug_macro   0x000000000000da9b      0x1e5 Drivers/STM32F1xx_HAL_Driver/Src/stm32f1xx_hal.o
 .debug_macro   0x000000000000dc80      0x1de Drivers/STM32F1xx_HAL_Driver/Src/stm32f1xx_hal_adc.o
 .debug_macro   0x000000000000de5e      0x1c1 Drivers/STM32F1xx_HAL_Driver/Src/stm32f1xx_hal_cortex.o
 .debug_macro   0x000000000000e01f      0x1c1 Drivers/STM32F1xx_HAL_Driver/Src/stm32f1xx_hal_dma.o
 .debug_macro   0x000000000000e1e0      0x22c Drivers/STM32F1xx_HAL_Driver/Src/stm32f1xx_hal_gpio.o
 .debug_macro   0x000000000000e40c      0x201 Drivers/STM32F1xx_HAL_Driver/Src/stm32f1xx_hal_i2c.o
 .debug_macro   0x000000000000e60d      0x221 Drivers/STM32F1xx_HAL_Driver/Src/stm32f1xx_hal_pwr.o
 .debug_macro   0x000000000000e82e      0x1d3 Drivers/STM32F1xx_HAL_Driver/Src/stm32f1xx_hal_rcc.o
 .debug_macro   0x000000000000ea01      0x1c1 Drivers/STM32F1xx_HAL_Driver/Src/stm32f1xx_hal_rcc_ex.o
 .debug_macro   0x000000000000ebc2      0x1d0 Drivers/STM32F1xx_HAL_Driver/Src/stm32f1xx_hal_rtc.o
 .debug_macro   0x000000000000ed92      0x1c2 Drivers/STM32F1xx_HAL_Driver/Src/stm32f1xx_hal_tim.o
 .debug_macro   0x000000000000ef54      0x1c1 Drivers/STM32F1xx_HAL_Driver/Src/stm32f1xx_hal_tim_ex.o
 .debug_macro   0x000000000000f115      0x3e8 Src/ADC_Ap.o
 .debug_macro   0x000000000000f4fd       0xc4 Src/ADC_Ap.o
 .debug_macro   0x000000000000f5c1      0x3ee Src/OLED.o
 .debug_macro   0x000000000000f9af      0x3e8 Src/RTC_Ap.o
 .debug_macro   0x000000000000fd97      0x3e8 Src/ServoKontrol.o
 .debug_macro   0x000000000001017f      0x332 Src/buttonPed.o
 .debug_macro   0x00000000000104b1       0x97 Src/buttonPed.o
 .debug_macro   0x0000000000010548       0xfd Src/buttonPed.o
 .debug_macro   0x0000000000010645       0xbd Src/buttonPed.o
 .debug_macro   0x0000000000010702       0x54 Src/buttonPed.o
 .debug_macro   0x0000000000010756      0x3e8 Src/displaySelection.o
 .debug_macro   0x0000000000010b3e      0x3e8 Src/drv8833.o
 .debug_macro   0x0000000000010f26      0x1cb Src/fonts.o
 .debug_macro   0x00000000000110f1      0x3e8 Src/menu.o
 .debug_macro   0x00000000000114d9      0x3e8 Src/petFeed_Setting.o
 .debug_macro   0x00000000000118c1      0x3e8 Src/petFeeding.o
 .debug_macro   0x0000000000011ca9      0x1e2 Src/timerAp.o
 .debug_macro   0x0000000000011e8b       0x16 Src/timerAp.o

.debug_line     0x0000000000000000    0x13274
 .debug_line    0x0000000000000000      0xb09 Core/Src/main.o
 .debug_line    0x0000000000000b09      0x767 Core/Src/stm32f1xx_hal_msp.o
 .debug_line    0x0000000000001270      0x760 Core/Src/stm32f1xx_it.o
 .debug_line    0x00000000000019d0      0x55e Core/Src/sysmem.o
 .debug_line    0x0000000000001f2e      0x6c2 Core/Src/system_stm32f1xx.o
 .debug_line    0x00000000000025f0       0x84 Core/Startup/startup_stm32f100c8tx.o
 .debug_line    0x0000000000002674      0x86f Drivers/STM32F1xx_HAL_Driver/Src/stm32f1xx_hal.o
 .debug_line    0x0000000000002ee3      0xb3f Drivers/STM32F1xx_HAL_Driver/Src/stm32f1xx_hal_adc.o
 .debug_line    0x0000000000003a22      0x949 Drivers/STM32F1xx_HAL_Driver/Src/stm32f1xx_hal_cortex.o
 .debug_line    0x000000000000436b      0xad7 Drivers/STM32F1xx_HAL_Driver/Src/stm32f1xx_hal_dma.o
 .debug_line    0x0000000000004e42      0x870 Drivers/STM32F1xx_HAL_Driver/Src/stm32f1xx_hal_gpio.o
 .debug_line    0x00000000000056b2     0x1b33 Drivers/STM32F1xx_HAL_Driver/Src/stm32f1xx_hal_i2c.o
 .debug_line    0x00000000000071e5      0x815 Drivers/STM32F1xx_HAL_Driver/Src/stm32f1xx_hal_pwr.o
 .debug_line    0x00000000000079fa      0x92b Drivers/STM32F1xx_HAL_Driver/Src/stm32f1xx_hal_rcc.o
 .debug_line    0x0000000000008325      0x72c Drivers/STM32F1xx_HAL_Driver/Src/stm32f1xx_hal_rcc_ex.o
 .debug_line    0x0000000000008a51      0xb1d Drivers/STM32F1xx_HAL_Driver/Src/stm32f1xx_hal_rtc.o
 .debug_line    0x000000000000956e     0x19af Drivers/STM32F1xx_HAL_Driver/Src/stm32f1xx_hal_tim.o
 .debug_line    0x000000000000af1d      0xc83 Drivers/STM32F1xx_HAL_Driver/Src/stm32f1xx_hal_tim_ex.o
 .debug_line    0x000000000000bba0      0x9c0 Src/ADC_Ap.o
 .debug_line    0x000000000000c560      0xd5d Src/OLED.o
 .debug_line    0x000000000000d2bd      0xbfa Src/RTC_Ap.o
 .debug_line    0x000000000000deb7      0x9b8 Src/ServoKontrol.o
 .debug_line    0x000000000000e86f      0x8c8 Src/buttonPed.o
 .debug_line    0x000000000000f137      0xa0b Src/displaySelection.o
 .debug_line    0x000000000000fb42      0xa9c Src/drv8833.o
 .debug_line    0x00000000000105de      0x6b0 Src/fonts.o
 .debug_line    0x0000000000010c8e      0xabc Src/menu.o
 .debug_line    0x000000000001174a      0xa4d Src/petFeed_Setting.o
 .debug_line    0x0000000000012197      0x9cf Src/petFeeding.o
 .debug_line    0x0000000000012b66      0x70e Src/timerAp.o

.debug_str      0x0000000000000000    0x595c9
 .debug_str     0x0000000000000000    0x54e64 Core/Src/main.o
                                      0x552ef (size before relaxing)
 .debug_str     0x0000000000054e64      0x10f Core/Src/stm32f1xx_hal_msp.o
                                      0x50695 (size before relaxing)
 .debug_str     0x0000000000054f73       0xeb Core/Src/stm32f1xx_it.o
                                      0x4ff03 (size before relaxing)
 .debug_str     0x000000000005505e      0x4d1 Core/Src/sysmem.o
                                       0x7acf (size before relaxing)
 .debug_str     0x000000000005552f       0xd0 Core/Src/system_stm32f1xx.o
                                      0x4fa47 (size before relaxing)
 .debug_str     0x00000000000555ff       0x36 Core/Startup/startup_stm32f100c8tx.o
                                         0x74 (size before relaxing)
 .debug_str     0x0000000000055635      0x3a1 Drivers/STM32F1xx_HAL_Driver/Src/stm32f1xx_hal.o
                                      0x5000e (size before relaxing)
 .debug_str     0x00000000000559d6      0x357 Drivers/STM32F1xx_HAL_Driver/Src/stm32f1xx_hal_adc.o
                                      0x5004f (size before relaxing)
 .debug_str     0x0000000000055d2d      0x2c8 Drivers/STM32F1xx_HAL_Driver/Src/stm32f1xx_hal_cortex.o
                                      0x50035 (size before relaxing)
 .debug_str     0x0000000000055ff5      0x23f Drivers/STM32F1xx_HAL_Driver/Src/stm32f1xx_hal_dma.o
                                      0x4fd9a (size before relaxing)
 .debug_str     0x0000000000056234      0x31f Drivers/STM32F1xx_HAL_Driver/Src/stm32f1xx_hal_gpio.o
                                      0x4fd89 (size before relaxing)
 .debug_str     0x0000000000056553      0xb67 Drivers/STM32F1xx_HAL_Driver/Src/stm32f1xx_hal_i2c.o
                                      0x509af (size before relaxing)
 .debug_str     0x00000000000570ba      0x519 Drivers/STM32F1xx_HAL_Driver/Src/stm32f1xx_hal_pwr.o
                                      0x4ff28 (size before relaxing)
 .debug_str     0x00000000000575d3      0x24c Drivers/STM32F1xx_HAL_Driver/Src/stm32f1xx_hal_rcc.o
                                      0x4fda3 (size before relaxing)
 .debug_str     0x000000000005781f       0xb1 Drivers/STM32F1xx_HAL_Driver/Src/stm32f1xx_hal_rcc_ex.o
                                      0x4fb0b (size before relaxing)
 .debug_str     0x00000000000578d0      0x36b Drivers/STM32F1xx_HAL_Driver/Src/stm32f1xx_hal_rtc.o
                                      0x4fecf (size before relaxing)
 .debug_str     0x0000000000057c3b      0xd14 Drivers/STM32F1xx_HAL_Driver/Src/stm32f1xx_hal_tim.o
                                      0x50b87 (size before relaxing)
 .debug_str     0x000000000005894f      0x49b Drivers/STM32F1xx_HAL_Driver/Src/stm32f1xx_hal_tim_ex.o
                                      0x50387 (size before relaxing)