OLED.c:16:6:OLED_WriteCommand	32	static
OLED.c:24:6:OLED_UpdateScreen	40	static
OLED.c:64:9:OLED_Init	8	static
OLED.c:118:6:OLED_Fill	16	static
OLED.c:123:6:OLED1_Fill	24	static
OLED.c:136:6:OLED_ToggleInvert	16	static
OLED.c:148:6:OLED_GotoXY	16	static
OLED.c:154:6:OLED_DrawLine	40	static
OLED.c:238:6:OLED_DrawRectangle	32	static
OLED.c:263:6:OLED_DrawFilledRectangle	40	static
OLED.c:290:6:OLED_DrawTriangle	32	static
OLED.c:298:6:OLED_DrawFilledTriangle	64	static
OLED.c:354:6:OLED_DrawCircle	40	static
OLED.c:388:6:OLED_DrawFilledCircle	48	static
OLED.c:430:6:OLED_DrawPixel	16	static
OLED.c:453:6:OLED1_DrawPixel	16	static
OLED.c:484:6:OLED_WriteChar	48	static
OLED.c:523:6:OLED_WriteString	24	static
OLED.c:545:6:OLED_SetCursor	16	static
OLED.c:551:6:OLED1_DrawCircle	32	static
