RTC_Ap.c:9:6:saatAyarla	16	static
RTC_Ap.c:29:6:alarmAyarla	16	static
RTC_Ap.c:50:6:takvimAyarla	16	static
RTC_Ap.c:70:6:saatiAyarlama	16	static
RTC_Ap.c:76:6:saat_alarm_Ayarlama	40	static
RTC_Ap.c:175:6:alarmAyarlama	16	static
RTC_Ap.c:181:6:takvimiAyarlama	40	static
RTC_Ap.c:329:6:KeySaatiAyarlama	16	static
RTC_Ap.c:345:6:KeyAlarmAyarlama	16	static
RTC_Ap.c:362:6:KeyTakvimiAyarlama	16	static
RTC_Ap.c:381:6:kayitSorma	16	static
RTC_Ap.c:395:6:alarmRead	4	static
RTC_Ap.c:400:6:alarmDurdur	4	static
RTC_Ap.c:405:6:alarmDeneme	16	static
RTC_Ap.c:427:6:alarmGoster	40	static
RTC_Ap.c:443:6:saatGoster	40	static
RTC_Ap.c:461:6:takvimGoster	96	static
RTC_Ap.c:495:6:takvimGeriYukleme	8	static
RTC_Ap.c:504:6:alarmGeriYukleme	8	static
